Archive member included to satisfy reference by file (symbol)

D:/Programs/STMicroelectronics/STM32CubeCLT_1.16.0/GNU-tools-for-STM32/bin/../lib/gcc/arm-none-eabi/12.3.1/../../../../arm-none-eabi/lib/thumb/v7e-m+fp/hard\libc_nano.a(libc_a-exit.o)
                              D:/Programs/STMicroelectronics/STM32CubeCLT_1.16.0/GNU-tools-for-STM32/bin/../lib/gcc/arm-none-eabi/12.3.1/../../../../arm-none-eabi/lib/thumb/v7e-m+fp/hard/crt0.o (exit)
D:/Programs/STMicroelectronics/STM32CubeCLT_1.16.0/GNU-tools-for-STM32/bin/../lib/gcc/arm-none-eabi/12.3.1/../../../../arm-none-eabi/lib/thumb/v7e-m+fp/hard\libc_nano.a(libc_a-findfp.o)
                              D:/Programs/STMicroelectronics/STM32CubeCLT_1.16.0/GNU-tools-for-STM32/bin/../lib/gcc/arm-none-eabi/12.3.1/../../../../arm-none-eabi/lib/thumb/v7e-m+fp/hard\libc_nano.a(libc_a-exit.o) (__stdio_exit_handler)
D:/Programs/STMicroelectronics/STM32CubeCLT_1.16.0/GNU-tools-for-STM32/bin/../lib/gcc/arm-none-eabi/12.3.1/../../../../arm-none-eabi/lib/thumb/v7e-m+fp/hard\libc_nano.a(libc_a-fwalk.o)
                              D:/Programs/STMicroelectronics/STM32CubeCLT_1.16.0/GNU-tools-for-STM32/bin/../lib/gcc/arm-none-eabi/12.3.1/../../../../arm-none-eabi/lib/thumb/v7e-m+fp/hard\libc_nano.a(libc_a-findfp.o) (_fwalk_sglue)
D:/Programs/STMicroelectronics/STM32CubeCLT_1.16.0/GNU-tools-for-STM32/bin/../lib/gcc/arm-none-eabi/12.3.1/../../../../arm-none-eabi/lib/thumb/v7e-m+fp/hard\libc_nano.a(libc_a-stdio.o)
                              D:/Programs/STMicroelectronics/STM32CubeCLT_1.16.0/GNU-tools-for-STM32/bin/../lib/gcc/arm-none-eabi/12.3.1/../../../../arm-none-eabi/lib/thumb/v7e-m+fp/hard\libc_nano.a(libc_a-findfp.o) (__sread)
D:/Programs/STMicroelectronics/STM32CubeCLT_1.16.0/GNU-tools-for-STM32/bin/../lib/gcc/arm-none-eabi/12.3.1/../../../../arm-none-eabi/lib/thumb/v7e-m+fp/hard\libc_nano.a(libc_a-memset.o)
                              D:/Programs/STMicroelectronics/STM32CubeCLT_1.16.0/GNU-tools-for-STM32/bin/../lib/gcc/arm-none-eabi/12.3.1/../../../../arm-none-eabi/lib/thumb/v7e-m+fp/hard/crt0.o (memset)
D:/Programs/STMicroelectronics/STM32CubeCLT_1.16.0/GNU-tools-for-STM32/bin/../lib/gcc/arm-none-eabi/12.3.1/../../../../arm-none-eabi/lib/thumb/v7e-m+fp/hard\libc_nano.a(libc_a-closer.o)
                              D:/Programs/STMicroelectronics/STM32CubeCLT_1.16.0/GNU-tools-for-STM32/bin/../lib/gcc/arm-none-eabi/12.3.1/../../../../arm-none-eabi/lib/thumb/v7e-m+fp/hard\libc_nano.a(libc_a-stdio.o) (_close_r)
D:/Programs/STMicroelectronics/STM32CubeCLT_1.16.0/GNU-tools-for-STM32/bin/../lib/gcc/arm-none-eabi/12.3.1/../../../../arm-none-eabi/lib/thumb/v7e-m+fp/hard\libc_nano.a(libc_a-reent.o)
                              D:/Programs/STMicroelectronics/STM32CubeCLT_1.16.0/GNU-tools-for-STM32/bin/../lib/gcc/arm-none-eabi/12.3.1/../../../../arm-none-eabi/lib/thumb/v7e-m+fp/hard\libc_nano.a(libc_a-closer.o) (errno)
D:/Programs/STMicroelectronics/STM32CubeCLT_1.16.0/GNU-tools-for-STM32/bin/../lib/gcc/arm-none-eabi/12.3.1/../../../../arm-none-eabi/lib/thumb/v7e-m+fp/hard\libc_nano.a(libc_a-impure.o)
                              D:/Programs/STMicroelectronics/STM32CubeCLT_1.16.0/GNU-tools-for-STM32/bin/../lib/gcc/arm-none-eabi/12.3.1/../../../../arm-none-eabi/lib/thumb/v7e-m+fp/hard\libc_nano.a(libc_a-reent.o) (_impure_ptr)
D:/Programs/STMicroelectronics/STM32CubeCLT_1.16.0/GNU-tools-for-STM32/bin/../lib/gcc/arm-none-eabi/12.3.1/../../../../arm-none-eabi/lib/thumb/v7e-m+fp/hard\libc_nano.a(libc_a-lseekr.o)
                              D:/Programs/STMicroelectronics/STM32CubeCLT_1.16.0/GNU-tools-for-STM32/bin/../lib/gcc/arm-none-eabi/12.3.1/../../../../arm-none-eabi/lib/thumb/v7e-m+fp/hard\libc_nano.a(libc_a-stdio.o) (_lseek_r)
D:/Programs/STMicroelectronics/STM32CubeCLT_1.16.0/GNU-tools-for-STM32/bin/../lib/gcc/arm-none-eabi/12.3.1/../../../../arm-none-eabi/lib/thumb/v7e-m+fp/hard\libc_nano.a(libc_a-readr.o)
                              D:/Programs/STMicroelectronics/STM32CubeCLT_1.16.0/GNU-tools-for-STM32/bin/../lib/gcc/arm-none-eabi/12.3.1/../../../../arm-none-eabi/lib/thumb/v7e-m+fp/hard\libc_nano.a(libc_a-stdio.o) (_read_r)
D:/Programs/STMicroelectronics/STM32CubeCLT_1.16.0/GNU-tools-for-STM32/bin/../lib/gcc/arm-none-eabi/12.3.1/../../../../arm-none-eabi/lib/thumb/v7e-m+fp/hard\libc_nano.a(libc_a-writer.o)
                              D:/Programs/STMicroelectronics/STM32CubeCLT_1.16.0/GNU-tools-for-STM32/bin/../lib/gcc/arm-none-eabi/12.3.1/../../../../arm-none-eabi/lib/thumb/v7e-m+fp/hard\libc_nano.a(libc_a-stdio.o) (_write_r)
D:/Programs/STMicroelectronics/STM32CubeCLT_1.16.0/GNU-tools-for-STM32/bin/../lib/gcc/arm-none-eabi/12.3.1/../../../../arm-none-eabi/lib/thumb/v7e-m+fp/hard\libc_nano.a(libc_a-init.o)
                              D:/Programs/STMicroelectronics/STM32CubeCLT_1.16.0/GNU-tools-for-STM32/bin/../lib/gcc/arm-none-eabi/12.3.1/../../../../arm-none-eabi/lib/thumb/v7e-m+fp/hard/crt0.o (__libc_init_array)
[...]
Memory Configuration

Name             Origin             Length             Attributes
RAM              0x20000000         0x00010000         xrw
CCMRAM           0x10000000         0x00004000         xrw
FLASH            0x08000000         0x00080000         xr
*default*        0x00000000         0xffffffff

Linker script and memory map

LOAD D:/Programs/STMicroelectronics/STM32CubeCLT_1.16.0/GNU-tools-for-STM32/bin/../lib/gcc/arm-none-eabi/12.3.1/thumb/v7e-m+fp/hard/crti.o
LOAD D:/Programs/STMicroelectronics/STM32CubeCLT_1.16.0/GNU-tools-for-STM32/bin/../lib/gcc/arm-none-eabi/12.3.1/thumb/v7e-m+fp/hard/crtbegin.o
LOAD D:/Programs/STMicroelectronics/STM32CubeCLT_1.16.0/GNU-tools-for-STM32/bin/../lib/gcc/arm-none-eabi/12.3.1/../../../../arm-none-eabi/lib/thumb/v7e-m+fp/hard/crt0.o
START GROUP
LOAD D:/Programs/STMicroelectronics/STM32CubeCLT_1.16.0/GNU-tools-for-STM32/bin/../lib/gcc/arm-none-eabi/12.3.1/../../../../arm-none-eabi/lib/thumb/v7e-m+fp/hard\libc_nano.a
LOAD D:/Programs/STMicroelectronics/STM32CubeCLT_1.16.0/GNU-tools-for-STM32/bin/../lib/gcc/arm-none-eabi/12.3.1/../../../../arm-none-eabi/lib/thumb/v7e-m+fp/hard\libm.a
END GROUP
LOAD CMakeFiles/SmartBarCOM.dir/Core/Src/main.c.obj
LOAD CMakeFiles/SmartBarCOM.dir/Core/Src/freertos.c.obj
LOAD CMakeFiles/SmartBarCOM.dir/Core/Src/stm32f3xx_it.c.obj
LOAD CMakeFiles/SmartBarCOM.dir/Core/Src/stm32f3xx_hal_msp.c.obj
LOAD CMakeFiles/SmartBarCOM.dir/Core/Src/stm32f3xx_hal_timebase_tim.c.obj
LOAD CMakeFiles/SmartBarCOM.dir/Drivers/STM32F3xx_HAL_Driver/Src/stm32f3xx_hal.c.obj
LOAD CMakeFiles/SmartBarCOM.dir/Drivers/STM32F3xx_HAL_Driver/Src/stm32f3xx_hal_rcc.c.obj
LOAD CMakeFiles/SmartBarCOM.dir/Drivers/STM32F3xx_HAL_Driver/Src/stm32f3xx_hal_rcc_ex.c.obj
LOAD CMakeFiles/SmartBarCOM.dir/Drivers/STM32F3xx_HAL_Driver/Src/stm32f3xx_hal_gpio.c.obj
LOAD CMakeFiles/SmartBarCOM.dir/Drivers/STM32F3xx_HAL_Driver/Src/stm32f3xx_hal_dma.c.obj
LOAD CMakeFiles/SmartBarCOM.dir/Drivers/STM32F3xx_HAL_Driver/Src/stm32f3xx_hal_cortex.c.obj
LOAD CMakeFiles/SmartBarCOM.dir/Drivers/STM32F3xx_HAL_Driver/Src/stm32f3xx_hal_pwr.c.obj
LOAD CMakeFiles/SmartBarCOM.dir/Drivers/STM32F3xx_HAL_Driver/Src/stm32f3xx_hal_pwr_ex.c.obj
LOAD CMakeFiles/SmartBarCOM.dir/Drivers/STM32F3xx_HAL_Driver/Src/stm32f3xx_hal_flash.c.obj
LOAD CMakeFiles/SmartBarCOM.dir/Drivers/STM32F3xx_HAL_Driver/Src/stm32f3xx_hal_flash_ex.c.obj
LOAD CMakeFiles/SmartBarCOM.dir/Drivers/STM32F3xx_HAL_Driver/Src/stm32f3xx_hal_i2c.c.obj
LOAD CMakeFiles/SmartBarCOM.dir/Drivers/STM32F3xx_HAL_Driver/Src/stm32f3xx_hal_i2c_ex.c.obj
LOAD CMakeFiles/SmartBarCOM.dir/Drivers/STM32F3xx_HAL_Driver/Src/stm32f3xx_hal_exti.c.obj
LOAD CMakeFiles/SmartBarCOM.dir/Drivers/STM32F3xx_HAL_Driver/Src/stm32f3xx_hal_tim.c.obj
LOAD CMakeFiles/SmartBarCOM.dir/Drivers/STM32F3xx_HAL_Driver/Src/stm32f3xx_hal_tim_ex.c.obj
LOAD CMakeFiles/SmartBarCOM.dir/Drivers/STM32F3xx_HAL_Driver/Src/stm32f3xx_hal_uart.c.obj
LOAD CMakeFiles/SmartBarCOM.dir/Drivers/STM32F3xx_HAL_Driver/Src/stm32f3xx_hal_uart_ex.c.obj
LOAD CMakeFiles/SmartBarCOM.dir/Core/Src/system_stm32f3xx.c.obj
LOAD CMakeFiles/SmartBarCOM.dir/Middlewares/Third_Party/FreeRTOS/Source/croutine.c.obj
LOAD CMakeFiles/SmartBarCOM.dir/Middlewares/Third_Party/FreeRTOS/Source/event_groups.c.obj
LOAD CMakeFiles/SmartBarCOM.dir/Middlewares/Third_Party/FreeRTOS/Source/list.c.obj
LOAD CMakeFiles/SmartBarCOM.dir/Middlewares/Third_Party/FreeRTOS/Source/queue.c.obj
LOAD CMakeFiles/SmartBarCOM.dir/Middlewares/Third_Party/FreeRTOS/Source/stream_buffer.c.obj
LOAD CMakeFiles/SmartBarCOM.dir/Middlewares/Third_Party/FreeRTOS/Source/tasks.c.obj
LOAD CMakeFiles/SmartBarCOM.dir/Middlewares/Third_Party/FreeRTOS/Source/timers.c.obj
LOAD CMakeFiles/SmartBarCOM.dir/Middlewares/Third_Party/FreeRTOS/Source/CMSIS_RTOS_V2/cmsis_os2.c.obj
LOAD CMakeFiles/SmartBarCOM.dir/Middlewares/Third_Party/FreeRTOS/Source/portable/MemMang/heap_4.c.obj
LOAD CMakeFiles/SmartBarCOM.dir/Middlewares/Third_Party/FreeRTOS/Source/portable/GCC/ARM_CM4F/port.c.obj
LOAD CMakeFiles/SmartBarCOM.dir/Core/Src/sysmem.c.obj
LOAD CMakeFiles/SmartBarCOM.dir/Core/Src/syscalls.c.obj
LOAD CMakeFiles/SmartBarCOM.dir/startup_stm32f303xe.s.obj
START GROUP
LOAD D:/Programs/STMicroelectronics/STM32CubeCLT_1.16.0/GNU-tools-for-STM32/bin/../lib/gcc/arm-none-eabi/12.3.1/thumb/v7e-m+fp/hard\libgcc.a
LOAD D:/Programs/STMicroelectronics/STM32CubeCLT_1.16.0/GNU-tools-for-STM32/bin/../lib/gcc/arm-none-eabi/12.3.1/../../../../arm-none-eabi/lib/thumb/v7e-m+fp/hard\libg_nano.a
LOAD D:/Programs/STMicroelectronics/STM32CubeCLT_1.16.0/GNU-tools-for-STM32/bin/../lib/gcc/arm-none-eabi/12.3.1/../../../../arm-none-eabi/lib/thumb/v7e-m+fp/hard\libc_nano.a
END GROUP
START GROUP
LOAD D:/Programs/STMicroelectronics/STM32CubeCLT_1.16.0/GNU-tools-for-STM32/bin/../lib/gcc/arm-none-eabi/12.3.1/thumb/v7e-m+fp/hard\libgcc.a
LOAD D:/Programs/STMicroelectronics/STM32CubeCLT_1.16.0/GNU-tools-for-STM32/bin/../lib/gcc/arm-none-eabi/12.3.1/../../../../arm-none-eabi/lib/thumb/v7e-m+fp/hard\libc_nano.a
END GROUP
LOAD D:/Programs/STMicroelectronics/STM32CubeCLT_1.16.0/GNU-tools-for-STM32/bin/../lib/gcc/arm-none-eabi/12.3.1/thumb/v7e-m+fp/hard/crtend.o
LOAD D:/Programs/STMicroelectronics/STM32CubeCLT_1.16.0/GNU-tools-for-STM32/bin/../lib/gcc/arm-none-eabi/12.3.1/thumb/v7e-m+fp/hard/crtn.o
                0x20010000                        _estack = (ORIGIN (RAM) + LENGTH (RAM))
                0x00000200                        _Min_Heap_Size = 0x200
                0x00000400                        _Min_Stack_Size = 0x400

.isr_vector     0x08000000      0x194
                0x08000000                        . = ALIGN (0x4)
 *(.isr_vector)
 .isr_vector    0x08000000      0x194 CMakeFiles/SmartBarCOM.dir/startup_stm32f303xe.s.obj
                0x08000000                g_pfnVectors
                0x08000194                        . = ALIGN (0x4)

.text           0x080001a0     0xb8d4
                0x080001a0                        . = ALIGN (0x4)
 *(.text)
 .text          0x080001a0       0x40 D:/Programs/STMicroelectronics/STM32CubeCLT_1.16.0/GNU-tools-for-STM32/bin/../lib/gcc/arm-none-eabi/12.3.1/thumb/v7e-m+fp/hard/crtbegin.o
 .text          0x080001e0      0x378 D:/Programs/STMicroelectronics/STM32CubeCLT_1.16.0/GNU-tools-for-STM32/bin/../lib/gcc/arm-none-eabi/12.3.1/thumb/v7e-m+fp/hard\libgcc.a(_arm_addsubdf3.o)
                0x080001e0                __aeabi_drsub
                0x080001e8                __aeabi_dsub
                0x080001e8                __subdf3
                0x080001ec                __aeabi_dadd
                0x080001ec                __adddf3
                0x08000464                __floatunsidf
                0x08000464                __aeabi_ui2d
                0x08000484                __floatsidf
                0x08000484                __aeabi_i2d
                0x080004a8                __aeabi_f2d
                0x080004a8                __extendsfdf2
                0x080004ec                __floatundidf
                0x080004ec                __aeabi_ul2d
                0x080004fc                __floatdidf
                0x080004fc                __aeabi_l2d
 .text          0x08000558      0x424 D:/Programs/STMicroelectronics/STM32CubeCLT_1.16.0/GNU-tools-for-STM32/bin/../lib/gcc/arm-none-eabi/12.3.1/thumb/v7e-m+fp/hard\libgcc.a(_arm_muldivdf3.o)
                0x08000558                __aeabi_dmul
                0x08000558                __muldf3
                0x080007ac                __divdf3
                0x080007ac                __aeabi_ddiv
 .text          0x0800097c       0x40 D:/Programs/STMicroelectronics/STM32CubeCLT_1.16.0/GNU-tools-for-STM32/bin/../lib/gcc/arm-none-eabi/12.3.1/thumb/v7e-m+fp/hard\libgcc.a(_arm_fixunsdfsi.o)
                0x0800097c                __aeabi_d2uiz
                0x0800097c                __fixunsdfsi
 .text          0x080009bc       0xa0 D:/Programs/STMicroelectronics/STM32CubeCLT_1.16.0/GNU-tools-for-STM32/bin/../lib/gcc/arm-none-eabi/12.3.1/thumb/v7e-m+fp/hard\libgcc.a(_arm_truncdfsf2.o)
                0x080009bc                __truncdfsf2
                0x080009bc                __aeabi_d2f
 .text          0x08000a5c       0x14 D:/Programs/STMicroelectronics/STM32CubeCLT_1.16.0/GNU-tools-for-STM32/bin/../lib/gcc/arm-none-eabi/12.3.1/../../../../arm-none-eabi/lib/thumb/v7e-m+fp/hard\libg_nano.a(libc_a-strcmp.o)
                0x08000a5c                strcmp
 .text          0x08000a70       0xa0 D:/Programs/STMicroelectronics/STM32CubeCLT_1.16.0/GNU-tools-for-STM32/bin/../lib/gcc/arm-none-eabi/12.3.1/../../../../arm-none-eabi/lib/thumb/v7e-m+fp/hard\libg_nano.a(libc_a-memchr.o)
                0x08000a70                memchr
 .text          0x08000b10      0x110 D:/Programs/STMicroelectronics/STM32CubeCLT_1.16.0/GNU-tools-for-STM32/bin/../lib/gcc/arm-none-eabi/12.3.1/thumb/v7e-m+fp/hard\libgcc.a(_arm_cmpdf2.o)
                0x08000b10                __gtdf2
                0x08000b10                __gedf2
                0x08000b18                __ltdf2
                0x08000b18                __ledf2
                0x08000b20                __nedf2
                0x08000b20                __eqdf2
                0x08000b20                __cmpdf2
                0x08000b9c                __aeabi_cdrcmple
                0x08000bac                __aeabi_cdcmpeq
                0x08000bac                __aeabi_cdcmple
                0x08000bbc                __aeabi_dcmpeq
                0x08000bd0                __aeabi_dcmplt
                0x08000be4                __aeabi_dcmple
                0x08000bf8                __aeabi_dcmpge
                0x08000c0c                __aeabi_dcmpgt
 .text          0x08000c20       0x30 D:/Programs/STMicroelectronics/STM32CubeCLT_1.16.0/GNU-tools-for-STM32/bin/../lib/gcc/arm-none-eabi/12.3.1/thumb/v7e-m+fp/hard\libgcc.a(_fixdfdi.o)
                0x08000c20                __fixdfdi
                0x08000c20                __aeabi_d2lz
 .text          0x08000c50       0x3c D:/Programs/STMicroelectronics/STM32CubeCLT_1.16.0/GNU-tools-for-STM32/bin/../lib/gcc/arm-none-eabi/12.3.1/thumb/v7e-m+fp/hard\libgcc.a(_fixunsdfdi.o)
                0x08000c50                __fixunsdfdi
                0x08000c50                __aeabi_d2ulz
 *(.text*)
 .text.std      0x08000c8c       0x6c D:/Programs/STMicroelectronics/STM32CubeCLT_1.16.0/GNU-tools-for-STM32/bin/../lib/gcc/arm-none-eabi/12.3.1/../../../../arm-none-eabi/lib/thumb/v7e-m+fp/hard\libc_nano.a(libc_a-findfp.o)
 .text.stdio_exit_handler
                0x08000cf8       0x18 D:/Programs/STMicroelectronics/STM32CubeCLT_1.16.0/GNU-tools-for-STM32/bin/../lib/gcc/arm-none-eabi/12.3.1/../../../../arm-none-eabi/lib/thumb/v7e-m+fp/hard\libc_nano.a(libc_a-findfp.o)
 .text.cleanup_stdio
                0x08000d10       0x40 D:/Programs/STMicroelectronics/STM32CubeCLT_1.16.0/GNU-tools-for-STM32/bin/../lib/gcc/arm-none-eabi/12.3.1/../../../../arm-none-eabi/lib/thumb/v7e-m+fp/hard\libc_nano.a(libc_a-findfp.o)
 .text.global_stdio_init.part.0
                0x08000d50       0x3c D:/Programs/STMicroelectronics/STM32CubeCLT_1.16.0/GNU-tools-for-STM32/bin/../lib/gcc/arm-none-eabi/12.3.1/../../../../arm-none-eabi/lib/thumb/v7e-m+fp/hard\libc_nano.a(libc_a-findfp.o)
 .text.__sfp_lock_acquire
                0x08000d8c        0xc D:/Programs/STMicroelectronics/STM32CubeCLT_1.16.0/GNU-tools-for-STM32/bin/../lib/gcc/arm-none-eabi/12.3.1/../../../../arm-none-eabi/lib/thumb/v7e-m+fp/hard\libc_nano.a(libc_a-findfp.o)
                0x08000d8c                __sfp_lock_acquire
 .text.__sfp_lock_release
                0x08000d98        0xc D:/Programs/STMicroelectronics/STM32CubeCLT_1.16.0/GNU-tools-for-STM32/bin/../lib/gcc/arm-none-eabi/12.3.1/../../../../arm-none-eabi/lib/thumb/v7e-m+fp/hard\libc_nano.a(libc_a-findfp.o)
                0x08000d98                __sfp_lock_release
 .text.__sinit  0x08000da4       0x30 D:/Programs/STMicroelectronics/STM32CubeCLT_1.16.0/GNU-tools-for-STM32/bin/../lib/gcc/arm-none-eabi/12.3.1/../../../../arm-none-eabi/lib/thumb/v7e-m+fp/hard\libc_nano.a(libc_a-findfp.o)
                0x08000da4                __sinit
 .text._fwalk_sglue
                0x08000dd4       0x3c D:/Programs/STMicroelectronics/STM32CubeCLT_1.16.0/GNU-tools-for-STM32/bin/../lib/gcc/arm-none-eabi/12.3.1/../../../../arm-none-eabi/lib/thumb/v7e-m+fp/hard\libc_nano.a(libc_a-fwalk.o)
                0x08000dd4                _fwalk_sglue
 .text.__sread  0x08000e10       0x22 D:/Programs/STMicroelectronics/STM32CubeCLT_1.16.0/GNU-tools-for-STM32/bin/../lib/gcc/arm-none-eabi/12.3.1/../../../../arm-none-eabi/lib/thumb/v7e-m+fp/hard\libc_nano.a(libc_a-stdio.o)
                0x08000e10                __sread
 .text.__swrite
                0x08000e32       0x38 D:/Programs/STMicroelectronics/STM32CubeCLT_1.16.0/GNU-tools-for-STM32/bin/../lib/gcc/arm-none-eabi/12.3.1/../../../../arm-none-eabi/lib/thumb/v7e-m+fp/hard\libc_nano.a(libc_a-stdio.o)
                0x08000e32                __swrite
 .text.__sseek  0x08000e6a       0x24 D:/Programs/STMicroelectronics/STM32CubeCLT_1.16.0/GNU-tools-for-STM32/bin/../lib/gcc/arm-none-eabi/12.3.1/../../../../arm-none-eabi/lib/thumb/v7e-m+fp/hard\libc_nano.a(libc_a-stdio.o)
                0x08000e6a                __sseek
 .text.__sclose
                0x08000e8e        0x8 D:/Programs/STMicroelectronics/STM32CubeCLT_1.16.0/GNU-tools-for-STM32/bin/../lib/gcc/arm-none-eabi/12.3.1/../../../../arm-none-eabi/lib/thumb/v7e-m+fp/hard\libc_nano.a(libc_a-stdio.o)
                0x08000e8e                __sclose
 .text.memset   0x08000e96       0x10 D:/Programs/STMicroelectronics/STM32CubeCLT_1.16.0/GNU-tools-for-STM32/bin/../lib/gcc/arm-none-eabi/12.3.1/../../../../arm-none-eabi/lib/thumb/v7e-m+fp/hard\libc_nano.a(libc_a-memset.o)
                0x08000e96                memset
 *fill*         0x08000ea6        0x2 
 .text._close_r
                0x08000ea8       0x20 D:/Programs/STMicroelectronics/STM32CubeCLT_1.16.0/GNU-tools-for-STM32/bin/../lib/gcc/arm-none-eabi/12.3.1/../../../../arm-none-eabi/lib/thumb/v7e-m+fp/hard\libc_nano.a(libc_a-closer.o)
                0x08000ea8                _close_r
 .text._lseek_r
                0x08000ec8       0x24 D:/Programs/STMicroelectronics/STM32CubeCLT_1.16.0/GNU-tools-for-STM32/bin/../lib/gcc/arm-none-eabi/12.3.1/../../../../arm-none-eabi/lib/thumb/v7e-m+fp/hard\libc_nano.a(libc_a-lseekr.o)
                0x08000ec8                _lseek_r
 .text._read_r  0x08000eec       0x24 D:/Programs/STMicroelectronics/STM32CubeCLT_1.16.0/GNU-tools-for-STM32/bin/../lib/gcc/arm-none-eabi/12.3.1/../../../../arm-none-eabi/lib/thumb/v7e-m+fp/hard\libc_nano.a(libc_a-readr.o)
                0x08000eec                _read_r
 .text._write_r
                0x08000f10       0x24 D:/Programs/STMicroelectronics/STM32CubeCLT_1.16.0/GNU-tools-for-STM32/bin/../lib/gcc/arm-none-eabi/12.3.1/../../../../arm-none-eabi/lib/thumb/v7e-m+fp/hard\libc_nano.a(libc_a-writer.o)
                0x08000f10                _write_r
 .text.__libc_init_array
                0x08000f34       0x48 D:/Programs/STMicroelectronics/STM32CubeCLT_1.16.0/GNU-tools-for-STM32/bin/../lib/gcc/arm-none-eabi/12.3.1/../../../../arm-none-eabi/lib/thumb/v7e-m+fp/hard\libc_nano.a(libc_a-init.o)
                0x08000f34                __libc_init_array
 .text.__retarget_lock_init_recursive
                0x08000f7c        0x2 D:/Programs/STMicroelectronics/STM32CubeCLT_1.16.0/GNU-tools-for-STM32/bin/../lib/gcc/arm-none-eabi/12.3.1/../../../../arm-none-eabi/lib/thumb/v7e-m+fp/hard\libc_nano.a(libc_a-lock.o)
                0x08000f7c                __retarget_lock_init_recursive
 .text.__retarget_lock_acquire_recursive
                0x08000f7e        0x2 D:/Programs/STMicroelectronics/STM32CubeCLT_1.16.0/GNU-tools-for-STM32/bin/../lib/gcc/arm-none-eabi/12.3.1/../../../../arm-none-eabi/lib/thumb/v7e-m+fp/hard\libc_nano.a(libc_a-lock.o)
                0x08000f7e                __retarget_lock_acquire_recursive
 .text.__retarget_lock_release_recursive
                0x08000f80        0x2 D:/Programs/STMicroelectronics/STM32CubeCLT_1.16.0/GNU-tools-for-STM32/bin/../lib/gcc/arm-none-eabi/12.3.1/../../../../arm-none-eabi/lib/thumb/v7e-m+fp/hard\libc_nano.a(libc_a-lock.o)
                0x08000f80                __retarget_lock_release_recursive
 *fill*         0x08000f82        0x2 
 .text._free_r  0x08000f84       0x94 D:/Programs/STMicroelectronics/STM32CubeCLT_1.16.0/GNU-tools-for-STM32/bin/../lib/gcc/arm-none-eabi/12.3.1/../../../../arm-none-eabi/lib/thumb/v7e-m+fp/hard\libc_nano.a(libc_a-freer.o)
                0x08000f84                _free_r
 .text.sbrk_aligned
                0x08001018       0x44 D:/Programs/STMicroelectronics/STM32CubeCLT_1.16.0/GNU-tools-for-STM32/bin/../lib/gcc/arm-none-eabi/12.3.1/../../../../arm-none-eabi/lib/thumb/v7e-m+fp/hard\libc_nano.a(libc_a-mallocr.o)
 .text._malloc_r
                0x0800105c      0x100 D:/Programs/STMicroelectronics/STM32CubeCLT_1.16.0/GNU-tools-for-STM32/bin/../lib/gcc/arm-none-eabi/12.3.1/../../../../arm-none-eabi/lib/thumb/v7e-m+fp/hard\libc_nano.a(libc_a-mallocr.o)
                0x0800105c                _malloc_r
 .text.__malloc_lock
                0x0800115c        0xc D:/Programs/STMicroelectronics/STM32CubeCLT_1.16.0/GNU-tools-for-STM32/bin/../lib/gcc/arm-none-eabi/12.3.1/../../../../arm-none-eabi/lib/thumb/v7e-m+fp/hard\libc_nano.a(libc_a-mlock.o)
                0x0800115c                __malloc_lock
 .text.__malloc_unlock
                0x08001168        0xc D:/Programs/STMicroelectronics/STM32CubeCLT_1.16.0/GNU-tools-for-STM32/bin/../lib/gcc/arm-none-eabi/12.3.1/../../../../arm-none-eabi/lib/thumb/v7e-m+fp/hard\libc_nano.a(libc_a-mlock.o)
                0x08001168                __malloc_unlock
 .text.__sflush_r
                0x08001174      0x108 D:/Programs/STMicroelectronics/STM32CubeCLT_1.16.0/GNU-tools-for-STM32/bin/../lib/gcc/arm-none-eabi/12.3.1/../../../../arm-none-eabi/lib/thumb/v7e-m+fp/hard\libc_nano.a(libc_a-fflush.o)
                0x08001174                __sflush_r
 .text._fflush_r
                0x0800127c       0x50 D:/Programs/STMicroelectronics/STM32CubeCLT_1.16.0/GNU-tools-for-STM32/bin/../lib/gcc/arm-none-eabi/12.3.1/../../../../arm-none-eabi/lib/thumb/v7e-m+fp/hard\libc_nano.a(libc_a-fflush.o)
                0x0800127c                _fflush_r
 .text._sbrk_r  0x080012cc       0x20 D:/Programs/STMicroelectronics/STM32CubeCLT_1.16.0/GNU-tools-for-STM32/bin/../lib/gcc/arm-none-eabi/12.3.1/../../../../arm-none-eabi/lib/thumb/v7e-m+fp/hard\libc_nano.a(libc_a-sbrkr.o)
                0x080012cc                _sbrk_r
 .text.ParseCommand
                0x080012ec      0x110 CMakeFiles/SmartBarCOM.dir/Core/Src/main.c.obj
                0x080012ec                ParseCommand
 *fill*         0x080013fc        0x4 
 .text.ExecutePWM
                0x08001400      0x1bc CMakeFiles/SmartBarCOM.dir/Core/Src/main.c.obj
                0x08001400                ExecutePWM
 .text.clamp    0x080015bc       0x52 CMakeFiles/SmartBarCOM.dir/Core/Src/main.c.obj
                0x080015bc                clamp
 .text.map      0x0800160e       0x5c CMakeFiles/SmartBarCOM.dir/Core/Src/main.c.obj
                0x0800160e                map
 *fill*         0x0800166a        0x2 
 .text.main     0x0800166c       0x8c CMakeFiles/SmartBarCOM.dir/Core/Src/main.c.obj
                0x0800166c                main
 .text.SystemClock_Config
                0x080016f8       0xc8 CMakeFiles/SmartBarCOM.dir/Core/Src/main.c.obj
                0x080016f8                SystemClock_Config
 .text.MX_TIM3_Init
                0x080017c0       0xb4 CMakeFiles/SmartBarCOM.dir/Core/Src/main.c.obj
 .text.MX_USART2_UART_Init
                0x08001874       0x60 CMakeFiles/SmartBarCOM.dir/Core/Src/main.c.obj
 .text.MX_USART3_UART_Init
                0x080018d4       0x60 CMakeFiles/SmartBarCOM.dir/Core/Src/main.c.obj
 .text.MX_GPIO_Init
                0x08001934      0x13c CMakeFiles/SmartBarCOM.dir/Core/Src/main.c.obj
 .text.HAL_UART_RxCpltCallback
                0x08001a70       0xb4 CMakeFiles/SmartBarCOM.dir/Core/Src/main.c.obj
                0x08001a70                HAL_UART_RxCpltCallback
 .text.SelectInputChannel
                0x08001b24       0x7a CMakeFiles/SmartBarCOM.dir/Core/Src/main.c.obj
                0x08001b24                SelectInputChannel
 *fill*         0x08001b9e        0x2 
 .text.SelectOutputChannel
                0x08001ba0       0x7c CMakeFiles/SmartBarCOM.dir/Core/Src/main.c.obj
                0x08001ba0                SelectOutputChannel
 .text.ExecuteCommand
                0x08001c1c       0x80 CMakeFiles/SmartBarCOM.dir/Core/Src/main.c.obj
                0x08001c1c                ExecuteCommand
 .text.StartPWM
                0x08001c9c        0xc CMakeFiles/SmartBarCOM.dir/Core/Src/main.c.obj
                0x08001c9c                StartPWM
 .text.HAL_TIM_PeriodElapsedCallback
                0x08001ca8       0x24 CMakeFiles/SmartBarCOM.dir/Core/Src/main.c.obj
                0x08001ca8                HAL_TIM_PeriodElapsedCallback
 .text.Error_Handler
                0x08001ccc        0xc CMakeFiles/SmartBarCOM.dir/Core/Src/main.c.obj
                0x08001ccc                Error_Handler
 .text.NMI_Handler
                0x08001cd8        0x8 CMakeFiles/SmartBarCOM.dir/Core/Src/stm32f3xx_it.c.obj
                0x08001cd8                NMI_Handler
 .text.HardFault_Handler
                0x08001ce0        0x8 CMakeFiles/SmartBarCOM.dir/Core/Src/stm32f3xx_it.c.obj
                0x08001ce0                HardFault_Handler
 .text.MemManage_Handler
                0x08001ce8        0x8 CMakeFiles/SmartBarCOM.dir/Core/Src/stm32f3xx_it.c.obj
                0x08001ce8                MemManage_Handler
 .text.BusFault_Handler
                0x08001cf0        0x8 CMakeFiles/SmartBarCOM.dir/Core/Src/stm32f3xx_it.c.obj
                0x08001cf0                BusFault_Handler
 .text.UsageFault_Handler
                0x08001cf8        0x8 CMakeFiles/SmartBarCOM.dir/Core/Src/stm32f3xx_it.c.obj
                0x08001cf8                UsageFault_Handler
 .text.DebugMon_Handler
                0x08001d00        0xe CMakeFiles/SmartBarCOM.dir/Core/Src/stm32f3xx_it.c.obj
                0x08001d00                DebugMon_Handler
 *fill*         0x08001d0e        0x2 
 .text.USART2_IRQHandler
                0x08001d10       0x14 CMakeFiles/SmartBarCOM.dir/Core/Src/stm32f3xx_it.c.obj
                0x08001d10                USART2_IRQHandler
 .text.USART3_IRQHandler
                0x08001d24       0x14 CMakeFiles/SmartBarCOM.dir/Core/Src/stm32f3xx_it.c.obj
                0x08001d24                USART3_IRQHandler
 .text.TIM6_DAC_IRQHandler
                0x08001d38       0x14 CMakeFiles/SmartBarCOM.dir/Core/Src/stm32f3xx_it.c.obj
                0x08001d38                TIM6_DAC_IRQHandler
 .text.HAL_MspInit
                0x08001d4c       0x50 CMakeFiles/SmartBarCOM.dir/Core/Src/stm32f3xx_hal_msp.c.obj
                0x08001d4c                HAL_MspInit
 .text.HAL_TIM_PWM_MspInit
                0x08001d9c       0x40 CMakeFiles/SmartBarCOM.dir/Core/Src/stm32f3xx_hal_msp.c.obj
                0x08001d9c                HAL_TIM_PWM_MspInit
 .text.HAL_TIM_MspPostInit
                0x08001ddc       0x70 CMakeFiles/SmartBarCOM.dir/Core/Src/stm32f3xx_hal_msp.c.obj
                0x08001ddc                HAL_TIM_MspPostInit
 .text.HAL_UART_MspInit
                0x08001e4c      0x10c CMakeFiles/SmartBarCOM.dir/Core/Src/stm32f3xx_hal_msp.c.obj
                0x08001e4c                HAL_UART_MspInit
 .text.HAL_InitTick
                0x08001f58       0xf4 CMakeFiles/SmartBarCOM.dir/Core/Src/stm32f3xx_hal_timebase_tim.c.obj
                0x08001f58                HAL_InitTick
 .text.HAL_Init
                0x0800204c       0x2c CMakeFiles/SmartBarCOM.dir/Drivers/STM32F3xx_HAL_Driver/Src/stm32f3xx_hal.c.obj
                0x0800204c                HAL_Init
 .text.HAL_IncTick
                0x08002078       0x28 CMakeFiles/SmartBarCOM.dir/Drivers/STM32F3xx_HAL_Driver/Src/stm32f3xx_hal.c.obj
                0x08002078                HAL_IncTick
 .text.HAL_GetTick
                0x080020a0       0x18 CMakeFiles/SmartBarCOM.dir/Drivers/STM32F3xx_HAL_Driver/Src/stm32f3xx_hal.c.obj
                0x080020a0                HAL_GetTick
 .text.HAL_RCC_OscConfig
                0x080020b8     0x10a8 CMakeFiles/SmartBarCOM.dir/Drivers/STM32F3xx_HAL_Driver/Src/stm32f3xx_hal_rcc.c.obj
                0x080020b8                HAL_RCC_OscConfig
 .text.HAL_RCC_ClockConfig
                0x08003160      0x2f8 CMakeFiles/SmartBarCOM.dir/Drivers/STM32F3xx_HAL_Driver/Src/stm32f3xx_hal_rcc.c.obj
                0x08003160                HAL_RCC_ClockConfig
 .text.HAL_RCC_GetSysClockFreq
                0x08003458       0xa8 CMakeFiles/SmartBarCOM.dir/Drivers/STM32F3xx_HAL_Driver/Src/stm32f3xx_hal_rcc.c.obj
                0x08003458                HAL_RCC_GetSysClockFreq
 .text.HAL_RCC_GetHCLKFreq
                0x08003500       0x18 CMakeFiles/SmartBarCOM.dir/Drivers/STM32F3xx_HAL_Driver/Src/stm32f3xx_hal_rcc.c.obj
                0x08003500                HAL_RCC_GetHCLKFreq
 .text.HAL_RCC_GetPCLK1Freq
                0x08003518       0x44 CMakeFiles/SmartBarCOM.dir/Drivers/STM32F3xx_HAL_Driver/Src/stm32f3xx_hal_rcc.c.obj
                0x08003518                HAL_RCC_GetPCLK1Freq
 .text.HAL_RCC_GetPCLK2Freq
                0x0800355c       0x44 CMakeFiles/SmartBarCOM.dir/Drivers/STM32F3xx_HAL_Driver/Src/stm32f3xx_hal_rcc.c.obj
                0x0800355c                HAL_RCC_GetPCLK2Freq
 .text.HAL_RCC_GetClockConfig
                0x080035a0       0x64 CMakeFiles/SmartBarCOM.dir/Drivers/STM32F3xx_HAL_Driver/Src/stm32f3xx_hal_rcc.c.obj
                0x080035a0                HAL_RCC_GetClockConfig
 .text.HAL_RCCEx_PeriphCLKConfig
                0x08003604      0x43c CMakeFiles/SmartBarCOM.dir/Drivers/STM32F3xx_HAL_Driver/Src/stm32f3xx_hal_rcc_ex.c.obj
                0x08003604                HAL_RCCEx_PeriphCLKConfig
 .text.HAL_GPIO_Init
                0x08003a40      0x314 CMakeFiles/SmartBarCOM.dir/Drivers/STM32F3xx_HAL_Driver/Src/stm32f3xx_hal_gpio.c.obj
                0x08003a40                HAL_GPIO_Init
 .text.HAL_GPIO_WritePin
                0x08003d54       0x30 CMakeFiles/SmartBarCOM.dir/Drivers/STM32F3xx_HAL_Driver/Src/stm32f3xx_hal_gpio.c.obj
                0x08003d54                HAL_GPIO_WritePin
 .text.HAL_DMA_Abort
                0x08003d84       0x7c CMakeFiles/SmartBarCOM.dir/Drivers/STM32F3xx_HAL_Driver/Src/stm32f3xx_hal_dma.c.obj
                0x08003d84                HAL_DMA_Abort
 .text.HAL_DMA_Abort_IT
                0x08003e00       0x7c CMakeFiles/SmartBarCOM.dir/Drivers/STM32F3xx_HAL_Driver/Src/stm32f3xx_hal_dma.c.obj
                0x08003e00                HAL_DMA_Abort_IT
 .text.__NVIC_SetPriorityGrouping
                0x08003e7c       0x48 CMakeFiles/SmartBarCOM.dir/Drivers/STM32F3xx_HAL_Driver/Src/stm32f3xx_hal_cortex.c.obj
 .text.__NVIC_GetPriorityGrouping
                0x08003ec4       0x1c CMakeFiles/SmartBarCOM.dir/Drivers/STM32F3xx_HAL_Driver/Src/stm32f3xx_hal_cortex.c.obj
 .text.__NVIC_EnableIRQ
                0x08003ee0       0x3c CMakeFiles/SmartBarCOM.dir/Drivers/STM32F3xx_HAL_Driver/Src/stm32f3xx_hal_cortex.c.obj
 .text.__NVIC_SetPriority
                0x08003f1c       0x54 CMakeFiles/SmartBarCOM.dir/Drivers/STM32F3xx_HAL_Driver/Src/stm32f3xx_hal_cortex.c.obj
 .text.NVIC_EncodePriority
                0x08003f70       0x66 CMakeFiles/SmartBarCOM.dir/Drivers/STM32F3xx_HAL_Driver/Src/stm32f3xx_hal_cortex.c.obj
 .text.HAL_NVIC_SetPriorityGrouping
                0x08003fd6       0x16 CMakeFiles/SmartBarCOM.dir/Drivers/STM32F3xx_HAL_Driver/Src/stm32f3xx_hal_cortex.c.obj
                0x08003fd6                HAL_NVIC_SetPriorityGrouping
 .text.HAL_NVIC_SetPriority
                0x08003fec       0x38 CMakeFiles/SmartBarCOM.dir/Drivers/STM32F3xx_HAL_Driver/Src/stm32f3xx_hal_cortex.c.obj
                0x08003fec                HAL_NVIC_SetPriority
 .text.HAL_NVIC_EnableIRQ
                0x08004024       0x1c CMakeFiles/SmartBarCOM.dir/Drivers/STM32F3xx_HAL_Driver/Src/stm32f3xx_hal_cortex.c.obj
                0x08004024                HAL_NVIC_EnableIRQ
 .text.HAL_TIM_Base_Init
                0x08004040       0xae CMakeFiles/SmartBarCOM.dir/Drivers/STM32F3xx_HAL_Driver/Src/stm32f3xx_hal_tim.c.obj
                0x08004040                HAL_TIM_Base_Init
 .text.HAL_TIM_Base_MspInit
                0x080040ee       0x14 CMakeFiles/SmartBarCOM.dir/Drivers/STM32F3xx_HAL_Driver/Src/stm32f3xx_hal_tim.c.obj
                0x080040ee                HAL_TIM_Base_MspInit
 *fill*         0x08004102        0x2 
 .text.HAL_TIM_Base_Start_IT
                0x08004104       0xe0 CMakeFiles/SmartBarCOM.dir/Drivers/STM32F3xx_HAL_Driver/Src/stm32f3xx_hal_tim.c.obj
                0x08004104                HAL_TIM_Base_Start_IT
 .text.HAL_TIM_PWM_Init
                0x080041e4       0xae CMakeFiles/SmartBarCOM.dir/Drivers/STM32F3xx_HAL_Driver/Src/stm32f3xx_hal_tim.c.obj
                0x080041e4                HAL_TIM_PWM_Init
 *fill*         0x08004292        0x2 
 .text.HAL_TIM_PWM_Start
                0x08004294      0x218 CMakeFiles/SmartBarCOM.dir/Drivers/STM32F3xx_HAL_Driver/Src/stm32f3xx_hal_tim.c.obj
                0x08004294                HAL_TIM_PWM_Start
 .text.HAL_TIM_IRQHandler
                0x080044ac      0x204 CMakeFiles/SmartBarCOM.dir/Drivers/STM32F3xx_HAL_Driver/Src/stm32f3xx_hal_tim.c.obj
                0x080044ac                HAL_TIM_IRQHandler
 .text.HAL_TIM_PWM_ConfigChannel
                0x080046b0      0x228 CMakeFiles/SmartBarCOM.dir/Drivers/STM32F3xx_HAL_Driver/Src/stm32f3xx_hal_tim.c.obj
                0x080046b0                HAL_TIM_PWM_ConfigChannel
 .text.HAL_TIM_OC_DelayElapsedCallback
                0x080048d8       0x14 CMakeFiles/SmartBarCOM.dir/Drivers/STM32F3xx_HAL_Driver/Src/stm32f3xx_hal_tim.c.obj
                0x080048d8                HAL_TIM_OC_DelayElapsedCallback
 .text.HAL_TIM_IC_CaptureCallback
                0x080048ec       0x14 CMakeFiles/SmartBarCOM.dir/Drivers/STM32F3xx_HAL_Driver/Src/stm32f3xx_hal_tim.c.obj
                0x080048ec                HAL_TIM_IC_CaptureCallback
 .text.HAL_TIM_PWM_PulseFinishedCallback
                0x08004900       0x14 CMakeFiles/SmartBarCOM.dir/Drivers/STM32F3xx_HAL_Driver/Src/stm32f3xx_hal_tim.c.obj
                0x08004900                HAL_TIM_PWM_PulseFinishedCallback
 .text.HAL_TIM_TriggerCallback
                0x08004914       0x14 CMakeFiles/SmartBarCOM.dir/Drivers/STM32F3xx_HAL_Driver/Src/stm32f3xx_hal_tim.c.obj
                0x08004914                HAL_TIM_TriggerCallback
 .text.TIM_Base_SetConfig
                0x08004928      0x154 CMakeFiles/SmartBarCOM.dir/Drivers/STM32F3xx_HAL_Driver/Src/stm32f3xx_hal_tim.c.obj
                0x08004928                TIM_Base_SetConfig
 .text.TIM_OC1_SetConfig
                0x08004a7c      0x134 CMakeFiles/SmartBarCOM.dir/Drivers/STM32F3xx_HAL_Driver/Src/stm32f3xx_hal_tim.c.obj
 .text.TIM_OC2_SetConfig
                0x08004bb0      0x128 CMakeFiles/SmartBarCOM.dir/Drivers/STM32F3xx_HAL_Driver/Src/stm32f3xx_hal_tim.c.obj
                0x08004bb0                TIM_OC2_SetConfig
 .text.TIM_OC3_SetConfig
                0x08004cd8      0x124 CMakeFiles/SmartBarCOM.dir/Drivers/STM32F3xx_HAL_Driver/Src/stm32f3xx_hal_tim.c.obj
 .text.TIM_OC4_SetConfig
                0x08004dfc       0xe0 CMakeFiles/SmartBarCOM.dir/Drivers/STM32F3xx_HAL_Driver/Src/stm32f3xx_hal_tim.c.obj
 .text.TIM_OC5_SetConfig
                0x08004edc       0xd4 CMakeFiles/SmartBarCOM.dir/Drivers/STM32F3xx_HAL_Driver/Src/stm32f3xx_hal_tim.c.obj
 .text.TIM_OC6_SetConfig
                0x08004fb0       0xd8 CMakeFiles/SmartBarCOM.dir/Drivers/STM32F3xx_HAL_Driver/Src/stm32f3xx_hal_tim.c.obj
 .text.TIM_CCxChannelCmd
                0x08005088       0x4a CMakeFiles/SmartBarCOM.dir/Drivers/STM32F3xx_HAL_Driver/Src/stm32f3xx_hal_tim.c.obj
                0x08005088                TIM_CCxChannelCmd
 *fill*         0x080050d2        0x2 
 .text.HAL_TIMEx_MasterConfigSynchronization
                0x080050d4      0x118 CMakeFiles/SmartBarCOM.dir/Drivers/STM32F3xx_HAL_Driver/Src/stm32f3xx_hal_tim_ex.c.obj
                0x080050d4                HAL_TIMEx_MasterConfigSynchronization
 .text.HAL_TIMEx_CommutCallback
                0x080051ec       0x14 CMakeFiles/SmartBarCOM.dir/Drivers/STM32F3xx_HAL_Driver/Src/stm32f3xx_hal_tim_ex.c.obj
                0x080051ec                HAL_TIMEx_CommutCallback
 .text.HAL_TIMEx_BreakCallback
                0x08005200       0x14 CMakeFiles/SmartBarCOM.dir/Drivers/STM32F3xx_HAL_Driver/Src/stm32f3xx_hal_tim_ex.c.obj
                0x08005200                HAL_TIMEx_BreakCallback
 .text.HAL_TIMEx_Break2Callback
                0x08005214       0x14 CMakeFiles/SmartBarCOM.dir/Drivers/STM32F3xx_HAL_Driver/Src/stm32f3xx_hal_tim_ex.c.obj
                0x08005214                HAL_TIMEx_Break2Callback
 .text.HAL_UART_Init
                0x08005228       0x9c CMakeFiles/SmartBarCOM.dir/Drivers/STM32F3xx_HAL_Driver/Src/stm32f3xx_hal_uart.c.obj
                0x08005228                HAL_UART_Init
 .text.HAL_UART_Receive_IT
                0x080052c4       0x88 CMakeFiles/SmartBarCOM.dir/Drivers/STM32F3xx_HAL_Driver/Src/stm32f3xx_hal_uart.c.obj
                0x080052c4                HAL_UART_Receive_IT
 .text.HAL_UART_IRQHandler
                0x0800534c      0x5cc CMakeFiles/SmartBarCOM.dir/Drivers/STM32F3xx_HAL_Driver/Src/stm32f3xx_hal_uart.c.obj
                0x0800534c                HAL_UART_IRQHandler
 .text.HAL_UART_TxCpltCallback
                0x08005918       0x14 CMakeFiles/SmartBarCOM.dir/Drivers/STM32F3xx_HAL_Driver/Src/stm32f3xx_hal_uart.c.obj
                0x08005918                HAL_UART_TxCpltCallback
 .text.HAL_UART_ErrorCallback
                0x0800592c       0x14 CMakeFiles/SmartBarCOM.dir/Drivers/STM32F3xx_HAL_Driver/Src/stm32f3xx_hal_uart.c.obj
                0x0800592c                HAL_UART_ErrorCallback
 .text.HAL_UARTEx_RxEventCallback
                0x08005940       0x18 CMakeFiles/SmartBarCOM.dir/Drivers/STM32F3xx_HAL_Driver/Src/stm32f3xx_hal_uart.c.obj
                0x08005940                HAL_UARTEx_RxEventCallback
 .text.UART_SetConfig
                0x08005958      0x3a8 CMakeFiles/SmartBarCOM.dir/Drivers/STM32F3xx_HAL_Driver/Src/stm32f3xx_hal_uart.c.obj
                0x08005958                UART_SetConfig
 .text.UART_AdvFeatureConfig
                0x08005d00      0x144 CMakeFiles/SmartBarCOM.dir/Drivers/STM32F3xx_HAL_Driver/Src/stm32f3xx_hal_uart.c.obj
                0x08005d00                UART_AdvFeatureConfig
 .text.UART_CheckIdleState
                0x08005e44      0x150 CMakeFiles/SmartBarCOM.dir/Drivers/STM32F3xx_HAL_Driver/Src/stm32f3xx_hal_uart.c.obj
                0x08005e44                UART_CheckIdleState
 .text.UART_WaitOnFlagUntilTimeout
                0x08005f94       0xda CMakeFiles/SmartBarCOM.dir/Drivers/STM32F3xx_HAL_Driver/Src/stm32f3xx_hal_uart.c.obj
                0x08005f94                UART_WaitOnFlagUntilTimeout
 *fill*         0x0800606e        0x2 
 .text.UART_Start_Receive_IT
                0x08006070      0x18c CMakeFiles/SmartBarCOM.dir/Drivers/STM32F3xx_HAL_Driver/Src/stm32f3xx_hal_uart.c.obj
                0x08006070                UART_Start_Receive_IT
 .text.UART_EndRxTransfer
                0x080061fc       0xc8 CMakeFiles/SmartBarCOM.dir/Drivers/STM32F3xx_HAL_Driver/Src/stm32f3xx_hal_uart.c.obj
 .text.UART_DMAAbortOnError
                0x080062c4       0x2c CMakeFiles/SmartBarCOM.dir/Drivers/STM32F3xx_HAL_Driver/Src/stm32f3xx_hal_uart.c.obj
 .text.UART_EndTransmit_IT
                0x080062f0       0x54 CMakeFiles/SmartBarCOM.dir/Drivers/STM32F3xx_HAL_Driver/Src/stm32f3xx_hal_uart.c.obj
 .text.UART_RxISR_8BIT
                0x08006344      0x1a8 CMakeFiles/SmartBarCOM.dir/Drivers/STM32F3xx_HAL_Driver/Src/stm32f3xx_hal_uart.c.obj
 .text.UART_RxISR_16BIT
                0x080064ec      0x1a8 CMakeFiles/SmartBarCOM.dir/Drivers/STM32F3xx_HAL_Driver/Src/stm32f3xx_hal_uart.c.obj
 .text.HAL_UARTEx_WakeupCallback
                0x08006694       0x14 CMakeFiles/SmartBarCOM.dir/Drivers/STM32F3xx_HAL_Driver/Src/stm32f3xx_hal_uart_ex.c.obj
                0x08006694                HAL_UARTEx_WakeupCallback
 .text.SystemInit
                0x080066a8       0x24 CMakeFiles/SmartBarCOM.dir/Core/Src/system_stm32f3xx.c.obj
                0x080066a8                SystemInit
 .text.vListInitialise
                0x080066cc       0x40 CMakeFiles/SmartBarCOM.dir/Middlewares/Third_Party/FreeRTOS/Source/list.c.obj
                0x080066cc                vListInitialise
 .text.vListInitialiseItem
                0x0800670c       0x1a CMakeFiles/SmartBarCOM.dir/Middlewares/Third_Party/FreeRTOS/Source/list.c.obj
                0x0800670c                vListInitialiseItem
 .text.vListInsertEnd
                0x08006726       0x48 CMakeFiles/SmartBarCOM.dir/Middlewares/Third_Party/FreeRTOS/Source/list.c.obj
                0x08006726                vListInsertEnd
 .text.vListInsert
                0x0800676e       0x72 CMakeFiles/SmartBarCOM.dir/Middlewares/Third_Party/FreeRTOS/Source/list.c.obj
                0x0800676e                vListInsert
 .text.uxListRemove
                0x080067e0       0x54 CMakeFiles/SmartBarCOM.dir/Middlewares/Third_Party/FreeRTOS/Source/list.c.obj
                0x080067e0                uxListRemove
 .text.xQueueGenericReset
                0x08006834       0xd4 CMakeFiles/SmartBarCOM.dir/Middlewares/Third_Party/FreeRTOS/Source/queue.c.obj
                0x08006834                xQueueGenericReset
 .text.xQueueGenericCreateStatic
                0x08006908       0xf8 CMakeFiles/SmartBarCOM.dir/Middlewares/Third_Party/FreeRTOS/Source/queue.c.obj
                0x08006908                xQueueGenericCreateStatic
 .text.prvInitialiseNewQueue
                0x08006a00       0x46 CMakeFiles/SmartBarCOM.dir/Middlewares/Third_Party/FreeRTOS/Source/queue.c.obj
 *fill*         0x08006a46        0x2 
 .text.xQueueGenericSend
                0x08006a48      0x204 CMakeFiles/SmartBarCOM.dir/Middlewares/Third_Party/FreeRTOS/Source/queue.c.obj
                0x08006a48                xQueueGenericSend
 .text.xQueueGenericSendFromISR
                0x08006c4c      0x136 CMakeFiles/SmartBarCOM.dir/Middlewares/Third_Party/FreeRTOS/Source/queue.c.obj
                0x08006c4c                xQueueGenericSendFromISR
 *fill*         0x08006d82        0x2 
 .text.xQueueReceive
                0x08006d84      0x1c4 CMakeFiles/SmartBarCOM.dir/Middlewares/Third_Party/FreeRTOS/Source/queue.c.obj
                0x08006d84                xQueueReceive
 .text.prvCopyDataToQueue
                0x08006f48       0xd4 CMakeFiles/SmartBarCOM.dir/Middlewares/Third_Party/FreeRTOS/Source/queue.c.obj
 .text.prvCopyDataFromQueue
                0x0800701c       0x4c CMakeFiles/SmartBarCOM.dir/Middlewares/Third_Party/FreeRTOS/Source/queue.c.obj
 .text.prvUnlockQueue
                0x08007068       0xa4 CMakeFiles/SmartBarCOM.dir/Middlewares/Third_Party/FreeRTOS/Source/queue.c.obj
 .text.prvIsQueueEmpty
                0x0800710c       0x2c CMakeFiles/SmartBarCOM.dir/Middlewares/Third_Party/FreeRTOS/Source/queue.c.obj
 .text.prvIsQueueFull
                0x08007138       0x30 CMakeFiles/SmartBarCOM.dir/Middlewares/Third_Party/FreeRTOS/Source/queue.c.obj
 .text.vQueueAddToRegistry
                0x08007168       0x54 CMakeFiles/SmartBarCOM.dir/Middlewares/Third_Party/FreeRTOS/Source/queue.c.obj
                0x08007168                vQueueAddToRegistry
 .text.vQueueWaitForMessageRestricted
                0x080071bc       0x68 CMakeFiles/SmartBarCOM.dir/Middlewares/Third_Party/FreeRTOS/Source/queue.c.obj
                0x080071bc                vQueueWaitForMessageRestricted
 .text.xTaskCreateStatic
                0x08007224       0xbe CMakeFiles/SmartBarCOM.dir/Middlewares/Third_Party/FreeRTOS/Source/tasks.c.obj
                0x08007224                xTaskCreateStatic
 .text.xTaskCreate
                0x080072e2       0x8a CMakeFiles/SmartBarCOM.dir/Middlewares/Third_Party/FreeRTOS/Source/tasks.c.obj
                0x080072e2                xTaskCreate
 .text.prvInitialiseNewTask
                0x0800736c      0x110 CMakeFiles/SmartBarCOM.dir/Middlewares/Third_Party/FreeRTOS/Source/tasks.c.obj
 .text.prvAddNewTaskToReadyList
                0x0800747c       0xe0 CMakeFiles/SmartBarCOM.dir/Middlewares/Third_Party/FreeRTOS/Source/tasks.c.obj
 .text.vTaskStartScheduler
                0x0800755c       0xd0 CMakeFiles/SmartBarCOM.dir/Middlewares/Third_Party/FreeRTOS/Source/tasks.c.obj
                0x0800755c                vTaskStartScheduler
 .text.vTaskSuspendAll
                0x0800762c       0x1c CMakeFiles/SmartBarCOM.dir/Middlewares/Third_Party/FreeRTOS/Source/tasks.c.obj
                0x0800762c                vTaskSuspendAll
 .text.xTaskResumeAll
                0x08007648      0x13c CMakeFiles/SmartBarCOM.dir/Middlewares/Third_Party/FreeRTOS/Source/tasks.c.obj
                0x08007648                xTaskResumeAll
 .text.xTaskGetTickCount
                0x08007784       0x20 CMakeFiles/SmartBarCOM.dir/Middlewares/Third_Party/FreeRTOS/Source/tasks.c.obj
                0x08007784                xTaskGetTickCount
 .text.xTaskIncrementTick
                0x080077a4      0x180 CMakeFiles/SmartBarCOM.dir/Middlewares/Third_Party/FreeRTOS/Source/tasks.c.obj
                0x080077a4                xTaskIncrementTick
 .text.vTaskSwitchContext
                0x08007924       0xbc CMakeFiles/SmartBarCOM.dir/Middlewares/Third_Party/FreeRTOS/Source/tasks.c.obj
                0x08007924                vTaskSwitchContext
 .text.vTaskPlaceOnEventList
                0x080079e0       0x4c CMakeFiles/SmartBarCOM.dir/Middlewares/Third_Party/FreeRTOS/Source/tasks.c.obj
                0x080079e0                vTaskPlaceOnEventList
 .text.vTaskPlaceOnEventListRestricted
                0x08007a2c       0x58 CMakeFiles/SmartBarCOM.dir/Middlewares/Third_Party/FreeRTOS/Source/tasks.c.obj
                0x08007a2c                vTaskPlaceOnEventListRestricted
 .text.xTaskRemoveFromEventList
                0x08007a84       0xc8 CMakeFiles/SmartBarCOM.dir/Middlewares/Third_Party/FreeRTOS/Source/tasks.c.obj
                0x08007a84                xTaskRemoveFromEventList
 .text.vTaskInternalSetTimeOutState
                0x08007b4c       0x2c CMakeFiles/SmartBarCOM.dir/Middlewares/Third_Party/FreeRTOS/Source/tasks.c.obj
                0x08007b4c                vTaskInternalSetTimeOutState
 .text.xTaskCheckForTimeOut
                0x08007b78       0xc8 CMakeFiles/SmartBarCOM.dir/Middlewares/Third_Party/FreeRTOS/Source/tasks.c.obj
                0x08007b78                xTaskCheckForTimeOut
 .text.vTaskMissedYield
                0x08007c40       0x18 CMakeFiles/SmartBarCOM.dir/Middlewares/Third_Party/FreeRTOS/Source/tasks.c.obj
                0x08007c40                vTaskMissedYield
 .text.prvIdleTask
                0x08007c58       0x30 CMakeFiles/SmartBarCOM.dir/Middlewares/Third_Party/FreeRTOS/Source/tasks.c.obj
 .text.prvInitialiseTaskLists
                0x08007c88       0x80 CMakeFiles/SmartBarCOM.dir/Middlewares/Third_Party/FreeRTOS/Source/tasks.c.obj
 .text.prvCheckTasksWaitingTermination
                0x08007d08       0x5c CMakeFiles/SmartBarCOM.dir/Middlewares/Third_Party/FreeRTOS/Source/tasks.c.obj
 .text.prvDeleteTCB
                0x08007d64       0x60 CMakeFiles/SmartBarCOM.dir/Middlewares/Third_Party/FreeRTOS/Source/tasks.c.obj
 .text.prvResetNextTaskUnblockTime
                0x08007dc4       0x4c CMakeFiles/SmartBarCOM.dir/Middlewares/Third_Party/FreeRTOS/Source/tasks.c.obj
 .text.xTaskGetSchedulerState
                0x08007e10       0x3c CMakeFiles/SmartBarCOM.dir/Middlewares/Third_Party/FreeRTOS/Source/tasks.c.obj
                0x08007e10                xTaskGetSchedulerState
 .text.xTaskPriorityDisinherit
                0x08007e4c       0xe0 CMakeFiles/SmartBarCOM.dir/Middlewares/Third_Party/FreeRTOS/Source/tasks.c.obj
                0x08007e4c                xTaskPriorityDisinherit
 .text.prvAddCurrentTaskToDelayedList
                0x08007f2c       0xa8 CMakeFiles/SmartBarCOM.dir/Middlewares/Third_Party/FreeRTOS/Source/tasks.c.obj
 .text.xTimerCreateTimerTask
                0x08007fd4       0x94 CMakeFiles/SmartBarCOM.dir/Middlewares/Third_Party/FreeRTOS/Source/timers.c.obj
                0x08007fd4                xTimerCreateTimerTask
 .text.xTimerGenericCommand
                0x08008068       0x9c CMakeFiles/SmartBarCOM.dir/Middlewares/Third_Party/FreeRTOS/Source/timers.c.obj
                0x08008068                xTimerGenericCommand
 .text.prvProcessExpiredTimer
                0x08008104       0x84 CMakeFiles/SmartBarCOM.dir/Middlewares/Third_Party/FreeRTOS/Source/timers.c.obj
 .text.prvTimerTask
                0x08008188       0x26 CMakeFiles/SmartBarCOM.dir/Middlewares/Third_Party/FreeRTOS/Source/timers.c.obj
 *fill*         0x080081ae        0x2 
 .text.prvProcessTimerOrBlockTask
                0x080081b0       0x9c CMakeFiles/SmartBarCOM.dir/Middlewares/Third_Party/FreeRTOS/Source/timers.c.obj
 .text.prvGetNextExpireTime
                0x0800824c       0x48 CMakeFiles/SmartBarCOM.dir/Middlewares/Third_Party/FreeRTOS/Source/timers.c.obj
 .text.prvSampleTimeNow
                0x08008294       0x40 CMakeFiles/SmartBarCOM.dir/Middlewares/Third_Party/FreeRTOS/Source/timers.c.obj
 .text.prvInsertTimerInActiveList
                0x080082d4       0x84 CMakeFiles/SmartBarCOM.dir/Middlewares/Third_Party/FreeRTOS/Source/timers.c.obj
 .text.prvProcessReceivedCommands
                0x08008358      0x178 CMakeFiles/SmartBarCOM.dir/Middlewares/Third_Party/FreeRTOS/Source/timers.c.obj
 .text.prvSwitchTimerLists
                0x080084d0       0xc4 CMakeFiles/SmartBarCOM.dir/Middlewares/Third_Party/FreeRTOS/Source/timers.c.obj
 .text.prvCheckForValidListAndQueue
                0x08008594       0x80 CMakeFiles/SmartBarCOM.dir/Middlewares/Third_Party/FreeRTOS/Source/timers.c.obj
 .text.osKernelInitialize
                0x08008614       0x68 CMakeFiles/SmartBarCOM.dir/Middlewares/Third_Party/FreeRTOS/Source/CMSIS_RTOS_V2/cmsis_os2.c.obj
                0x08008614                osKernelInitialize
 .text.osKernelStart
                0x0800867c       0x68 CMakeFiles/SmartBarCOM.dir/Middlewares/Third_Party/FreeRTOS/Source/CMSIS_RTOS_V2/cmsis_os2.c.obj
                0x0800867c                osKernelStart
 .text.osThreadNew
                0x080086e4      0x154 CMakeFiles/SmartBarCOM.dir/Middlewares/Third_Party/FreeRTOS/Source/CMSIS_RTOS_V2/cmsis_os2.c.obj
                0x080086e4                osThreadNew
 .text.vApplicationGetIdleTaskMemory
                0x08008838       0x34 CMakeFiles/SmartBarCOM.dir/Middlewares/Third_Party/FreeRTOS/Source/CMSIS_RTOS_V2/cmsis_os2.c.obj
                0x08008838                vApplicationGetIdleTaskMemory
 .text.vApplicationGetTimerTaskMemory
                0x0800886c       0x34 CMakeFiles/SmartBarCOM.dir/Middlewares/Third_Party/FreeRTOS/Source/CMSIS_RTOS_V2/cmsis_os2.c.obj
                0x0800886c                vApplicationGetTimerTaskMemory
 .text.pvPortMalloc
                0x080088a0      0x190 CMakeFiles/SmartBarCOM.dir/Middlewares/Third_Party/FreeRTOS/Source/portable/MemMang/heap_4.c.obj
                0x080088a0                pvPortMalloc
 .text.vPortFree
                0x08008a30       0xb8 CMakeFiles/SmartBarCOM.dir/Middlewares/Third_Party/FreeRTOS/Source/portable/MemMang/heap_4.c.obj
                0x08008a30                vPortFree
 .text.prvHeapInit
                0x08008ae8       0xc4 CMakeFiles/SmartBarCOM.dir/Middlewares/Third_Party/FreeRTOS/Source/portable/MemMang/heap_4.c.obj
 .text.prvInsertBlockIntoFreeList
                0x08008bac       0xb4 CMakeFiles/SmartBarCOM.dir/Middlewares/Third_Party/FreeRTOS/Source/portable/MemMang/heap_4.c.obj
 .text.pxPortInitialiseStack
                0x08008c60       0x68 CMakeFiles/SmartBarCOM.dir/Middlewares/Third_Party/FreeRTOS/Source/portable/GCC/ARM_CM4F/port.c.obj
                0x08008c60                pxPortInitialiseStack
 .text.prvTaskExitError
                0x08008cc8       0x5c CMakeFiles/SmartBarCOM.dir/Middlewares/Third_Party/FreeRTOS/Source/portable/GCC/ARM_CM4F/port.c.obj
 *fill*         0x08008d24        0xc 
 .text.SVC_Handler
                0x08008d30       0x28 CMakeFiles/SmartBarCOM.dir/Middlewares/Third_Party/FreeRTOS/Source/portable/GCC/ARM_CM4F/port.c.obj
                0x08008d30                SVC_Handler
 .text.prvPortStartFirstTask
                0x08008d58       0x28 CMakeFiles/SmartBarCOM.dir/Middlewares/Third_Party/FreeRTOS/Source/portable/GCC/ARM_CM4F/port.c.obj
 .text.xPortStartScheduler
                0x08008d80      0x148 CMakeFiles/SmartBarCOM.dir/Middlewares/Third_Party/FreeRTOS/Source/portable/GCC/ARM_CM4F/port.c.obj
                0x08008d80                xPortStartScheduler
 .text.vPortEnterCritical
                0x08008ec8       0x64 CMakeFiles/SmartBarCOM.dir/Middlewares/Third_Party/FreeRTOS/Source/portable/GCC/ARM_CM4F/port.c.obj
                0x08008ec8                vPortEnterCritical
 .text.vPortExitCritical
                0x08008f2c       0x54 CMakeFiles/SmartBarCOM.dir/Middlewares/Third_Party/FreeRTOS/Source/portable/GCC/ARM_CM4F/port.c.obj
                0x08008f2c                vPortExitCritical
 .text.PendSV_Handler
                0x08008f80       0x68 CMakeFiles/SmartBarCOM.dir/Middlewares/Third_Party/FreeRTOS/Source/portable/GCC/ARM_CM4F/port.c.obj
                0x08008f80                PendSV_Handler
 .text.SysTick_Handler
                0x08008fe8       0x44 CMakeFiles/SmartBarCOM.dir/Middlewares/Third_Party/FreeRTOS/Source/portable/GCC/ARM_CM4F/port.c.obj
                0x08008fe8                SysTick_Handler
 .text.vPortSetupTimerInterrupt
                0x0800902c       0x48 CMakeFiles/SmartBarCOM.dir/Middlewares/Third_Party/FreeRTOS/Source/portable/GCC/ARM_CM4F/port.c.obj
                0x0800902c                vPortSetupTimerInterrupt
 .text.vPortEnableVFP
                0x08009074       0x14 CMakeFiles/SmartBarCOM.dir/Middlewares/Third_Party/FreeRTOS/Source/portable/GCC/ARM_CM4F/port.c.obj
 .text.vPortValidateInterruptPriority
                0x08009088       0x84 CMakeFiles/SmartBarCOM.dir/Middlewares/Third_Party/FreeRTOS/Source/portable/GCC/ARM_CM4F/port.c.obj
                0x08009088                vPortValidateInterruptPriority
 .text._sbrk    0x0800910c       0x6c CMakeFiles/SmartBarCOM.dir/Core/Src/sysmem.c.obj
                0x0800910c                _sbrk
 .text._getpid  0x08009178       0x10 CMakeFiles/SmartBarCOM.dir/Core/Src/syscalls.c.obj
                0x08009178                _getpid
 .text._kill    0x08009188       0x20 CMakeFiles/SmartBarCOM.dir/Core/Src/syscalls.c.obj
                0x08009188                _kill
 .text._exit    0x080091a8       0x16 CMakeFiles/SmartBarCOM.dir/Core/Src/syscalls.c.obj
                0x080091a8                _exit
 .text._read    0x080091be       0x3a CMakeFiles/SmartBarCOM.dir/Core/Src/syscalls.c.obj
                0x080091be                _read
 .text._write   0x080091f8       0x38 CMakeFiles/SmartBarCOM.dir/Core/Src/syscalls.c.obj
                0x080091f8                _write
 .text._close   0x08009230       0x18 CMakeFiles/SmartBarCOM.dir/Core/Src/syscalls.c.obj
                0x08009230                _close
 .text._fstat   0x08009248       0x20 CMakeFiles/SmartBarCOM.dir/Core/Src/syscalls.c.obj
                0x08009248                _fstat
 .text._isatty  0x08009268       0x16 CMakeFiles/SmartBarCOM.dir/Core/Src/syscalls.c.obj
                0x08009268                _isatty
 .text._lseek   0x0800927e       0x1a CMakeFiles/SmartBarCOM.dir/Core/Src/syscalls.c.obj
                0x0800927e                _lseek
 .text.Reset_Handler
                0x08009298       0x50 CMakeFiles/SmartBarCOM.dir/startup_stm32f303xe.s.obj
                0x08009298                Reset_Handler
 .text.Default_Handler
                0x080092e8        0x2 CMakeFiles/SmartBarCOM.dir/startup_stm32f303xe.s.obj
                0x080092e8                RTC_Alarm_IRQHandler
                0x080092e8                TIM8_TRG_COM_IRQHandler
                0x080092e8                TIM8_CC_IRQHandler
                0x080092e8                SPI4_IRQHandler
                0x080092e8                TIM1_CC_IRQHandler
                0x080092e8                USB_HP_IRQHandler
                0x080092e8                PVD_IRQHandler
                0x080092e8                TAMP_STAMP_IRQHandler
                0x080092e8                EXTI3_IRQHandler
                0x080092e8                I2C3_ER_IRQHandler
                0x080092e8                USB_HP_CAN_TX_IRQHandler
                0x080092e8                EXTI0_IRQHandler
                0x080092e8                I2C2_EV_IRQHandler
                0x080092e8                FPU_IRQHandler
                0x080092e8                TIM1_UP_TIM16_IRQHandler
                0x080092e8                ADC1_2_IRQHandler
                0x080092e8                SPI1_IRQHandler
                0x080092e8                CAN_SCE_IRQHandler
                0x080092e8                TIM8_UP_IRQHandler
                0x080092e8                DMA2_Channel2_IRQHandler
                0x080092e8                DMA1_Channel4_IRQHandler
                0x080092e8                TIM20_TRG_COM_IRQHandler
                0x080092e8                DMA1_Channel7_IRQHandler
                0x080092e8                UART5_IRQHandler
                0x080092e8                ADC3_IRQHandler
                0x080092e8                TIM4_IRQHandler
                0x080092e8                CAN_RX1_IRQHandler
                0x080092e8                DMA2_Channel1_IRQHandler
                0x080092e8                I2C1_EV_IRQHandler
                0x080092e8                DMA1_Channel6_IRQHandler
                0x080092e8                UART4_IRQHandler
                0x080092e8                DMA2_Channel4_IRQHandler
                0x080092e8                TIM3_IRQHandler
                0x080092e8                RCC_IRQHandler
                0x080092e8                TIM20_UP_IRQHandler
                0x080092e8                DMA1_Channel1_IRQHandler
                0x080092e8                Default_Handler
                0x080092e8                USBWakeUp_RMP_IRQHandler
                0x080092e8                EXTI15_10_IRQHandler
                0x080092e8                TIM7_IRQHandler
                0x080092e8                I2C3_EV_IRQHandler
                0x080092e8                EXTI9_5_IRQHandler
                0x080092e8                RTC_WKUP_IRQHandler
                0x080092e8                SPI2_IRQHandler
                0x080092e8                USB_LP_CAN_RX0_IRQHandler
                0x080092e8                DMA2_Channel5_IRQHandler
                0x080092e8                DMA1_Channel5_IRQHandler
                0x080092e8                USB_LP_IRQHandler
                0x080092e8                EXTI4_IRQHandler
                0x080092e8                TIM1_TRG_COM_TIM17_IRQHandler
                0x080092e8                DMA1_Channel3_IRQHandler
                0x080092e8                ADC4_IRQHandler
                0x080092e8                WWDG_IRQHandler
                0x080092e8                TIM2_IRQHandler
                0x080092e8                COMP7_IRQHandler
                0x080092e8                COMP1_2_3_IRQHandler
                0x080092e8                EXTI1_IRQHandler
                0x080092e8                COMP4_5_6_IRQHandler
                0x080092e8                TIM20_BRK_IRQHandler
                0x080092e8                I2C2_ER_IRQHandler
                0x080092e8                DMA1_Channel2_IRQHandler
                0x080092e8                TIM8_BRK_IRQHandler
                0x080092e8                FLASH_IRQHandler
                0x080092e8                TIM20_CC_IRQHandler
                0x080092e8                USART1_IRQHandler
                0x080092e8                SPI3_IRQHandler
                0x080092e8                I2C1_ER_IRQHandler
                0x080092e8                FMC_IRQHandler
                0x080092e8                USBWakeUp_IRQHandler
                0x080092e8                DMA2_Channel3_IRQHandler
                0x080092e8                EXTI2_TSC_IRQHandler
                0x080092e8                TIM1_BRK_TIM15_IRQHandler
 .text.atof     0x080092ea        0x6 D:/Programs/STMicroelectronics/STM32CubeCLT_1.16.0/GNU-tools-for-STM32/bin/../lib/gcc/arm-none-eabi/12.3.1/../../../../arm-none-eabi/lib/thumb/v7e-m+fp/hard\libg_nano.a(libc_a-atof.o)
                0x080092ea                atof
 .text.atoi     0x080092f0        0x8 D:/Programs/STMicroelectronics/STM32CubeCLT_1.16.0/GNU-tools-for-STM32/bin/../lib/gcc/arm-none-eabi/12.3.1/../../../../arm-none-eabi/lib/thumb/v7e-m+fp/hard\libg_nano.a(libc_a-atoi.o)
                0x080092f0                atoi
 .text.sulp     0x080092f8       0x3c D:/Programs/STMicroelectronics/STM32CubeCLT_1.16.0/GNU-tools-for-STM32/bin/../lib/gcc/arm-none-eabi/12.3.1/../../../../arm-none-eabi/lib/thumb/v7e-m+fp/hard\libg_nano.a(libc_a-strtod.o)
 *fill*         0x08009334        0x4 
 .text._strtod_l
                0x08009338      0xbc8 D:/Programs/STMicroelectronics/STM32CubeCLT_1.16.0/GNU-tools-for-STM32/bin/../lib/gcc/arm-none-eabi/12.3.1/../../../../arm-none-eabi/lib/thumb/v7e-m+fp/hard\libg_nano.a(libc_a-strtod.o)
                0x08009338                _strtod_l
 .text.strtod   0x08009f00       0x18 D:/Programs/STMicroelectronics/STM32CubeCLT_1.16.0/GNU-tools-for-STM32/bin/../lib/gcc/arm-none-eabi/12.3.1/../../../../arm-none-eabi/lib/thumb/v7e-m+fp/hard\libg_nano.a(libc_a-strtod.o)
                0x08009f00                strtod
 .text._strtol_l.constprop.0
                0x08009f18       0xf4 D:/Programs/STMicroelectronics/STM32CubeCLT_1.16.0/GNU-tools-for-STM32/bin/../lib/gcc/arm-none-eabi/12.3.1/../../../../arm-none-eabi/lib/thumb/v7e-m+fp/hard\libg_nano.a(libc_a-strtol.o)
 .text.strtol   0x0800a00c       0x14 D:/Programs/STMicroelectronics/STM32CubeCLT_1.16.0/GNU-tools-for-STM32/bin/../lib/gcc/arm-none-eabi/12.3.1/../../../../arm-none-eabi/lib/thumb/v7e-m+fp/hard\libg_nano.a(libc_a-strtol.o)
                0x0800a00c                strtol
 .text.strncmp  0x0800a020       0x24 D:/Programs/STMicroelectronics/STM32CubeCLT_1.16.0/GNU-tools-for-STM32/bin/../lib/gcc/arm-none-eabi/12.3.1/../../../../arm-none-eabi/lib/thumb/v7e-m+fp/hard\libg_nano.a(libc_a-strncmp.o)
                0x0800a020                strncmp
 .text.strtok   0x0800a044       0x68 D:/Programs/STMicroelectronics/STM32CubeCLT_1.16.0/GNU-tools-for-STM32/bin/../lib/gcc/arm-none-eabi/12.3.1/../../../../arm-none-eabi/lib/thumb/v7e-m+fp/hard\libg_nano.a(libc_a-strtok.o)
                0x0800a044                strtok
 .text.__strtok_r
                0x0800a0ac       0x50 D:/Programs/STMicroelectronics/STM32CubeCLT_1.16.0/GNU-tools-for-STM32/bin/../lib/gcc/arm-none-eabi/12.3.1/../../../../arm-none-eabi/lib/thumb/v7e-m+fp/hard\libg_nano.a(libc_a-strtok_r.o)
                0x0800a0ac                __strtok_r
 .text.__errno  0x0800a0fc        0xc D:/Programs/STMicroelectronics/STM32CubeCLT_1.16.0/GNU-tools-for-STM32/bin/../lib/gcc/arm-none-eabi/12.3.1/../../../../arm-none-eabi/lib/thumb/v7e-m+fp/hard\libg_nano.a(libc_a-errno.o)
                0x0800a0fc                __errno
 .text.strcpy   0x0800a108       0x10 D:/Programs/STMicroelectronics/STM32CubeCLT_1.16.0/GNU-tools-for-STM32/bin/../lib/gcc/arm-none-eabi/12.3.1/../../../../arm-none-eabi/lib/thumb/v7e-m+fp/hard\libg_nano.a(libc_a-strcpy.o)
                0x0800a108                strcpy
 .text.memcpy   0x0800a118       0x1c D:/Programs/STMicroelectronics/STM32CubeCLT_1.16.0/GNU-tools-for-STM32/bin/../lib/gcc/arm-none-eabi/12.3.1/../../../../arm-none-eabi/lib/thumb/v7e-m+fp/hard\libg_nano.a(libc_a-memcpy-stub.o)
                0x0800a118                memcpy
 *fill*         0x0800a134        0x4 
 .text.nan      0x0800a138       0x10 D:/Programs/STMicroelectronics/STM32CubeCLT_1.16.0/GNU-tools-for-STM32/bin/../lib/gcc/arm-none-eabi/12.3.1/../../../../arm-none-eabi/lib/thumb/v7e-m+fp/hard\libg_nano.a(libm_a-s_nan.o)
                0x0800a138                nan
 .text.__assert_func
                0x0800a148       0x3c D:/Programs/STMicroelectronics/STM32CubeCLT_1.16.0/GNU-tools-for-STM32/bin/../lib/gcc/arm-none-eabi/12.3.1/../../../../arm-none-eabi/lib/thumb/v7e-m+fp/hard\libg_nano.a(libc_a-assert.o)
                0x0800a148                __assert_func
 .text.rshift   0x0800a184       0xa4 D:/Programs/STMicroelectronics/STM32CubeCLT_1.16.0/GNU-tools-for-STM32/bin/../lib/gcc/arm-none-eabi/12.3.1/../../../../arm-none-eabi/lib/thumb/v7e-m+fp/hard\libg_nano.a(libc_a-gdtoa-gethex.o)
 .text.__hexdig_fun
                0x0800a228       0x2a D:/Programs/STMicroelectronics/STM32CubeCLT_1.16.0/GNU-tools-for-STM32/bin/../lib/gcc/arm-none-eabi/12.3.1/../../../../arm-none-eabi/lib/thumb/v7e-m+fp/hard\libg_nano.a(libc_a-gdtoa-gethex.o)
                0x0800a228                __hexdig_fun
 *fill*         0x0800a252        0x2 
 .text.__gethex
                0x0800a254      0x420 D:/Programs/STMicroelectronics/STM32CubeCLT_1.16.0/GNU-tools-for-STM32/bin/../lib/gcc/arm-none-eabi/12.3.1/../../../../arm-none-eabi/lib/thumb/v7e-m+fp/hard\libg_nano.a(libc_a-gdtoa-gethex.o)
                0x0800a254                __gethex
 .text.L_shift  0x0800a674       0x24 D:/Programs/STMicroelectronics/STM32CubeCLT_1.16.0/GNU-tools-for-STM32/bin/../lib/gcc/arm-none-eabi/12.3.1/../../../../arm-none-eabi/lib/thumb/v7e-m+fp/hard\libg_nano.a(libc_a-gdtoa-hexnan.o)
 .text.__match  0x0800a698       0x28 D:/Programs/STMicroelectronics/STM32CubeCLT_1.16.0/GNU-tools-for-STM32/bin/../lib/gcc/arm-none-eabi/12.3.1/../../../../arm-none-eabi/lib/thumb/v7e-m+fp/hard\libg_nano.a(libc_a-gdtoa-hexnan.o)
                0x0800a698                __match
 .text.__hexnan
                0x0800a6c0      0x136 D:/Programs/STMicroelectronics/STM32CubeCLT_1.16.0/GNU-tools-for-STM32/bin/../lib/gcc/arm-none-eabi/12.3.1/../../../../arm-none-eabi/lib/thumb/v7e-m+fp/hard\libg_nano.a(libc_a-gdtoa-hexnan.o)
                0x0800a6c0                __hexnan
 *fill*         0x0800a7f6        0x2 
 .text.malloc   0x0800a7f8       0x10 D:/Programs/STMicroelectronics/STM32CubeCLT_1.16.0/GNU-tools-for-STM32/bin/../lib/gcc/arm-none-eabi/12.3.1/../../../../arm-none-eabi/lib/thumb/v7e-m+fp/hard\libg_nano.a(libc_a-malloc.o)
                0x0800a7f8                malloc
 .text.__ascii_mbtowc
                0x0800a808       0x24 D:/Programs/STMicroelectronics/STM32CubeCLT_1.16.0/GNU-tools-for-STM32/bin/../lib/gcc/arm-none-eabi/12.3.1/../../../../arm-none-eabi/lib/thumb/v7e-m+fp/hard\libg_nano.a(libc_a-mbtowc_r.o)
                0x0800a808                __ascii_mbtowc
 .text._Balloc  0x0800a82c       0x80 D:/Programs/STMicroelectronics/STM32CubeCLT_1.16.0/GNU-tools-for-STM32/bin/../lib/gcc/arm-none-eabi/12.3.1/../../../../arm-none-eabi/lib/thumb/v7e-m+fp/hard\libg_nano.a(libc_a-mprec.o)
                0x0800a82c                _Balloc
 .text._Bfree   0x0800a8ac       0x44 D:/Programs/STMicroelectronics/STM32CubeCLT_1.16.0/GNU-tools-for-STM32/bin/../lib/gcc/arm-none-eabi/12.3.1/../../../../arm-none-eabi/lib/thumb/v7e-m+fp/hard\libg_nano.a(libc_a-mprec.o)
                0x0800a8ac                _Bfree
 .text.__multadd
                0x0800a8f0       0x8c D:/Programs/STMicroelectronics/STM32CubeCLT_1.16.0/GNU-tools-for-STM32/bin/../lib/gcc/arm-none-eabi/12.3.1/../../../../arm-none-eabi/lib/thumb/v7e-m+fp/hard\libg_nano.a(libc_a-mprec.o)
                0x0800a8f0                __multadd
 .text.__s2b    0x0800a97c       0x94 D:/Programs/STMicroelectronics/STM32CubeCLT_1.16.0/GNU-tools-for-STM32/bin/../lib/gcc/arm-none-eabi/12.3.1/../../../../arm-none-eabi/lib/thumb/v7e-m+fp/hard\libg_nano.a(libc_a-mprec.o)
                0x0800a97c                __s2b
 .text.__hi0bits
                0x0800aa10       0x3e D:/Programs/STMicroelectronics/STM32CubeCLT_1.16.0/GNU-tools-for-STM32/bin/../lib/gcc/arm-none-eabi/12.3.1/../../../../arm-none-eabi/lib/thumb/v7e-m+fp/hard\libg_nano.a(libc_a-mprec.o)
                0x0800aa10                __hi0bits
 .text.__lo0bits
                0x0800aa4e       0x5a D:/Programs/STMicroelectronics/STM32CubeCLT_1.16.0/GNU-tools-for-STM32/bin/../lib/gcc/arm-none-eabi/12.3.1/../../../../arm-none-eabi/lib/thumb/v7e-m+fp/hard\libg_nano.a(libc_a-mprec.o)
                0x0800aa4e                __lo0bits
 .text.__i2b    0x0800aaa8       0x2c D:/Programs/STMicroelectronics/STM32CubeCLT_1.16.0/GNU-tools-for-STM32/bin/../lib/gcc/arm-none-eabi/12.3.1/../../../../arm-none-eabi/lib/thumb/v7e-m+fp/hard\libg_nano.a(libc_a-mprec.o)
                0x0800aaa8                __i2b
 .text.__multiply
                0x0800aad4      0x154 D:/Programs/STMicroelectronics/STM32CubeCLT_1.16.0/GNU-tools-for-STM32/bin/../lib/gcc/arm-none-eabi/12.3.1/../../../../arm-none-eabi/lib/thumb/v7e-m+fp/hard\libg_nano.a(libc_a-mprec.o)
                0x0800aad4                __multiply
 .text.__pow5mult
                0x0800ac28       0xb4 D:/Programs/STMicroelectronics/STM32CubeCLT_1.16.0/GNU-tools-for-STM32/bin/../lib/gcc/arm-none-eabi/12.3.1/../../../../arm-none-eabi/lib/thumb/v7e-m+fp/hard\libg_nano.a(libc_a-mprec.o)
                0x0800ac28                __pow5mult
 .text.__lshift
                0x0800acdc       0xd8 D:/Programs/STMicroelectronics/STM32CubeCLT_1.16.0/GNU-tools-for-STM32/bin/../lib/gcc/arm-none-eabi/12.3.1/../../../../arm-none-eabi/lib/thumb/v7e-m+fp/hard\libg_nano.a(libc_a-mprec.o)
                0x0800acdc                __lshift
 .text.__mcmp   0x0800adb4       0x36 D:/Programs/STMicroelectronics/STM32CubeCLT_1.16.0/GNU-tools-for-STM32/bin/../lib/gcc/arm-none-eabi/12.3.1/../../../../arm-none-eabi/lib/thumb/v7e-m+fp/hard\libg_nano.a(libc_a-mprec.o)
                0x0800adb4                __mcmp
 *fill*         0x0800adea        0x2 
 .text.__mdiff  0x0800adec      0x128 D:/Programs/STMicroelectronics/STM32CubeCLT_1.16.0/GNU-tools-for-STM32/bin/../lib/gcc/arm-none-eabi/12.3.1/../../../../arm-none-eabi/lib/thumb/v7e-m+fp/hard\libg_nano.a(libc_a-mprec.o)
                0x0800adec                __mdiff
 .text.__ulp    0x0800af14       0x4c D:/Programs/STMicroelectronics/STM32CubeCLT_1.16.0/GNU-tools-for-STM32/bin/../lib/gcc/arm-none-eabi/12.3.1/../../../../arm-none-eabi/lib/thumb/v7e-m+fp/hard\libg_nano.a(libc_a-mprec.o)
                0x0800af14                __ulp
 .text.__b2d    0x0800af60       0x94 D:/Programs/STMicroelectronics/STM32CubeCLT_1.16.0/GNU-tools-for-STM32/bin/../lib/gcc/arm-none-eabi/12.3.1/../../../../arm-none-eabi/lib/thumb/v7e-m+fp/hard\libg_nano.a(libc_a-mprec.o)
                0x0800af60                __b2d
 .text.__d2b    0x0800aff4       0xb0 D:/Programs/STMicroelectronics/STM32CubeCLT_1.16.0/GNU-tools-for-STM32/bin/../lib/gcc/arm-none-eabi/12.3.1/../../../../arm-none-eabi/lib/thumb/v7e-m+fp/hard\libg_nano.a(libc_a-mprec.o)
                0x0800aff4                __d2b
 .text.__ratio  0x0800b0a4       0x64 D:/Programs/STMicroelectronics/STM32CubeCLT_1.16.0/GNU-tools-for-STM32/bin/../lib/gcc/arm-none-eabi/12.3.1/../../../../arm-none-eabi/lib/thumb/v7e-m+fp/hard\libg_nano.a(libc_a-mprec.o)
                0x0800b0a4                __ratio
 .text.__copybits
                0x0800b108       0x46 D:/Programs/STMicroelectronics/STM32CubeCLT_1.16.0/GNU-tools-for-STM32/bin/../lib/gcc/arm-none-eabi/12.3.1/../../../../arm-none-eabi/lib/thumb/v7e-m+fp/hard\libg_nano.a(libc_a-mprec.o)
                0x0800b108                __copybits
 .text.__any_on
                0x0800b14e       0x42 D:/Programs/STMicroelectronics/STM32CubeCLT_1.16.0/GNU-tools-for-STM32/bin/../lib/gcc/arm-none-eabi/12.3.1/../../../../arm-none-eabi/lib/thumb/v7e-m+fp/hard\libg_nano.a(libc_a-mprec.o)
                0x0800b14e                __any_on
 .text.__ascii_wctomb
                0x0800b190       0x1a D:/Programs/STMicroelectronics/STM32CubeCLT_1.16.0/GNU-tools-for-STM32/bin/../lib/gcc/arm-none-eabi/12.3.1/../../../../arm-none-eabi/lib/thumb/v7e-m+fp/hard\libg_nano.a(libc_a-wctomb_r.o)
                0x0800b190                __ascii_wctomb
 *fill*         0x0800b1aa        0x2 
 .text.fprintf  0x0800b1ac       0x24 D:/Programs/STMicroelectronics/STM32CubeCLT_1.16.0/GNU-tools-for-STM32/bin/../lib/gcc/arm-none-eabi/12.3.1/../../../../arm-none-eabi/lib/thumb/v7e-m+fp/hard\libg_nano.a(libc_a-fprintf.o)
                0x0800b1ac                fiprintf
                0x0800b1ac                fprintf
 .text.abort    0x0800b1d0        0xe D:/Programs/STMicroelectronics/STM32CubeCLT_1.16.0/GNU-tools-for-STM32/bin/../lib/gcc/arm-none-eabi/12.3.1/../../../../arm-none-eabi/lib/thumb/v7e-m+fp/hard\libg_nano.a(libc_a-abort.o)
                0x0800b1d0                abort
 .text._calloc_r
                0x0800b1de       0x28 D:/Programs/STMicroelectronics/STM32CubeCLT_1.16.0/GNU-tools-for-STM32/bin/../lib/gcc/arm-none-eabi/12.3.1/../../../../arm-none-eabi/lib/thumb/v7e-m+fp/hard\libg_nano.a(libc_a-callocr.o)
                0x0800b1de                _calloc_r
 .text.__sfputc_r
                0x0800b206       0x2e D:/Programs/STMicroelectronics/STM32CubeCLT_1.16.0/GNU-tools-for-STM32/bin/../lib/gcc/arm-none-eabi/12.3.1/../../../../arm-none-eabi/lib/thumb/v7e-m+fp/hard\libg_nano.a(libc_a-nano-vfprintf.o)
 .text.__sfputs_r
                0x0800b234       0x24 D:/Programs/STMicroelectronics/STM32CubeCLT_1.16.0/GNU-tools-for-STM32/bin/../lib/gcc/arm-none-eabi/12.3.1/../../../../arm-none-eabi/lib/thumb/v7e-m+fp/hard\libg_nano.a(libc_a-nano-vfprintf.o)
                0x0800b234                __sfputs_r
 .text._vfprintf_r
                0x0800b258      0x230 D:/Programs/STMicroelectronics/STM32CubeCLT_1.16.0/GNU-tools-for-STM32/bin/../lib/gcc/arm-none-eabi/12.3.1/../../../../arm-none-eabi/lib/thumb/v7e-m+fp/hard\libg_nano.a(libc_a-nano-vfprintf.o)
                0x0800b258                _vfprintf_r
                0x0800b258                _vfiprintf_r
 .text._printf_common
                0x0800b488       0xda D:/Programs/STMicroelectronics/STM32CubeCLT_1.16.0/GNU-tools-for-STM32/bin/../lib/gcc/arm-none-eabi/12.3.1/../../../../arm-none-eabi/lib/thumb/v7e-m+fp/hard\libg_nano.a(libc_a-nano-vfprintf_i.o)
                0x0800b488                _printf_common
 *fill*         0x0800b562        0x2 
 .text._printf_i
                0x0800b564      0x240 D:/Programs/STMicroelectronics/STM32CubeCLT_1.16.0/GNU-tools-for-STM32/bin/../lib/gcc/arm-none-eabi/12.3.1/../../../../arm-none-eabi/lib/thumb/v7e-m+fp/hard\libg_nano.a(libc_a-nano-vfprintf_i.o)
                0x0800b564                _printf_i
 .text.__swbuf_r
                0x0800b7a4       0x7c D:/Programs/STMicroelectronics/STM32CubeCLT_1.16.0/GNU-tools-for-STM32/bin/../lib/gcc/arm-none-eabi/12.3.1/../../../../arm-none-eabi/lib/thumb/v7e-m+fp/hard\libg_nano.a(libc_a-wbuf.o)
                0x0800b7a4                __swbuf_r
 .text.__swsetup_r
                0x0800b820       0xac D:/Programs/STMicroelectronics/STM32CubeCLT_1.16.0/GNU-tools-for-STM32/bin/../lib/gcc/arm-none-eabi/12.3.1/../../../../arm-none-eabi/lib/thumb/v7e-m+fp/hard\libg_nano.a(libc_a-wsetup.o)
                0x0800b820                __swsetup_r
 .text._raise_r
                0x0800b8cc       0x50 D:/Programs/STMicroelectronics/STM32CubeCLT_1.16.0/GNU-tools-for-STM32/bin/../lib/gcc/arm-none-eabi/12.3.1/../../../../arm-none-eabi/lib/thumb/v7e-m+fp/hard\libg_nano.a(libc_a-signal.o)
                0x0800b8cc                _raise_r
 .text.raise    0x0800b91c       0x10 D:/Programs/STMicroelectronics/STM32CubeCLT_1.16.0/GNU-tools-for-STM32/bin/../lib/gcc/arm-none-eabi/12.3.1/../../../../arm-none-eabi/lib/thumb/v7e-m+fp/hard\libg_nano.a(libc_a-signal.o)
                0x0800b91c                raise
 .text._kill_r  0x0800b92c       0x24 D:/Programs/STMicroelectronics/STM32CubeCLT_1.16.0/GNU-tools-for-STM32/bin/../lib/gcc/arm-none-eabi/12.3.1/../../../../arm-none-eabi/lib/thumb/v7e-m+fp/hard\libg_nano.a(libc_a-signalr.o)
                0x0800b92c                _kill_r
 .text._getpid_r
                0x0800b950        0x4 D:/Programs/STMicroelectronics/STM32CubeCLT_1.16.0/GNU-tools-for-STM32/bin/../lib/gcc/arm-none-eabi/12.3.1/../../../../arm-none-eabi/lib/thumb/v7e-m+fp/hard\libg_nano.a(libc_a-signalr.o)
                0x0800b950                _getpid_r
 .text.__swhatbuf_r
                0x0800b954       0x4c D:/Programs/STMicroelectronics/STM32CubeCLT_1.16.0/GNU-tools-for-STM32/bin/../lib/gcc/arm-none-eabi/12.3.1/../../../../arm-none-eabi/lib/thumb/v7e-m+fp/hard\libg_nano.a(libc_a-makebuf.o)
                0x0800b954                __swhatbuf_r
 .text.__smakebuf_r
                0x0800b9a0       0x78 D:/Programs/STMicroelectronics/STM32CubeCLT_1.16.0/GNU-tools-for-STM32/bin/../lib/gcc/arm-none-eabi/12.3.1/../../../../arm-none-eabi/lib/thumb/v7e-m+fp/hard\libg_nano.a(libc_a-makebuf.o)
                0x0800b9a0                __smakebuf_r
 .text._fstat_r
                0x0800ba18       0x24 D:/Programs/STMicroelectronics/STM32CubeCLT_1.16.0/GNU-tools-for-STM32/bin/../lib/gcc/arm-none-eabi/12.3.1/../../../../arm-none-eabi/lib/thumb/v7e-m+fp/hard\libg_nano.a(libc_a-fstatr.o)
                0x0800ba18                _fstat_r
 .text._isatty_r
                0x0800ba3c       0x20 D:/Programs/STMicroelectronics/STM32CubeCLT_1.16.0/GNU-tools-for-STM32/bin/../lib/gcc/arm-none-eabi/12.3.1/../../../../arm-none-eabi/lib/thumb/v7e-m+fp/hard\libg_nano.a(libc_a-isattyr.o)
                0x0800ba3c                _isatty_r
 *(.glue_7)
 .glue_7        0x0800ba5c        0x0 linker stubs
 *(.glue_7t)
 .glue_7t       0x0800ba5c        0x0 linker stubs
 *(.eh_frame)
 .eh_frame      0x0800ba5c        0x0 D:/Programs/STMicroelectronics/STM32CubeCLT_1.16.0/GNU-tools-for-STM32/bin/../lib/gcc/arm-none-eabi/12.3.1/thumb/v7e-m+fp/hard/crtbegin.o
 *(.init)
 .init          0x0800ba5c        0x4 D:/Programs/STMicroelectronics/STM32CubeCLT_1.16.0/GNU-tools-for-STM32/bin/../lib/gcc/arm-none-eabi/12.3.1/thumb/v7e-m+fp/hard/crti.o
                0x0800ba5c                _init
 .init          0x0800ba60        0x8 D:/Programs/STMicroelectronics/STM32CubeCLT_1.16.0/GNU-tools-for-STM32/bin/../lib/gcc/arm-none-eabi/12.3.1/thumb/v7e-m+fp/hard/crtn.o
 *(.fini)
 .fini          0x0800ba68        0x4 D:/Programs/STMicroelectronics/STM32CubeCLT_1.16.0/GNU-tools-for-STM32/bin/../lib/gcc/arm-none-eabi/12.3.1/thumb/v7e-m+fp/hard/crti.o
                0x0800ba68                _fini
 .fini          0x0800ba6c        0x8 D:/Programs/STMicroelectronics/STM32CubeCLT_1.16.0/GNU-tools-for-STM32/bin/../lib/gcc/arm-none-eabi/12.3.1/thumb/v7e-m+fp/hard/crtn.o
                0x0800ba74                        . = ALIGN (0x4)
                0x0800ba74                        _etext = .

.vfp11_veneer   0x0800ba74        0x0
 .vfp11_veneer  0x0800ba74        0x0 linker stubs

.v4_bx          0x0800ba74        0x0
 .v4_bx         0x0800ba74        0x0 linker stubs

.iplt           0x0800ba74        0x0
 .iplt          0x0800ba74        0x0 D:/Programs/STMicroelectronics/STM32CubeCLT_1.16.0/GNU-tools-for-STM32/bin/../lib/gcc/arm-none-eabi/12.3.1/thumb/v7e-m+fp/hard/crtbegin.o

.rodata         0x0800ba78      0x4d4
                0x0800ba78                        . = ALIGN (0x4)
 *(.rodata)
 .rodata        0x0800ba78       0x28 CMakeFiles/SmartBarCOM.dir/Core/Src/main.c.obj
 .rodata        0x0800baa0        0x5 CMakeFiles/SmartBarCOM.dir/Middlewares/Third_Party/FreeRTOS/Source/tasks.c.obj
 *fill*         0x0800baa5        0x3 
 .rodata        0x0800baa8        0xd CMakeFiles/SmartBarCOM.dir/Middlewares/Third_Party/FreeRTOS/Source/timers.c.obj
 *(.rodata*)
 *fill*         0x0800bab5        0x3 
 .rodata.ExecuteCommand_attributes
                0x0800bab8       0x24 CMakeFiles/SmartBarCOM.dir/Core/Src/main.c.obj
                0x0800bab8                ExecuteCommand_attributes
 .rodata.PWM_attributes
                0x0800badc       0x24 CMakeFiles/SmartBarCOM.dir/Core/Src/main.c.obj
                0x0800badc                PWM_attributes
 .rodata.aPLLMULFactorTable
                0x0800bb00       0x10 CMakeFiles/SmartBarCOM.dir/Drivers/STM32F3xx_HAL_Driver/Src/stm32f3xx_hal_rcc.c.obj
 .rodata.aPredivFactorTable
                0x0800bb10       0x10 CMakeFiles/SmartBarCOM.dir/Drivers/STM32F3xx_HAL_Driver/Src/stm32f3xx_hal_rcc.c.obj
 .rodata.AHBPrescTable
                0x0800bb20       0x10 CMakeFiles/SmartBarCOM.dir/Core/Src/system_stm32f3xx.c.obj
                0x0800bb20                AHBPrescTable
 .rodata.APBPrescTable
                0x0800bb30        0x8 CMakeFiles/SmartBarCOM.dir/Core/Src/system_stm32f3xx.c.obj
                0x0800bb30                APBPrescTable
 .rodata._strtod_l.str1.1
                0x0800bb38        0xe D:/Programs/STMicroelectronics/STM32CubeCLT_1.16.0/GNU-tools-for-STM32/bin/../lib/gcc/arm-none-eabi/12.3.1/../../../../arm-none-eabi/lib/thumb/v7e-m+fp/hard\libg_nano.a(libc_a-strtod.o)
                                  0xf (size before relaxing)
 *fill*         0x0800bb46        0x2 
 .rodata.fpinan.0
                0x0800bb48       0x14 D:/Programs/STMicroelectronics/STM32CubeCLT_1.16.0/GNU-tools-for-STM32/bin/../lib/gcc/arm-none-eabi/12.3.1/../../../../arm-none-eabi/lib/thumb/v7e-m+fp/hard\libg_nano.a(libc_a-strtod.o)
 .rodata.fpi.1  0x0800bb5c       0x14 D:/Programs/STMicroelectronics/STM32CubeCLT_1.16.0/GNU-tools-for-STM32/bin/../lib/gcc/arm-none-eabi/12.3.1/../../../../arm-none-eabi/lib/thumb/v7e-m+fp/hard\libg_nano.a(libc_a-strtod.o)
 .rodata.tinytens
                0x0800bb70       0x28 D:/Programs/STMicroelectronics/STM32CubeCLT_1.16.0/GNU-tools-for-STM32/bin/../lib/gcc/arm-none-eabi/12.3.1/../../../../arm-none-eabi/lib/thumb/v7e-m+fp/hard\libg_nano.a(libc_a-strtod.o)
 .rodata._ctype_
                0x0800bb98      0x101 D:/Programs/STMicroelectronics/STM32CubeCLT_1.16.0/GNU-tools-for-STM32/bin/../lib/gcc/arm-none-eabi/12.3.1/../../../../arm-none-eabi/lib/thumb/v7e-m+fp/hard\libg_nano.a(libc_a-ctype_.o)
                0x0800bb98                _ctype_
 .rodata.strtok.str1.1
                0x0800bc99       0x71 D:/Programs/STMicroelectronics/STM32CubeCLT_1.16.0/GNU-tools-for-STM32/bin/../lib/gcc/arm-none-eabi/12.3.1/../../../../arm-none-eabi/lib/thumb/v7e-m+fp/hard\libg_nano.a(libc_a-strtok.o)
 .rodata._setlocale_r.str1.1
                0x0800bd0a        0x8 D:/Programs/STMicroelectronics/STM32CubeCLT_1.16.0/GNU-tools-for-STM32/bin/../lib/gcc/arm-none-eabi/12.3.1/../../../../arm-none-eabi/lib/thumb/v7e-m+fp/hard\libg_nano.a(libc_a-locale.o)
                                  0x9 (size before relaxing)
 .rodata.str1.1
                0x0800bd12        0x2 D:/Programs/STMicroelectronics/STM32CubeCLT_1.16.0/GNU-tools-for-STM32/bin/../lib/gcc/arm-none-eabi/12.3.1/../../../../arm-none-eabi/lib/thumb/v7e-m+fp/hard\libg_nano.a(libc_a-locale.o)
 .rodata.__assert_func.str1.1
                0x0800bd12       0x3c D:/Programs/STMicroelectronics/STM32CubeCLT_1.16.0/GNU-tools-for-STM32/bin/../lib/gcc/arm-none-eabi/12.3.1/../../../../arm-none-eabi/lib/thumb/v7e-m+fp/hard\libg_nano.a(libc_a-assert.o)
                                 0x3d (size before relaxing)
 .rodata.__gethex.str1.1
                0x0800bd4e       0x71 D:/Programs/STMicroelectronics/STM32CubeCLT_1.16.0/GNU-tools-for-STM32/bin/../lib/gcc/arm-none-eabi/12.3.1/../../../../arm-none-eabi/lib/thumb/v7e-m+fp/hard\libg_nano.a(libc_a-gdtoa-gethex.o)
                                 0x73 (size before relaxing)
 .rodata._Balloc.str1.1
                0x0800bdbf       0x59 D:/Programs/STMicroelectronics/STM32CubeCLT_1.16.0/GNU-tools-for-STM32/bin/../lib/gcc/arm-none-eabi/12.3.1/../../../../arm-none-eabi/lib/thumb/v7e-m+fp/hard\libg_nano.a(libc_a-mprec.o)
                                 0x70 (size before relaxing)
 .rodata.__multadd.str1.1
                0x0800be18       0x11 D:/Programs/STMicroelectronics/STM32CubeCLT_1.16.0/GNU-tools-for-STM32/bin/../lib/gcc/arm-none-eabi/12.3.1/../../../../arm-none-eabi/lib/thumb/v7e-m+fp/hard\libg_nano.a(libc_a-mprec.o)
 .rodata.p05.0  0x0800be18        0xc D:/Programs/STMicroelectronics/STM32CubeCLT_1.16.0/GNU-tools-for-STM32/bin/../lib/gcc/arm-none-eabi/12.3.1/../../../../arm-none-eabi/lib/thumb/v7e-m+fp/hard\libg_nano.a(libc_a-mprec.o)
 *fill*         0x0800be24        0x4 
 .rodata.__mprec_bigtens
                0x0800be28       0x28 D:/Programs/STMicroelectronics/STM32CubeCLT_1.16.0/GNU-tools-for-STM32/bin/../lib/gcc/arm-none-eabi/12.3.1/../../../../arm-none-eabi/lib/thumb/v7e-m+fp/hard\libg_nano.a(libc_a-mprec.o)
                0x0800be28                __mprec_bigtens
 .rodata.__mprec_tens
                0x0800be50       0xc8 D:/Programs/STMicroelectronics/STM32CubeCLT_1.16.0/GNU-tools-for-STM32/bin/../lib/gcc/arm-none-eabi/12.3.1/../../../../arm-none-eabi/lib/thumb/v7e-m+fp/hard\libg_nano.a(libc_a-mprec.o)
                0x0800be50                __mprec_tens
 .rodata._vfprintf_r.str1.1
                0x0800bf18       0x11 D:/Programs/STMicroelectronics/STM32CubeCLT_1.16.0/GNU-tools-for-STM32/bin/../lib/gcc/arm-none-eabi/12.3.1/../../../../arm-none-eabi/lib/thumb/v7e-m+fp/hard\libg_nano.a(libc_a-nano-vfprintf.o)
 .rodata._printf_i.str1.1
                0x0800bf29       0x22 D:/Programs/STMicroelectronics/STM32CubeCLT_1.16.0/GNU-tools-for-STM32/bin/../lib/gcc/arm-none-eabi/12.3.1/../../../../arm-none-eabi/lib/thumb/v7e-m+fp/hard\libg_nano.a(libc_a-nano-vfprintf_i.o)
                0x0800bf4c                        . = ALIGN (0x4)
 *fill*         0x0800bf4b        0x1 

.ARM.extab
 *(.ARM.extab* .gnu.linkonce.armextab.*)

.ARM            0x0800bf4c        0x8
                0x0800bf4c                        __exidx_start = .
 *(.ARM.exidx*)
 .ARM.exidx     0x0800bf4c        0x8 D:/Programs/STMicroelectronics/STM32CubeCLT_1.16.0/GNU-tools-for-STM32/bin/../lib/gcc/arm-none-eabi/12.3.1/../../../../arm-none-eabi/lib/thumb/v7e-m+fp/hard\libg_nano.a(libc_a-strcmp.o)
 .ARM.exidx     0x0800bf54        0x0 D:/Programs/STMicroelectronics/STM32CubeCLT_1.16.0/GNU-tools-for-STM32/bin/../lib/gcc/arm-none-eabi/12.3.1/../../../../arm-none-eabi/lib/thumb/v7e-m+fp/hard\libg_nano.a(libc_a-memchr.o)
                                  0x8 (size before relaxing)
                0x0800bf54                        __exidx_end = .

.rel.dyn        0x0800bf54        0x0
 .rel.iplt      0x0800bf54        0x0 D:/Programs/STMicroelectronics/STM32CubeCLT_1.16.0/GNU-tools-for-STM32/bin/../lib/gcc/arm-none-eabi/12.3.1/thumb/v7e-m+fp/hard/crtbegin.o

.preinit_array  0x0800bf54        0x0
                0x0800bf54                        PROVIDE (__preinit_array_start = .)
 *(.preinit_array*)
                0x0800bf54                        PROVIDE (__preinit_array_end = .)

.init_array     0x0800bf54        0x4
                0x0800bf54                        PROVIDE (__init_array_start = .)
 *(SORT_BY_NAME(.init_array.*))
 *(.init_array*)
 .init_array    0x0800bf54        0x4 D:/Programs/STMicroelectronics/STM32CubeCLT_1.16.0/GNU-tools-for-STM32/bin/../lib/gcc/arm-none-eabi/12.3.1/thumb/v7e-m+fp/hard/crtbegin.o
                0x0800bf58                        PROVIDE (__init_array_end = .)

.fini_array     0x0800bf58        0x4
                [!provide]                        PROVIDE (__fini_array_start = .)
 *(SORT_BY_NAME(.fini_array.*))
 *(.fini_array*)
 .fini_array    0x0800bf58        0x4 D:/Programs/STMicroelectronics/STM32CubeCLT_1.16.0/GNU-tools-for-STM32/bin/../lib/gcc/arm-none-eabi/12.3.1/thumb/v7e-m+fp/hard/crtbegin.o
                [!provide]                        PROVIDE (__fini_array_end = .)
                0x0800bf5c                        _sidata = LOADADDR (.data)

.data           0x20000000      0x1d8 load address 0x0800bf5c
                0x20000000                        . = ALIGN (0x4)
                0x20000000                        _sdata = .
 *(.data)
 *(.data*)
 .data.__sglue  0x20000000        0xc D:/Programs/STMicroelectronics/STM32CubeCLT_1.16.0/GNU-tools-for-STM32/bin/../lib/gcc/arm-none-eabi/12.3.1/../../../../arm-none-eabi/lib/thumb/v7e-m+fp/hard\libc_nano.a(libc_a-findfp.o)
                0x20000000                __sglue
 .data._impure_ptr
                0x2000000c        0x4 D:/Programs/STMicroelectronics/STM32CubeCLT_1.16.0/GNU-tools-for-STM32/bin/../lib/gcc/arm-none-eabi/12.3.1/../../../../arm-none-eabi/lib/thumb/v7e-m+fp/hard\libc_nano.a(libc_a-impure.o)
                0x2000000c                _impure_ptr
 .data._impure_data
                0x20000010       0x4c D:/Programs/STMicroelectronics/STM32CubeCLT_1.16.0/GNU-tools-for-STM32/bin/../lib/gcc/arm-none-eabi/12.3.1/../../../../arm-none-eabi/lib/thumb/v7e-m+fp/hard\libc_nano.a(libc_a-impure.o)
                0x20000010                _impure_data
 .data.uwTickPrio
                0x2000005c        0x4 CMakeFiles/SmartBarCOM.dir/Drivers/STM32F3xx_HAL_Driver/Src/stm32f3xx_hal.c.obj
                0x2000005c                uwTickPrio
 .data.uwTickFreq
                0x20000060        0x1 CMakeFiles/SmartBarCOM.dir/Drivers/STM32F3xx_HAL_Driver/Src/stm32f3xx_hal.c.obj
                0x20000060                uwTickFreq
 *fill*         0x20000061        0x3 
 .data.SystemCoreClock
                0x20000064        0x4 CMakeFiles/SmartBarCOM.dir/Core/Src/system_stm32f3xx.c.obj
                0x20000064                SystemCoreClock
 .data.uxCriticalNesting
                0x20000068        0x4 CMakeFiles/SmartBarCOM.dir/Middlewares/Third_Party/FreeRTOS/Source/portable/GCC/ARM_CM4F/port.c.obj
 .data.__global_locale
                0x2000006c      0x16c D:/Programs/STMicroelectronics/STM32CubeCLT_1.16.0/GNU-tools-for-STM32/bin/../lib/gcc/arm-none-eabi/12.3.1/../../../../arm-none-eabi/lib/thumb/v7e-m+fp/hard\libg_nano.a(libc_a-locale.o)
                0x2000006c                __global_locale
                0x200001d8                        . = ALIGN (0x4)
                0x200001d8                        _edata = .
                0x0800c134                        _siccmram = LOADADDR (.ccmram)

.igot.plt       0x200001d8        0x0 load address 0x0800c134
 .igot.plt      0x200001d8        0x0 D:/Programs/STMicroelectronics/STM32CubeCLT_1.16.0/GNU-tools-for-STM32/bin/../lib/gcc/arm-none-eabi/12.3.1/thumb/v7e-m+fp/hard/crtbegin.o

.ccmram         0x10000000        0x0 load address 0x0800c134
                0x10000000                        . = ALIGN (0x4)
                0x10000000                        _sccmram = .
 *(.ccmram)
 *(.ccmram*)
                0x10000000                        . = ALIGN (0x4)
                0x10000000                        _eccmram = .
                0x10000000                        . = ALIGN (0x4)

.bss            0x200001d8     0x1e48
                0x200001d8                        _sbss = .
                0x200001d8                        __bss_start__ = _sbss
 *(.bss)
 .bss           0x200001d8       0x1c D:/Programs/STMicroelectronics/STM32CubeCLT_1.16.0/GNU-tools-for-STM32/bin/../lib/gcc/arm-none-eabi/12.3.1/thumb/v7e-m+fp/hard/crtbegin.o
 *(.bss*)
 .bss.__sf      0x200001f4      0x138 D:/Programs/STMicroelectronics/STM32CubeCLT_1.16.0/GNU-tools-for-STM32/bin/../lib/gcc/arm-none-eabi/12.3.1/../../../../arm-none-eabi/lib/thumb/v7e-m+fp/hard\libc_nano.a(libc_a-findfp.o)
                0x200001f4                __sf
 .bss.__stdio_exit_handler
                0x2000032c        0x4 D:/Programs/STMicroelectronics/STM32CubeCLT_1.16.0/GNU-tools-for-STM32/bin/../lib/gcc/arm-none-eabi/12.3.1/../../../../arm-none-eabi/lib/thumb/v7e-m+fp/hard\libc_nano.a(libc_a-findfp.o)
                0x2000032c                __stdio_exit_handler
 .bss.errno     0x20000330        0x4 D:/Programs/STMicroelectronics/STM32CubeCLT_1.16.0/GNU-tools-for-STM32/bin/../lib/gcc/arm-none-eabi/12.3.1/../../../../arm-none-eabi/lib/thumb/v7e-m+fp/hard\libc_nano.a(libc_a-reent.o)
                0x20000330                errno
 .bss.__lock___malloc_recursive_mutex
                0x20000334        0x1 D:/Programs/STMicroelectronics/STM32CubeCLT_1.16.0/GNU-tools-for-STM32/bin/../lib/gcc/arm-none-eabi/12.3.1/../../../../arm-none-eabi/lib/thumb/v7e-m+fp/hard\libc_nano.a(libc_a-lock.o)
                0x20000334                __lock___malloc_recursive_mutex
 .bss.__lock___sfp_recursive_mutex
                0x20000335        0x1 D:/Programs/STMicroelectronics/STM32CubeCLT_1.16.0/GNU-tools-for-STM32/bin/../lib/gcc/arm-none-eabi/12.3.1/../../../../arm-none-eabi/lib/thumb/v7e-m+fp/hard\libc_nano.a(libc_a-lock.o)
                0x20000335                __lock___sfp_recursive_mutex
 *fill*         0x20000336        0x2 
 .bss.__malloc_sbrk_start
                0x20000338        0x4 D:/Programs/STMicroelectronics/STM32CubeCLT_1.16.0/GNU-tools-for-STM32/bin/../lib/gcc/arm-none-eabi/12.3.1/../../../../arm-none-eabi/lib/thumb/v7e-m+fp/hard\libc_nano.a(libc_a-mallocr.o)
                0x20000338                __malloc_sbrk_start
 .bss.__malloc_free_list
                0x2000033c        0x4 D:/Programs/STMicroelectronics/STM32CubeCLT_1.16.0/GNU-tools-for-STM32/bin/../lib/gcc/arm-none-eabi/12.3.1/../../../../arm-none-eabi/lib/thumb/v7e-m+fp/hard\libc_nano.a(libc_a-mallocr.o)
                0x2000033c                __malloc_free_list
 .bss.rxBuffer  0x20000340       0x18 CMakeFiles/SmartBarCOM.dir/Core/Src/main.c.obj
                0x20000340                rxBuffer
 .bss.circBuffer
                0x20000358      0x1c0 CMakeFiles/SmartBarCOM.dir/Core/Src/main.c.obj
                0x20000358                circBuffer
 .bss.cmdWriteIdx
                0x20000518        0x1 CMakeFiles/SmartBarCOM.dir/Core/Src/main.c.obj
                0x20000518                cmdWriteIdx
 .bss.cmdReadIdx
                0x20000519        0x1 CMakeFiles/SmartBarCOM.dir/Core/Src/main.c.obj
                0x20000519                cmdReadIdx
 .bss.cmdCount  0x2000051a        0x1 CMakeFiles/SmartBarCOM.dir/Core/Src/main.c.obj
                0x2000051a                cmdCount
 *fill*         0x2000051b        0x1 
 .bss.htim3     0x2000051c       0x4c CMakeFiles/SmartBarCOM.dir/Core/Src/main.c.obj
                0x2000051c                htim3
 .bss.huart2    0x20000568       0x88 CMakeFiles/SmartBarCOM.dir/Core/Src/main.c.obj
                0x20000568                huart2
 .bss.huart3    0x200005f0       0x88 CMakeFiles/SmartBarCOM.dir/Core/Src/main.c.obj
                0x200005f0                huart3
 .bss.ExecuteCommandHandle
                0x20000678        0x4 CMakeFiles/SmartBarCOM.dir/Core/Src/main.c.obj
                0x20000678                ExecuteCommandHandle
 .bss.PWMHandle
                0x2000067c        0x4 CMakeFiles/SmartBarCOM.dir/Core/Src/main.c.obj
                0x2000067c                PWMHandle
 .bss.textChar  0x20000680        0x2 CMakeFiles/SmartBarCOM.dir/Core/Src/main.c.obj
                0x20000680                textChar
 .bss.rxIdx     0x20000682        0x1 CMakeFiles/SmartBarCOM.dir/Core/Src/main.c.obj
                0x20000682                rxIdx
 *fill*         0x20000683        0x1 
 .bss.htim6     0x20000684       0x4c CMakeFiles/SmartBarCOM.dir/Core/Src/stm32f3xx_hal_timebase_tim.c.obj
                0x20000684                htim6
 .bss.uwTick    0x200006d0        0x4 CMakeFiles/SmartBarCOM.dir/Drivers/STM32F3xx_HAL_Driver/Src/stm32f3xx_hal.c.obj
                0x200006d0                uwTick
 .bss.xQueueRegistry
                0x200006d4       0x40 CMakeFiles/SmartBarCOM.dir/Middlewares/Third_Party/FreeRTOS/Source/queue.c.obj
                0x200006d4                xQueueRegistry
 .bss.pxCurrentTCB
                0x20000714        0x4 CMakeFiles/SmartBarCOM.dir/Middlewares/Third_Party/FreeRTOS/Source/tasks.c.obj
                0x20000714                pxCurrentTCB
 .bss.pxReadyTasksLists
                0x20000718      0x460 CMakeFiles/SmartBarCOM.dir/Middlewares/Third_Party/FreeRTOS/Source/tasks.c.obj
 .bss.xDelayedTaskList1
                0x20000b78       0x14 CMakeFiles/SmartBarCOM.dir/Middlewares/Third_Party/FreeRTOS/Source/tasks.c.obj
 .bss.xDelayedTaskList2
                0x20000b8c       0x14 CMakeFiles/SmartBarCOM.dir/Middlewares/Third_Party/FreeRTOS/Source/tasks.c.obj
 .bss.pxDelayedTaskList
                0x20000ba0        0x4 CMakeFiles/SmartBarCOM.dir/Middlewares/Third_Party/FreeRTOS/Source/tasks.c.obj
 .bss.pxOverflowDelayedTaskList
                0x20000ba4        0x4 CMakeFiles/SmartBarCOM.dir/Middlewares/Third_Party/FreeRTOS/Source/tasks.c.obj
 .bss.xPendingReadyList
                0x20000ba8       0x14 CMakeFiles/SmartBarCOM.dir/Middlewares/Third_Party/FreeRTOS/Source/tasks.c.obj
 .bss.xTasksWaitingTermination
                0x20000bbc       0x14 CMakeFiles/SmartBarCOM.dir/Middlewares/Third_Party/FreeRTOS/Source/tasks.c.obj
 .bss.uxDeletedTasksWaitingCleanUp
                0x20000bd0        0x4 CMakeFiles/SmartBarCOM.dir/Middlewares/Third_Party/FreeRTOS/Source/tasks.c.obj
 .bss.xSuspendedTaskList
                0x20000bd4       0x14 CMakeFiles/SmartBarCOM.dir/Middlewares/Third_Party/FreeRTOS/Source/tasks.c.obj
 .bss.uxCurrentNumberOfTasks
                0x20000be8        0x4 CMakeFiles/SmartBarCOM.dir/Middlewares/Third_Party/FreeRTOS/Source/tasks.c.obj
 .bss.xTickCount
                0x20000bec        0x4 CMakeFiles/SmartBarCOM.dir/Middlewares/Third_Party/FreeRTOS/Source/tasks.c.obj
 .bss.uxTopReadyPriority
                0x20000bf0        0x4 CMakeFiles/SmartBarCOM.dir/Middlewares/Third_Party/FreeRTOS/Source/tasks.c.obj
 .bss.xSchedulerRunning
                0x20000bf4        0x4 CMakeFiles/SmartBarCOM.dir/Middlewares/Third_Party/FreeRTOS/Source/tasks.c.obj
 .bss.uxPendedTicks
                0x20000bf8        0x4 CMakeFiles/SmartBarCOM.dir/Middlewares/Third_Party/FreeRTOS/Source/tasks.c.obj
 .bss.xYieldPending
                0x20000bfc        0x4 CMakeFiles/SmartBarCOM.dir/Middlewares/Third_Party/FreeRTOS/Source/tasks.c.obj
 .bss.xNumOfOverflows
                0x20000c00        0x4 CMakeFiles/SmartBarCOM.dir/Middlewares/Third_Party/FreeRTOS/Source/tasks.c.obj
 .bss.uxTaskNumber
                0x20000c04        0x4 CMakeFiles/SmartBarCOM.dir/Middlewares/Third_Party/FreeRTOS/Source/tasks.c.obj
 .bss.xNextTaskUnblockTime
                0x20000c08        0x4 CMakeFiles/SmartBarCOM.dir/Middlewares/Third_Party/FreeRTOS/Source/tasks.c.obj
 .bss.xIdleTaskHandle