Archive member included to satisfy reference by file (symbol)

D:/Programs/STMicroelectronics/STM32CubeCLT_1.16.0/GNU-tools-for-STM32/bin/../lib/gcc/arm-none-eabi/12.3.1/../../../../arm-none-eabi/lib/thumb/v7e-m+fp/hard\libc_nano.a(libc_a-exit.o)
                              D:/Programs/STMicroelectronics/STM32CubeCLT_1.16.0/GNU-tools-for-STM32/bin/../lib/gcc/arm-none-eabi/12.3.1/../../../../arm-none-eabi/lib/thumb/v7e-m+fp/hard/crt0.o (exit)
D:/Programs/STMicroelectronics/STM32CubeCLT_1.16.0/GNU-tools-for-STM32/bin/../lib/gcc/arm-none-eabi/12.3.1/../../../../arm-none-eabi/lib/thumb/v7e-m+fp/hard\libc_nano.a(libc_a-findfp.o)
                              D:/Programs/STMicroelectronics/STM32CubeCLT_1.16.0/GNU-tools-for-STM32/bin/../lib/gcc/arm-none-eabi/12.3.1/../../../../arm-none-eabi/lib/thumb/v7e-m+fp/hard\libc_nano.a(libc_a-exit.o) (__stdio_exit_handler)
D:/Programs/STMicroelectronics/STM32CubeCLT_1.16.0/GNU-tools-for-STM32/bin/../lib/gcc/arm-none-eabi/12.3.1/../../../../arm-none-eabi/lib/thumb/v7e-m+fp/hard\libc_nano.a(libc_a-fwalk.o)
                              D:/Programs/STMicroelectronics/STM32CubeCLT_1.16.0/GNU-tools-for-STM32/bin/../lib/gcc/arm-none-eabi/12.3.1/../../../../arm-none-eabi/lib/thumb/v7e-m+fp/hard\libc_nano.a(libc_a-findfp.o) (_fwalk_sglue)
D:/Programs/STMicroelectronics/STM32CubeCLT_1.16.0/GNU-tools-for-STM32/bin/../lib/gcc/arm-none-eabi/12.3.1/../../../../arm-none-eabi/lib/thumb/v7e-m+fp/hard\libc_nano.a(libc_a-stdio.o)
                              D:/Programs/STMicroelectronics/STM32CubeCLT_1.16.0/GNU-tools-for-STM32/bin/../lib/gcc/arm-none-eabi/12.3.1/../../../../arm-none-eabi/lib/thumb/v7e-m+fp/hard\libc_nano.a(libc_a-findfp.o) (__sread)
D:/Programs/STMicroelectronics/STM32CubeCLT_1.16.0/GNU-tools-for-STM32/bin/../lib/gcc/arm-none-eabi/12.3.1/../../../../arm-none-eabi/lib/thumb/v7e-m+fp/hard\libc_nano.a(libc_a-memset.o)
                              D:/Programs/STMicroelectronics/STM32CubeCLT_1.16.0/GNU-tools-for-STM32/bin/../lib/gcc/arm-none-eabi/12.3.1/../../../../arm-none-eabi/lib/thumb/v7e-m+fp/hard/crt0.o (memset)
D:/Programs/STMicroelectronics/STM32CubeCLT_1.16.0/GNU-tools-for-STM32/bin/../lib/gcc/arm-none-eabi/12.3.1/../../../../arm-none-eabi/lib/thumb/v7e-m+fp/hard\libc_nano.a(libc_a-closer.o)
                              D:/Programs/STMicroelectronics/STM32CubeCLT_1.16.0/GNU-tools-for-STM32/bin/../lib/gcc/arm-none-eabi/12.3.1/../../../../arm-none-eabi/lib/thumb/v7e-m+fp/hard\libc_nano.a(libc_a-stdio.o) (_close_r)
D:/Programs/STMicroelectronics/STM32CubeCLT_1.16.0/GNU-tools-for-STM32/bin/../lib/gcc/arm-none-eabi/12.3.1/../../../../arm-none-eabi/lib/thumb/v7e-m+fp/hard\libc_nano.a(libc_a-reent.o)
                              D:/Programs/STMicroelectronics/STM32CubeCLT_1.16.0/GNU-tools-for-STM32/bin/../lib/gcc/arm-none-eabi/12.3.1/../../../../arm-none-eabi/lib/thumb/v7e-m+fp/hard\libc_nano.a(libc_a-closer.o) (errno)
D:/Programs/STMicroelectronics/STM32CubeCLT_1.16.0/GNU-tools-for-STM32/bin/../lib/gcc/arm-none-eabi/12.3.1/../../../../arm-none-eabi/lib/thumb/v7e-m+fp/hard\libc_nano.a(libc_a-impure.o)
                              D:/Programs/STMicroelectronics/STM32CubeCLT_1.16.0/GNU-tools-for-STM32/bin/../lib/gcc/arm-none-eabi/12.3.1/../../../../arm-none-eabi/lib/thumb/v7e-m+fp/hard\libc_nano.a(libc_a-reent.o) (_impure_ptr)
D:/Programs/STMicroelectronics/STM32CubeCLT_1.16.0/GNU-tools-for-STM32/bin/../lib/gcc/arm-none-eabi/12.3.1/../../../../arm-none-eabi/lib/thumb/v7e-m+fp/hard\libc_nano.a(libc_a-lseekr.o)
                              D:/Programs/STMicroelectronics/STM32CubeCLT_1.16.0/GNU-tools-for-STM32/bin/../lib/gcc/arm-none-eabi/12.3.1/../../../../arm-none-eabi/lib/thumb/v7e-m+fp/hard\libc_nano.a(libc_a-stdio.o) (_lseek_r)
D:/Programs/STMicroelectronics/STM32CubeCLT_1.16.0/GNU-tools-for-STM32/bin/../lib/gcc/arm-none-eabi/12.3.1/../../../../arm-none-eabi/lib/thumb/v7e-m+fp/hard\libc_nano.a(libc_a-readr.o)
                              D:/Programs/STMicroelectronics/STM32CubeCLT_1.16.0/GNU-tools-for-STM32/bin/../lib/gcc/arm-none-eabi/12.3.1/../../../../arm-none-eabi/lib/thumb/v7e-m+fp/hard\libc_nano.a(libc_a-stdio.o) (_read_r)
D:/Programs/STMicroelectronics/STM32CubeCLT_1.16.0/GNU-tools-for-STM32/bin/../lib/gcc/arm-none-eabi/12.3.1/../../../../arm-none-eabi/lib/thumb/v7e-m+fp/hard\libc_nano.a(libc_a-writer.o)
                              D:/Programs/STMicroelectronics/STM32CubeCLT_1.16.0/GNU-tools-for-STM32/bin/../lib/gcc/arm-none-eabi/12.3.1/../../../../arm-none-eabi/lib/thumb/v7e-m+fp/hard\libc_nano.a(libc_a-stdio.o) (_write_r)
D:/Programs/STMicroelectronics/STM32CubeCLT_1.16.0/GNU-tools-for-STM32/bin/../lib/gcc/arm-none-eabi/12.3.1/../../../../arm-none-eabi/lib/thumb/v7e-m+fp/hard\libc_nano.a(libc_a-init.o)
                              D:/Programs/STMicroelectronics/STM32CubeCLT_1.16.0/GNU-tools-for-STM32/bin/../lib/gcc/arm-none-eabi/12.3.1/../../../../arm-none-eabi/lib/thumb/v7e-m+fp/hard/crt0.o (__libc_init_array)
[...]
Memory Configuration

Name             Origin             Length             Attributes
RAM              0x20000000         0x00010000         xrw
CCMRAM           0x10000000         0x00004000         xrw
FLASH            0x08000000         0x00080000         xr
*default*        0x00000000         0xffffffff

Linker script and memory map

LOAD D:/Programs/STMicroelectronics/STM32CubeCLT_1.16.0/GNU-tools-for-STM32/bin/../lib/gcc/arm-none-eabi/12.3.1/thumb/v7e-m+fp/hard/crti.o
LOAD D:/Programs/STMicroelectronics/STM32CubeCLT_1.16.0/GNU-tools-for-STM32/bin/../lib/gcc/arm-none-eabi/12.3.1/thumb/v7e-m+fp/hard/crtbegin.o
LOAD D:/Programs/STMicroelectronics/STM32CubeCLT_1.16.0/GNU-tools-for-STM32/bin/../lib/gcc/arm-none-eabi/12.3.1/../../../../arm-none-eabi/lib/thumb/v7e-m+fp/hard/crt0.o
START GROUP
LOAD D:/Programs/STMicroelectronics/STM32CubeCLT_1.16.0/GNU-tools-for-STM32/bin/../lib/gcc/arm-none-eabi/12.3.1/../../../../arm-none-eabi/lib/thumb/v7e-m+fp/hard\libc_nano.a
LOAD D:/Programs/STMicroelectronics/STM32CubeCLT_1.16.0/GNU-tools-for-STM32/bin/../lib/gcc/arm-none-eabi/12.3.1/../../../../arm-none-eabi/lib/thumb/v7e-m+fp/hard\libm.a
END GROUP
LOAD CMakeFiles/SmartBarCOM.dir/Core/Src/main.c.obj
LOAD CMakeFiles/SmartBarCOM.dir/Core/Src/freertos.c.obj
LOAD CMakeFiles/SmartBarCOM.dir/Core/Src/stm32f3xx_it.c.obj
LOAD CMakeFiles/SmartBarCOM.dir/Core/Src/stm32f3xx_hal_msp.c.obj
LOAD CMakeFiles/SmartBarCOM.dir/Core/Src/stm32f3xx_hal_timebase_tim.c.obj
LOAD CMakeFiles/SmartBarCOM.dir/Drivers/STM32F3xx_HAL_Driver/Src/stm32f3xx_hal.c.obj
LOAD CMakeFiles/SmartBarCOM.dir/Drivers/STM32F3xx_HAL_Driver/Src/stm32f3xx_hal_rcc.c.obj
LOAD CMakeFiles/SmartBarCOM.dir/Drivers/STM32F3xx_HAL_Driver/Src/stm32f3xx_hal_rcc_ex.c.obj
LOAD CMakeFiles/SmartBarCOM.dir/Drivers/STM32F3xx_HAL_Driver/Src/stm32f3xx_hal_gpio.c.obj
LOAD CMakeFiles/SmartBarCOM.dir/Drivers/STM32F3xx_HAL_Driver/Src/stm32f3xx_hal_dma.c.obj
LOAD CMakeFiles/SmartBarCOM.dir/Drivers/STM32F3xx_HAL_Driver/Src/stm32f3xx_hal_cortex.c.obj
LOAD CMakeFiles/SmartBarCOM.dir/Drivers/STM32F3xx_HAL_Driver/Src/stm32f3xx_hal_pwr.c.obj
LOAD CMakeFiles/SmartBarCOM.dir/Drivers/STM32F3xx_HAL_Driver/Src/stm32f3xx_hal_pwr_ex.c.obj
LOAD CMakeFiles/SmartBarCOM.dir/Drivers/STM32F3xx_HAL_Driver/Src/stm32f3xx_hal_flash.c.obj
LOAD CMakeFiles/SmartBarCOM.dir/Drivers/STM32F3xx_HAL_Driver/Src/stm32f3xx_hal_flash_ex.c.obj
LOAD CMakeFiles/SmartBarCOM.dir/Drivers/STM32F3xx_HAL_Driver/Src/stm32f3xx_hal_i2c.c.obj
LOAD CMakeFiles/SmartBarCOM.dir/Drivers/STM32F3xx_HAL_Driver/Src/stm32f3xx_hal_i2c_ex.c.obj
LOAD CMakeFiles/SmartBarCOM.dir/Drivers/STM32F3xx_HAL_Driver/Src/stm32f3xx_hal_exti.c.obj
LOAD CMakeFiles/SmartBarCOM.dir/Drivers/STM32F3xx_HAL_Driver/Src/stm32f3xx_hal_tim.c.obj
LOAD CMakeFiles/SmartBarCOM.dir/Drivers/STM32F3xx_HAL_Driver/Src/stm32f3xx_hal_tim_ex.c.obj
LOAD CMakeFiles/SmartBarCOM.dir/Drivers/STM32F3xx_HAL_Driver/Src/stm32f3xx_hal_uart.c.obj
LOAD CMakeFiles/SmartBarCOM.dir/Drivers/STM32F3xx_HAL_Driver/Src/stm32f3xx_hal_uart_ex.c.obj
LOAD CMakeFiles/SmartBarCOM.dir/Core/Src/system_stm32f3xx.c.obj
LOAD CMakeFiles/SmartBarCOM.dir/Middlewares/Third_Party/FreeRTOS/Source/croutine.c.obj
LOAD CMakeFiles/SmartBarCOM.dir/Middlewares/Third_Party/FreeRTOS/Source/event_groups.c.obj
LOAD CMakeFiles/SmartBarCOM.dir/Middlewares/Third_Party/FreeRTOS/Source/list.c.obj
LOAD CMakeFiles/SmartBarCOM.dir/Middlewares/Third_Party/FreeRTOS/Source/queue.c.obj
LOAD CMakeFiles/SmartBarCOM.dir/Middlewares/Third_Party/FreeRTOS/Source/stream_buffer.c.obj
LOAD CMakeFiles/SmartBarCOM.dir/Middlewares/Third_Party/FreeRTOS/Source/tasks.c.obj
LOAD CMakeFiles/SmartBarCOM.dir/Middlewares/Third_Party/FreeRTOS/Source/timers.c.obj
LOAD CMakeFiles/SmartBarCOM.dir/Middlewares/Third_Party/FreeRTOS/Source/CMSIS_RTOS_V2/cmsis_os2.c.obj
LOAD CMakeFiles/SmartBarCOM.dir/Middlewares/Third_Party/FreeRTOS/Source/portable/MemMang/heap_4.c.obj
LOAD CMakeFiles/SmartBarCOM.dir/Middlewares/Third_Party/FreeRTOS/Source/portable/GCC/ARM_CM4F/port.c.obj
LOAD CMakeFiles/SmartBarCOM.dir/Core/Src/sysmem.c.obj
LOAD CMakeFiles/SmartBarCOM.dir/Core/Src/syscalls.c.obj
LOAD CMakeFiles/SmartBarCOM.dir/startup_stm32f303xe.s.obj
START GROUP
LOAD D:/Programs/STMicroelectronics/STM32CubeCLT_1.16.0/GNU-tools-for-STM32/bin/../lib/gcc/arm-none-eabi/12.3.1/thumb/v7e-m+fp/hard\libgcc.a
LOAD D:/Programs/STMicroelectronics/STM32CubeCLT_1.16.0/GNU-tools-for-STM32/bin/../lib/gcc/arm-none-eabi/12.3.1/../../../../arm-none-eabi/lib/thumb/v7e-m+fp/hard\libg_nano.a
LOAD D:/Programs/STMicroelectronics/STM32CubeCLT_1.16.0/GNU-tools-for-STM32/bin/../lib/gcc/arm-none-eabi/12.3.1/../../../../arm-none-eabi/lib/thumb/v7e-m+fp/hard\libc_nano.a
END GROUP
START GROUP
LOAD D:/Programs/STMicroelectronics/STM32CubeCLT_1.16.0/GNU-tools-for-STM32/bin/../lib/gcc/arm-none-eabi/12.3.1/thumb/v7e-m+fp/hard\libgcc.a
LOAD D:/Programs/STMicroelectronics/STM32CubeCLT_1.16.0/GNU-tools-for-STM32/bin/../lib/gcc/arm-none-eabi/12.3.1/../../../../arm-none-eabi/lib/thumb/v7e-m+fp/hard\libc_nano.a
END GROUP
LOAD D:/Programs/STMicroelectronics/STM32CubeCLT_1.16.0/GNU-tools-for-STM32/bin/../lib/gcc/arm-none-eabi/12.3.1/thumb/v7e-m+fp/hard/crtend.o
LOAD D:/Programs/STMicroelectronics/STM32CubeCLT_1.16.0/GNU-tools-for-STM32/bin/../lib/gcc/arm-none-eabi/12.3.1/thumb/v7e-m+fp/hard/crtn.o
                0x20010000                        _estack = (ORIGIN (RAM) + LENGTH (RAM))
                0x00000200                        _Min_Heap_Size = 0x200
                0x00000400                        _Min_Stack_Size = 0x400

.isr_vector     0x08000000      0x194
                0x08000000                        . = ALIGN (0x4)
 *(.isr_vector)
 .isr_vector    0x08000000      0x194 CMakeFiles/SmartBarCOM.dir/startup_stm32f303xe.s.obj
                0x08000000                g_pfnVectors
                0x08000194                        . = ALIGN (0x4)

.text           0x080001a0     0x6ec4
                0x080001a0                        . = ALIGN (0x4)
 *(.text)
 .text          0x080001a0       0x40 D:/Programs/STMicroelectronics/STM32CubeCLT_1.16.0/GNU-tools-for-STM32/bin/../lib/gcc/arm-none-eabi/12.3.1/thumb/v7e-m+fp/hard/crtbegin.o
 .text          0x080001e0       0x14 D:/Programs/STMicroelectronics/STM32CubeCLT_1.16.0/GNU-tools-for-STM32/bin/../lib/gcc/arm-none-eabi/12.3.1/../../../../arm-none-eabi/lib/thumb/v7e-m+fp/hard\libg_nano.a(libc_a-strcmp.o)
                0x080001e0                strcmp
 *(.text*)
 .text.memset   0x080001f4       0x10 D:/Programs/STMicroelectronics/STM32CubeCLT_1.16.0/GNU-tools-for-STM32/bin/../lib/gcc/arm-none-eabi/12.3.1/../../../../arm-none-eabi/lib/thumb/v7e-m+fp/hard\libc_nano.a(libc_a-memset.o)
                0x080001f4                memset
 .text.__libc_init_array
                0x08000204       0x48 D:/Programs/STMicroelectronics/STM32CubeCLT_1.16.0/GNU-tools-for-STM32/bin/../lib/gcc/arm-none-eabi/12.3.1/../../../../arm-none-eabi/lib/thumb/v7e-m+fp/hard\libc_nano.a(libc_a-init.o)
                0x08000204                __libc_init_array
 .text.main     0x0800024c       0x6c CMakeFiles/SmartBarCOM.dir/Core/Src/main.c.obj
                0x0800024c                main
 .text.SystemClock_Config
                0x080002b8       0xbc CMakeFiles/SmartBarCOM.dir/Core/Src/main.c.obj
                0x080002b8                SystemClock_Config
 .text.MX_USART2_UART_Init
                0x08000374       0x60 CMakeFiles/SmartBarCOM.dir/Core/Src/main.c.obj
 .text.MX_GPIO_Init
                0x080003d4       0xfc CMakeFiles/SmartBarCOM.dir/Core/Src/main.c.obj
 .text.HAL_UART_RxCpltCallback
                0x080004d0      0x12c CMakeFiles/SmartBarCOM.dir/Core/Src/main.c.obj
                0x080004d0                HAL_UART_RxCpltCallback
 .text.StartLED1
                0x080005fc       0x9c CMakeFiles/SmartBarCOM.dir/Core/Src/main.c.obj
                0x080005fc                StartLED1
 .text.StartLED2
                0x08000698       0x9c CMakeFiles/SmartBarCOM.dir/Core/Src/main.c.obj
                0x08000698                StartLED2
 .text.HAL_TIM_PeriodElapsedCallback
                0x08000734       0x24 CMakeFiles/SmartBarCOM.dir/Core/Src/main.c.obj
                0x08000734                HAL_TIM_PeriodElapsedCallback
 .text.Error_Handler
                0x08000758        0xc CMakeFiles/SmartBarCOM.dir/Core/Src/main.c.obj
                0x08000758                Error_Handler
 .text.NMI_Handler
                0x08000764        0x8 CMakeFiles/SmartBarCOM.dir/Core/Src/stm32f3xx_it.c.obj
                0x08000764                NMI_Handler
 .text.HardFault_Handler
                0x0800076c        0x8 CMakeFiles/SmartBarCOM.dir/Core/Src/stm32f3xx_it.c.obj
                0x0800076c                HardFault_Handler
 .text.MemManage_Handler
                0x08000774        0x8 CMakeFiles/SmartBarCOM.dir/Core/Src/stm32f3xx_it.c.obj
                0x08000774                MemManage_Handler
 .text.BusFault_Handler
                0x0800077c        0x8 CMakeFiles/SmartBarCOM.dir/Core/Src/stm32f3xx_it.c.obj
                0x0800077c                BusFault_Handler
 .text.UsageFault_Handler
                0x08000784        0x8 CMakeFiles/SmartBarCOM.dir/Core/Src/stm32f3xx_it.c.obj
                0x08000784                UsageFault_Handler
 .text.DebugMon_Handler
                0x0800078c        0xe CMakeFiles/SmartBarCOM.dir/Core/Src/stm32f3xx_it.c.obj
                0x0800078c                DebugMon_Handler
 *fill*         0x0800079a        0x2 
 .text.USART2_IRQHandler
                0x0800079c       0x14 CMakeFiles/SmartBarCOM.dir/Core/Src/stm32f3xx_it.c.obj
                0x0800079c                USART2_IRQHandler
 .text.TIM6_DAC_IRQHandler
                0x080007b0       0x14 CMakeFiles/SmartBarCOM.dir/Core/Src/stm32f3xx_it.c.obj
                0x080007b0                TIM6_DAC_IRQHandler
 .text.HAL_MspInit
                0x080007c4       0x50 CMakeFiles/SmartBarCOM.dir/Core/Src/stm32f3xx_hal_msp.c.obj
                0x080007c4                HAL_MspInit
 .text.HAL_UART_MspInit
                0x08000814       0x94 CMakeFiles/SmartBarCOM.dir/Core/Src/stm32f3xx_hal_msp.c.obj
                0x08000814                HAL_UART_MspInit
 .text.HAL_InitTick
                0x080008a8       0xf4 CMakeFiles/SmartBarCOM.dir/Core/Src/stm32f3xx_hal_timebase_tim.c.obj
                0x080008a8                HAL_InitTick
 .text.HAL_Init
                0x0800099c       0x2c CMakeFiles/SmartBarCOM.dir/Drivers/STM32F3xx_HAL_Driver/Src/stm32f3xx_hal.c.obj
                0x0800099c                HAL_Init
 .text.HAL_IncTick
                0x080009c8       0x28 CMakeFiles/SmartBarCOM.dir/Drivers/STM32F3xx_HAL_Driver/Src/stm32f3xx_hal.c.obj
                0x080009c8                HAL_IncTick
 .text.HAL_GetTick
                0x080009f0       0x18 CMakeFiles/SmartBarCOM.dir/Drivers/STM32F3xx_HAL_Driver/Src/stm32f3xx_hal.c.obj
                0x080009f0                HAL_GetTick
 .text.HAL_RCC_OscConfig
                0x08000a08     0x10a8 CMakeFiles/SmartBarCOM.dir/Drivers/STM32F3xx_HAL_Driver/Src/stm32f3xx_hal_rcc.c.obj
                0x08000a08                HAL_RCC_OscConfig
 .text.HAL_RCC_ClockConfig
                0x08001ab0      0x2f8 CMakeFiles/SmartBarCOM.dir/Drivers/STM32F3xx_HAL_Driver/Src/stm32f3xx_hal_rcc.c.obj
                0x08001ab0                HAL_RCC_ClockConfig
 .text.HAL_RCC_GetSysClockFreq
                0x08001da8       0xa8 CMakeFiles/SmartBarCOM.dir/Drivers/STM32F3xx_HAL_Driver/Src/stm32f3xx_hal_rcc.c.obj
                0x08001da8                HAL_RCC_GetSysClockFreq
 .text.HAL_RCC_GetHCLKFreq
                0x08001e50       0x18 CMakeFiles/SmartBarCOM.dir/Drivers/STM32F3xx_HAL_Driver/Src/stm32f3xx_hal_rcc.c.obj
                0x08001e50                HAL_RCC_GetHCLKFreq
 .text.HAL_RCC_GetPCLK1Freq
                0x08001e68       0x44 CMakeFiles/SmartBarCOM.dir/Drivers/STM32F3xx_HAL_Driver/Src/stm32f3xx_hal_rcc.c.obj
                0x08001e68                HAL_RCC_GetPCLK1Freq
 .text.HAL_RCC_GetPCLK2Freq
                0x08001eac       0x44 CMakeFiles/SmartBarCOM.dir/Drivers/STM32F3xx_HAL_Driver/Src/stm32f3xx_hal_rcc.c.obj
                0x08001eac                HAL_RCC_GetPCLK2Freq
 .text.HAL_RCC_GetClockConfig
                0x08001ef0       0x64 CMakeFiles/SmartBarCOM.dir/Drivers/STM32F3xx_HAL_Driver/Src/stm32f3xx_hal_rcc.c.obj
                0x08001ef0                HAL_RCC_GetClockConfig
 .text.HAL_RCCEx_PeriphCLKConfig
                0x08001f54      0x43c CMakeFiles/SmartBarCOM.dir/Drivers/STM32F3xx_HAL_Driver/Src/stm32f3xx_hal_rcc_ex.c.obj
                0x08001f54                HAL_RCCEx_PeriphCLKConfig
 .text.HAL_GPIO_Init
                0x08002390      0x314 CMakeFiles/SmartBarCOM.dir/Drivers/STM32F3xx_HAL_Driver/Src/stm32f3xx_hal_gpio.c.obj
                0x08002390                HAL_GPIO_Init
 .text.HAL_GPIO_WritePin
                0x080026a4       0x30 CMakeFiles/SmartBarCOM.dir/Drivers/STM32F3xx_HAL_Driver/Src/stm32f3xx_hal_gpio.c.obj
                0x080026a4                HAL_GPIO_WritePin
 .text.HAL_DMA_Abort
                0x080026d4       0x7c CMakeFiles/SmartBarCOM.dir/Drivers/STM32F3xx_HAL_Driver/Src/stm32f3xx_hal_dma.c.obj
                0x080026d4                HAL_DMA_Abort
 .text.HAL_DMA_Abort_IT
                0x08002750       0x7c CMakeFiles/SmartBarCOM.dir/Drivers/STM32F3xx_HAL_Driver/Src/stm32f3xx_hal_dma.c.obj
                0x08002750                HAL_DMA_Abort_IT
 .text.__NVIC_SetPriorityGrouping
                0x080027cc       0x48 CMakeFiles/SmartBarCOM.dir/Drivers/STM32F3xx_HAL_Driver/Src/stm32f3xx_hal_cortex.c.obj
 .text.__NVIC_GetPriorityGrouping
                0x08002814       0x1c CMakeFiles/SmartBarCOM.dir/Drivers/STM32F3xx_HAL_Driver/Src/stm32f3xx_hal_cortex.c.obj
 .text.__NVIC_EnableIRQ
                0x08002830       0x3c CMakeFiles/SmartBarCOM.dir/Drivers/STM32F3xx_HAL_Driver/Src/stm32f3xx_hal_cortex.c.obj
 .text.__NVIC_SetPriority
                0x0800286c       0x54 CMakeFiles/SmartBarCOM.dir/Drivers/STM32F3xx_HAL_Driver/Src/stm32f3xx_hal_cortex.c.obj
 .text.NVIC_EncodePriority
                0x080028c0       0x66 CMakeFiles/SmartBarCOM.dir/Drivers/STM32F3xx_HAL_Driver/Src/stm32f3xx_hal_cortex.c.obj
 .text.HAL_NVIC_SetPriorityGrouping
                0x08002926       0x16 CMakeFiles/SmartBarCOM.dir/Drivers/STM32F3xx_HAL_Driver/Src/stm32f3xx_hal_cortex.c.obj
                0x08002926                HAL_NVIC_SetPriorityGrouping
 .text.HAL_NVIC_SetPriority
                0x0800293c       0x38 CMakeFiles/SmartBarCOM.dir/Drivers/STM32F3xx_HAL_Driver/Src/stm32f3xx_hal_cortex.c.obj
                0x0800293c                HAL_NVIC_SetPriority
 .text.HAL_NVIC_EnableIRQ
                0x08002974       0x1c CMakeFiles/SmartBarCOM.dir/Drivers/STM32F3xx_HAL_Driver/Src/stm32f3xx_hal_cortex.c.obj
                0x08002974                HAL_NVIC_EnableIRQ
 .text.HAL_TIM_Base_Init
                0x08002990       0xae CMakeFiles/SmartBarCOM.dir/Drivers/STM32F3xx_HAL_Driver/Src/stm32f3xx_hal_tim.c.obj
                0x08002990                HAL_TIM_Base_Init
 .text.HAL_TIM_Base_MspInit
                0x08002a3e       0x14 CMakeFiles/SmartBarCOM.dir/Drivers/STM32F3xx_HAL_Driver/Src/stm32f3xx_hal_tim.c.obj
                0x08002a3e                HAL_TIM_Base_MspInit
 *fill*         0x08002a52        0x2 
 .text.HAL_TIM_Base_Start_IT
                0x08002a54       0xe0 CMakeFiles/SmartBarCOM.dir/Drivers/STM32F3xx_HAL_Driver/Src/stm32f3xx_hal_tim.c.obj
                0x08002a54                HAL_TIM_Base_Start_IT
 .text.HAL_TIM_IRQHandler
                0x08002b34      0x204 CMakeFiles/SmartBarCOM.dir/Drivers/STM32F3xx_HAL_Driver/Src/stm32f3xx_hal_tim.c.obj
                0x08002b34                HAL_TIM_IRQHandler
 .text.HAL_TIM_OC_DelayElapsedCallback
                0x08002d38       0x14 CMakeFiles/SmartBarCOM.dir/Drivers/STM32F3xx_HAL_Driver/Src/stm32f3xx_hal_tim.c.obj
                0x08002d38                HAL_TIM_OC_DelayElapsedCallback
 .text.HAL_TIM_IC_CaptureCallback
                0x08002d4c       0x14 CMakeFiles/SmartBarCOM.dir/Drivers/STM32F3xx_HAL_Driver/Src/stm32f3xx_hal_tim.c.obj
                0x08002d4c                HAL_TIM_IC_CaptureCallback
 .text.HAL_TIM_PWM_PulseFinishedCallback
                0x08002d60       0x14 CMakeFiles/SmartBarCOM.dir/Drivers/STM32F3xx_HAL_Driver/Src/stm32f3xx_hal_tim.c.obj
                0x08002d60                HAL_TIM_PWM_PulseFinishedCallback
 .text.HAL_TIM_TriggerCallback
                0x08002d74       0x14 CMakeFiles/SmartBarCOM.dir/Drivers/STM32F3xx_HAL_Driver/Src/stm32f3xx_hal_tim.c.obj
                0x08002d74                HAL_TIM_TriggerCallback
 .text.TIM_Base_SetConfig
                0x08002d88      0x154 CMakeFiles/SmartBarCOM.dir/Drivers/STM32F3xx_HAL_Driver/Src/stm32f3xx_hal_tim.c.obj
                0x08002d88                TIM_Base_SetConfig
 .text.HAL_TIMEx_CommutCallback
                0x08002edc       0x14 CMakeFiles/SmartBarCOM.dir/Drivers/STM32F3xx_HAL_Driver/Src/stm32f3xx_hal_tim_ex.c.obj
                0x08002edc                HAL_TIMEx_CommutCallback
 .text.HAL_TIMEx_BreakCallback
                0x08002ef0       0x14 CMakeFiles/SmartBarCOM.dir/Drivers/STM32F3xx_HAL_Driver/Src/stm32f3xx_hal_tim_ex.c.obj
                0x08002ef0                HAL_TIMEx_BreakCallback
 .text.HAL_TIMEx_Break2Callback
                0x08002f04       0x14 CMakeFiles/SmartBarCOM.dir/Drivers/STM32F3xx_HAL_Driver/Src/stm32f3xx_hal_tim_ex.c.obj
                0x08002f04                HAL_TIMEx_Break2Callback
 .text.HAL_UART_Init
                0x08002f18       0x9c CMakeFiles/SmartBarCOM.dir/Drivers/STM32F3xx_HAL_Driver/Src/stm32f3xx_hal_uart.c.obj
                0x08002f18                HAL_UART_Init
 .text.HAL_UART_Transmit
                0x08002fb4      0x112 CMakeFiles/SmartBarCOM.dir/Drivers/STM32F3xx_HAL_Driver/Src/stm32f3xx_hal_uart.c.obj
                0x08002fb4                HAL_UART_Transmit
 .text.HAL_UART_Receive_IT
                0x080030c6       0x88 CMakeFiles/SmartBarCOM.dir/Drivers/STM32F3xx_HAL_Driver/Src/stm32f3xx_hal_uart.c.obj
                0x080030c6                HAL_UART_Receive_IT
 *fill*         0x0800314e        0x2 
 .text.HAL_UART_IRQHandler
                0x08003150      0x5cc CMakeFiles/SmartBarCOM.dir/Drivers/STM32F3xx_HAL_Driver/Src/stm32f3xx_hal_uart.c.obj
                0x08003150                HAL_UART_IRQHandler
 .text.HAL_UART_TxCpltCallback
                0x0800371c       0x14 CMakeFiles/SmartBarCOM.dir/Drivers/STM32F3xx_HAL_Driver/Src/stm32f3xx_hal_uart.c.obj
                0x0800371c                HAL_UART_TxCpltCallback
 .text.HAL_UART_ErrorCallback
                0x08003730       0x14 CMakeFiles/SmartBarCOM.dir/Drivers/STM32F3xx_HAL_Driver/Src/stm32f3xx_hal_uart.c.obj
                0x08003730                HAL_UART_ErrorCallback
 .text.HAL_UARTEx_RxEventCallback
                0x08003744       0x18 CMakeFiles/SmartBarCOM.dir/Drivers/STM32F3xx_HAL_Driver/Src/stm32f3xx_hal_uart.c.obj
                0x08003744                HAL_UARTEx_RxEventCallback
 .text.UART_SetConfig
                0x0800375c      0x3a8 CMakeFiles/SmartBarCOM.dir/Drivers/STM32F3xx_HAL_Driver/Src/stm32f3xx_hal_uart.c.obj
                0x0800375c                UART_SetConfig
 .text.UART_AdvFeatureConfig
                0x08003b04      0x144 CMakeFiles/SmartBarCOM.dir/Drivers/STM32F3xx_HAL_Driver/Src/stm32f3xx_hal_uart.c.obj
                0x08003b04                UART_AdvFeatureConfig
 .text.UART_CheckIdleState
                0x08003c48      0x150 CMakeFiles/SmartBarCOM.dir/Drivers/STM32F3xx_HAL_Driver/Src/stm32f3xx_hal_uart.c.obj
                0x08003c48                UART_CheckIdleState
 .text.UART_WaitOnFlagUntilTimeout
                0x08003d98       0xda CMakeFiles/SmartBarCOM.dir/Drivers/STM32F3xx_HAL_Driver/Src/stm32f3xx_hal_uart.c.obj
                0x08003d98                UART_WaitOnFlagUntilTimeout
 *fill*         0x08003e72        0x2 
 .text.UART_Start_Receive_IT
                0x08003e74      0x18c CMakeFiles/SmartBarCOM.dir/Drivers/STM32F3xx_HAL_Driver/Src/stm32f3xx_hal_uart.c.obj
                0x08003e74                UART_Start_Receive_IT
 .text.UART_EndRxTransfer
                0x08004000       0xc8 CMakeFiles/SmartBarCOM.dir/Drivers/STM32F3xx_HAL_Driver/Src/stm32f3xx_hal_uart.c.obj
 .text.UART_DMAAbortOnError
                0x080040c8       0x2c CMakeFiles/SmartBarCOM.dir/Drivers/STM32F3xx_HAL_Driver/Src/stm32f3xx_hal_uart.c.obj
 .text.UART_EndTransmit_IT
                0x080040f4       0x54 CMakeFiles/SmartBarCOM.dir/Drivers/STM32F3xx_HAL_Driver/Src/stm32f3xx_hal_uart.c.obj
 .text.UART_RxISR_8BIT
                0x08004148      0x1a8 CMakeFiles/SmartBarCOM.dir/Drivers/STM32F3xx_HAL_Driver/Src/stm32f3xx_hal_uart.c.obj
 .text.UART_RxISR_16BIT
                0x080042f0      0x1a8 CMakeFiles/SmartBarCOM.dir/Drivers/STM32F3xx_HAL_Driver/Src/stm32f3xx_hal_uart.c.obj
 .text.HAL_UARTEx_WakeupCallback
                0x08004498       0x14 CMakeFiles/SmartBarCOM.dir/Drivers/STM32F3xx_HAL_Driver/Src/stm32f3xx_hal_uart_ex.c.obj
                0x08004498                HAL_UARTEx_WakeupCallback
 .text.SystemInit
                0x080044ac       0x24 CMakeFiles/SmartBarCOM.dir/Core/Src/system_stm32f3xx.c.obj
                0x080044ac                SystemInit
 .text.vListInitialise
                0x080044d0       0x40 CMakeFiles/SmartBarCOM.dir/Middlewares/Third_Party/FreeRTOS/Source/list.c.obj
                0x080044d0                vListInitialise
 .text.vListInitialiseItem
                0x08004510       0x1a CMakeFiles/SmartBarCOM.dir/Middlewares/Third_Party/FreeRTOS/Source/list.c.obj
                0x08004510                vListInitialiseItem
 .text.vListInsertEnd
                0x0800452a       0x48 CMakeFiles/SmartBarCOM.dir/Middlewares/Third_Party/FreeRTOS/Source/list.c.obj
                0x0800452a                vListInsertEnd
 .text.vListInsert
                0x08004572       0x72 CMakeFiles/SmartBarCOM.dir/Middlewares/Third_Party/FreeRTOS/Source/list.c.obj
                0x08004572                vListInsert
 .text.uxListRemove
                0x080045e4       0x54 CMakeFiles/SmartBarCOM.dir/Middlewares/Third_Party/FreeRTOS/Source/list.c.obj
                0x080045e4                uxListRemove
 .text.xQueueGenericReset
                0x08004638       0xd4 CMakeFiles/SmartBarCOM.dir/Middlewares/Third_Party/FreeRTOS/Source/queue.c.obj
                0x08004638                xQueueGenericReset
 .text.xQueueGenericCreateStatic
                0x0800470c       0xf8 CMakeFiles/SmartBarCOM.dir/Middlewares/Third_Party/FreeRTOS/Source/queue.c.obj
                0x0800470c                xQueueGenericCreateStatic
 .text.prvInitialiseNewQueue
                0x08004804       0x46 CMakeFiles/SmartBarCOM.dir/Middlewares/Third_Party/FreeRTOS/Source/queue.c.obj
 *fill*         0x0800484a        0x2 
 .text.xQueueGenericSend
                0x0800484c      0x204 CMakeFiles/SmartBarCOM.dir/Middlewares/Third_Party/FreeRTOS/Source/queue.c.obj
                0x0800484c                xQueueGenericSend
 .text.xQueueGenericSendFromISR
                0x08004a50      0x136 CMakeFiles/SmartBarCOM.dir/Middlewares/Third_Party/FreeRTOS/Source/queue.c.obj
                0x08004a50                xQueueGenericSendFromISR
 *fill*         0x08004b86        0x2 
 .text.xQueueReceive
                0x08004b88      0x1c4 CMakeFiles/SmartBarCOM.dir/Middlewares/Third_Party/FreeRTOS/Source/queue.c.obj
                0x08004b88                xQueueReceive
 .text.prvCopyDataToQueue
                0x08004d4c       0xd4 CMakeFiles/SmartBarCOM.dir/Middlewares/Third_Party/FreeRTOS/Source/queue.c.obj
 .text.prvCopyDataFromQueue
                0x08004e20       0x4c CMakeFiles/SmartBarCOM.dir/Middlewares/Third_Party/FreeRTOS/Source/queue.c.obj
 .text.prvUnlockQueue
                0x08004e6c       0xa4 CMakeFiles/SmartBarCOM.dir/Middlewares/Third_Party/FreeRTOS/Source/queue.c.obj
 .text.prvIsQueueEmpty
                0x08004f10       0x2c CMakeFiles/SmartBarCOM.dir/Middlewares/Third_Party/FreeRTOS/Source/queue.c.obj
 .text.prvIsQueueFull
                0x08004f3c       0x30 CMakeFiles/SmartBarCOM.dir/Middlewares/Third_Party/FreeRTOS/Source/queue.c.obj
 .text.vQueueAddToRegistry
                0x08004f6c       0x54 CMakeFiles/SmartBarCOM.dir/Middlewares/Third_Party/FreeRTOS/Source/queue.c.obj
                0x08004f6c                vQueueAddToRegistry
 .text.vQueueWaitForMessageRestricted
                0x08004fc0       0x68 CMakeFiles/SmartBarCOM.dir/Middlewares/Third_Party/FreeRTOS/Source/queue.c.obj
                0x08004fc0                vQueueWaitForMessageRestricted
 .text.xTaskCreateStatic
                0x08005028       0xbe CMakeFiles/SmartBarCOM.dir/Middlewares/Third_Party/FreeRTOS/Source/tasks.c.obj
                0x08005028                xTaskCreateStatic
 .text.xTaskCreate
                0x080050e6       0x8a CMakeFiles/SmartBarCOM.dir/Middlewares/Third_Party/FreeRTOS/Source/tasks.c.obj
                0x080050e6                xTaskCreate
 .text.prvInitialiseNewTask
                0x08005170      0x110 CMakeFiles/SmartBarCOM.dir/Middlewares/Third_Party/FreeRTOS/Source/tasks.c.obj
 .text.prvAddNewTaskToReadyList
                0x08005280       0xe0 CMakeFiles/SmartBarCOM.dir/Middlewares/Third_Party/FreeRTOS/Source/tasks.c.obj
 .text.vTaskDelay
                0x08005360       0x6c CMakeFiles/SmartBarCOM.dir/Middlewares/Third_Party/FreeRTOS/Source/tasks.c.obj
                0x08005360                vTaskDelay
 .text.vTaskStartScheduler
                0x080053cc       0xd0 CMakeFiles/SmartBarCOM.dir/Middlewares/Third_Party/FreeRTOS/Source/tasks.c.obj
                0x080053cc                vTaskStartScheduler
 .text.vTaskSuspendAll
                0x0800549c       0x1c CMakeFiles/SmartBarCOM.dir/Middlewares/Third_Party/FreeRTOS/Source/tasks.c.obj
                0x0800549c                vTaskSuspendAll
 .text.xTaskResumeAll
                0x080054b8      0x13c CMakeFiles/SmartBarCOM.dir/Middlewares/Third_Party/FreeRTOS/Source/tasks.c.obj
                0x080054b8                xTaskResumeAll
 .text.xTaskGetTickCount
                0x080055f4       0x20 CMakeFiles/SmartBarCOM.dir/Middlewares/Third_Party/FreeRTOS/Source/tasks.c.obj
                0x080055f4                xTaskGetTickCount
 .text.xTaskIncrementTick
                0x08005614      0x180 CMakeFiles/SmartBarCOM.dir/Middlewares/Third_Party/FreeRTOS/Source/tasks.c.obj
                0x08005614                xTaskIncrementTick
 .text.vTaskSwitchContext
                0x08005794       0xbc CMakeFiles/SmartBarCOM.dir/Middlewares/Third_Party/FreeRTOS/Source/tasks.c.obj
                0x08005794                vTaskSwitchContext
 .text.vTaskPlaceOnEventList
                0x08005850       0x4c CMakeFiles/SmartBarCOM.dir/Middlewares/Third_Party/FreeRTOS/Source/tasks.c.obj
                0x08005850                vTaskPlaceOnEventList
 .text.vTaskPlaceOnEventListRestricted
                0x0800589c       0x58 CMakeFiles/SmartBarCOM.dir/Middlewares/Third_Party/FreeRTOS/Source/tasks.c.obj
                0x0800589c                vTaskPlaceOnEventListRestricted
 .text.xTaskRemoveFromEventList
                0x080058f4       0xc8 CMakeFiles/SmartBarCOM.dir/Middlewares/Third_Party/FreeRTOS/Source/tasks.c.obj
                0x080058f4                xTaskRemoveFromEventList
 .text.vTaskInternalSetTimeOutState
                0x080059bc       0x2c CMakeFiles/SmartBarCOM.dir/Middlewares/Third_Party/FreeRTOS/Source/tasks.c.obj
                0x080059bc                vTaskInternalSetTimeOutState
 .text.xTaskCheckForTimeOut
                0x080059e8       0xc8 CMakeFiles/SmartBarCOM.dir/Middlewares/Third_Party/FreeRTOS/Source/tasks.c.obj
                0x080059e8                xTaskCheckForTimeOut
 .text.vTaskMissedYield
                0x08005ab0       0x18 CMakeFiles/SmartBarCOM.dir/Middlewares/Third_Party/FreeRTOS/Source/tasks.c.obj
                0x08005ab0                vTaskMissedYield
 .text.prvIdleTask
                0x08005ac8       0x30 CMakeFiles/SmartBarCOM.dir/Middlewares/Third_Party/FreeRTOS/Source/tasks.c.obj
 .text.prvInitialiseTaskLists
                0x08005af8       0x80 CMakeFiles/SmartBarCOM.dir/Middlewares/Third_Party/FreeRTOS/Source/tasks.c.obj
 .text.prvCheckTasksWaitingTermination
                0x08005b78       0x5c CMakeFiles/SmartBarCOM.dir/Middlewares/Third_Party/FreeRTOS/Source/tasks.c.obj
 .text.prvDeleteTCB
                0x08005bd4       0x60 CMakeFiles/SmartBarCOM.dir/Middlewares/Third_Party/FreeRTOS/Source/tasks.c.obj
 .text.prvResetNextTaskUnblockTime
                0x08005c34       0x4c CMakeFiles/SmartBarCOM.dir/Middlewares/Third_Party/FreeRTOS/Source/tasks.c.obj
 .text.xTaskGetSchedulerState
                0x08005c80       0x3c CMakeFiles/SmartBarCOM.dir/Middlewares/Third_Party/FreeRTOS/Source/tasks.c.obj
                0x08005c80                xTaskGetSchedulerState
 .text.xTaskPriorityDisinherit
                0x08005cbc       0xe0 CMakeFiles/SmartBarCOM.dir/Middlewares/Third_Party/FreeRTOS/Source/tasks.c.obj
                0x08005cbc                xTaskPriorityDisinherit
 .text.prvAddCurrentTaskToDelayedList
                0x08005d9c       0xa8 CMakeFiles/SmartBarCOM.dir/Middlewares/Third_Party/FreeRTOS/Source/tasks.c.obj
 .text.xTimerCreateTimerTask
                0x08005e44       0x94 CMakeFiles/SmartBarCOM.dir/Middlewares/Third_Party/FreeRTOS/Source/timers.c.obj
                0x08005e44                xTimerCreateTimerTask
 .text.xTimerGenericCommand
                0x08005ed8       0x9c CMakeFiles/SmartBarCOM.dir/Middlewares/Third_Party/FreeRTOS/Source/timers.c.obj
                0x08005ed8                xTimerGenericCommand
 .text.prvProcessExpiredTimer
                0x08005f74       0x84 CMakeFiles/SmartBarCOM.dir/Middlewares/Third_Party/FreeRTOS/Source/timers.c.obj
 .text.prvTimerTask
                0x08005ff8       0x26 CMakeFiles/SmartBarCOM.dir/Middlewares/Third_Party/FreeRTOS/Source/timers.c.obj
 *fill*         0x0800601e        0x2 
 .text.prvProcessTimerOrBlockTask
                0x08006020       0x9c CMakeFiles/SmartBarCOM.dir/Middlewares/Third_Party/FreeRTOS/Source/timers.c.obj
 .text.prvGetNextExpireTime
                0x080060bc       0x48 CMakeFiles/SmartBarCOM.dir/Middlewares/Third_Party/FreeRTOS/Source/timers.c.obj
 .text.prvSampleTimeNow
                0x08006104       0x40 CMakeFiles/SmartBarCOM.dir/Middlewares/Third_Party/FreeRTOS/Source/timers.c.obj
 .text.prvInsertTimerInActiveList
                0x08006144       0x84 CMakeFiles/SmartBarCOM.dir/Middlewares/Third_Party/FreeRTOS/Source/timers.c.obj
 .text.prvProcessReceivedCommands
                0x080061c8      0x178 CMakeFiles/SmartBarCOM.dir/Middlewares/Third_Party/FreeRTOS/Source/timers.c.obj
 .text.prvSwitchTimerLists
                0x08006340       0xc4 CMakeFiles/SmartBarCOM.dir/Middlewares/Third_Party/FreeRTOS/Source/timers.c.obj
 .text.prvCheckForValidListAndQueue
                0x08006404       0x80 CMakeFiles/SmartBarCOM.dir/Middlewares/Third_Party/FreeRTOS/Source/timers.c.obj
 .text.osKernelInitialize
                0x08006484       0x68 CMakeFiles/SmartBarCOM.dir/Middlewares/Third_Party/FreeRTOS/Source/CMSIS_RTOS_V2/cmsis_os2.c.obj
                0x08006484                osKernelInitialize
 .text.osKernelStart
                0x080064ec       0x68 CMakeFiles/SmartBarCOM.dir/Middlewares/Third_Party/FreeRTOS/Source/CMSIS_RTOS_V2/cmsis_os2.c.obj
                0x080064ec                osKernelStart
 .text.osThreadNew
                0x08006554      0x154 CMakeFiles/SmartBarCOM.dir/Middlewares/Third_Party/FreeRTOS/Source/CMSIS_RTOS_V2/cmsis_os2.c.obj
                0x08006554                osThreadNew
 .text.osDelay  0x080066a8       0x5c CMakeFiles/SmartBarCOM.dir/Middlewares/Third_Party/FreeRTOS/Source/CMSIS_RTOS_V2/cmsis_os2.c.obj
                0x080066a8                osDelay
 .text.vApplicationGetIdleTaskMemory
                0x08006704       0x34 CMakeFiles/SmartBarCOM.dir/Middlewares/Third_Party/FreeRTOS/Source/CMSIS_RTOS_V2/cmsis_os2.c.obj
                0x08006704                vApplicationGetIdleTaskMemory
 .text.vApplicationGetTimerTaskMemory
                0x08006738       0x34 CMakeFiles/SmartBarCOM.dir/Middlewares/Third_Party/FreeRTOS/Source/CMSIS_RTOS_V2/cmsis_os2.c.obj
                0x08006738                vApplicationGetTimerTaskMemory
 .text.pvPortMalloc
                0x0800676c      0x190 CMakeFiles/SmartBarCOM.dir/Middlewares/Third_Party/FreeRTOS/Source/portable/MemMang/heap_4.c.obj
                0x0800676c                pvPortMalloc
 .text.vPortFree
                0x080068fc       0xb8 CMakeFiles/SmartBarCOM.dir/Middlewares/Third_Party/FreeRTOS/Source/portable/MemMang/heap_4.c.obj
                0x080068fc                vPortFree
 .text.prvHeapInit
                0x080069b4       0xc4 CMakeFiles/SmartBarCOM.dir/Middlewares/Third_Party/FreeRTOS/Source/portable/MemMang/heap_4.c.obj
 .text.prvInsertBlockIntoFreeList
                0x08006a78       0xb4 CMakeFiles/SmartBarCOM.dir/Middlewares/Third_Party/FreeRTOS/Source/portable/MemMang/heap_4.c.obj
 .text.pxPortInitialiseStack
                0x08006b2c       0x68 CMakeFiles/SmartBarCOM.dir/Middlewares/Third_Party/FreeRTOS/Source/portable/GCC/ARM_CM4F/port.c.obj
                0x08006b2c                pxPortInitialiseStack
 .text.prvTaskExitError
                0x08006b94       0x5c CMakeFiles/SmartBarCOM.dir/Middlewares/Third_Party/FreeRTOS/Source/portable/GCC/ARM_CM4F/port.c.obj
 .text.SVC_Handler
                0x08006bf0       0x28 CMakeFiles/SmartBarCOM.dir/Middlewares/Third_Party/FreeRTOS/Source/portable/GCC/ARM_CM4F/port.c.obj
                0x08006bf0                SVC_Handler
 .text.prvPortStartFirstTask
                0x08006c18       0x28 CMakeFiles/SmartBarCOM.dir/Middlewares/Third_Party/FreeRTOS/Source/portable/GCC/ARM_CM4F/port.c.obj
 .text.xPortStartScheduler
                0x08006c40      0x148 CMakeFiles/SmartBarCOM.dir/Middlewares/Third_Party/FreeRTOS/Source/portable/GCC/ARM_CM4F/port.c.obj
                0x08006c40                xPortStartScheduler
 .text.vPortEnterCritical
                0x08006d88       0x64 CMakeFiles/SmartBarCOM.dir/Middlewares/Third_Party/FreeRTOS/Source/portable/GCC/ARM_CM4F/port.c.obj
                0x08006d88                vPortEnterCritical
 .text.vPortExitCritical
                0x08006dec       0x54 CMakeFiles/SmartBarCOM.dir/Middlewares/Third_Party/FreeRTOS/Source/portable/GCC/ARM_CM4F/port.c.obj
                0x08006dec                vPortExitCritical
 .text.PendSV_Handler
                0x08006e40       0x68 CMakeFiles/SmartBarCOM.dir/Middlewares/Third_Party/FreeRTOS/Source/portable/GCC/ARM_CM4F/port.c.obj
                0x08006e40                PendSV_Handler
 .text.SysTick_Handler
                0x08006ea8       0x44 CMakeFiles/SmartBarCOM.dir/Middlewares/Third_Party/FreeRTOS/Source/portable/GCC/ARM_CM4F/port.c.obj
                0x08006ea8                SysTick_Handler
 .text.vPortSetupTimerInterrupt
                0x08006eec       0x48 CMakeFiles/SmartBarCOM.dir/Middlewares/Third_Party/FreeRTOS/Source/portable/GCC/ARM_CM4F/port.c.obj
                0x08006eec                vPortSetupTimerInterrupt
 .text.vPortEnableVFP
                0x08006f34       0x14 CMakeFiles/SmartBarCOM.dir/Middlewares/Third_Party/FreeRTOS/Source/portable/GCC/ARM_CM4F/port.c.obj
 .text.vPortValidateInterruptPriority
                0x08006f48       0x84 CMakeFiles/SmartBarCOM.dir/Middlewares/Third_Party/FreeRTOS/Source/portable/GCC/ARM_CM4F/port.c.obj
                0x08006f48                vPortValidateInterruptPriority
 .text.Reset_Handler
                0x08006fcc       0x50 CMakeFiles/SmartBarCOM.dir/startup_stm32f303xe.s.obj
                0x08006fcc                Reset_Handler
 .text.Default_Handler
                0x0800701c        0x2 CMakeFiles/SmartBarCOM.dir/startup_stm32f303xe.s.obj
                0x0800701c                RTC_Alarm_IRQHandler
                0x0800701c                TIM8_TRG_COM_IRQHandler
                0x0800701c                TIM8_CC_IRQHandler
                0x0800701c                SPI4_IRQHandler
                0x0800701c                TIM1_CC_IRQHandler
                0x0800701c                USB_HP_IRQHandler
                0x0800701c                PVD_IRQHandler
                0x0800701c                TAMP_STAMP_IRQHandler
                0x0800701c                EXTI3_IRQHandler
                0x0800701c                I2C3_ER_IRQHandler
                0x0800701c                USB_HP_CAN_TX_IRQHandler
                0x0800701c                EXTI0_IRQHandler
                0x0800701c                I2C2_EV_IRQHandler
                0x0800701c                FPU_IRQHandler
                0x0800701c                TIM1_UP_TIM16_IRQHandler
                0x0800701c                ADC1_2_IRQHandler
                0x0800701c                SPI1_IRQHandler
                0x0800701c                CAN_SCE_IRQHandler
                0x0800701c                TIM8_UP_IRQHandler
                0x0800701c                DMA2_Channel2_IRQHandler
                0x0800701c                DMA1_Channel4_IRQHandler
                0x0800701c                TIM20_TRG_COM_IRQHandler
                0x0800701c                USART3_IRQHandler
                0x0800701c                DMA1_Channel7_IRQHandler
                0x0800701c                UART5_IRQHandler
                0x0800701c                ADC3_IRQHandler
                0x0800701c                TIM4_IRQHandler
                0x0800701c                CAN_RX1_IRQHandler
                0x0800701c                DMA2_Channel1_IRQHandler
                0x0800701c                I2C1_EV_IRQHandler
                0x0800701c                DMA1_Channel6_IRQHandler
                0x0800701c                UART4_IRQHandler
                0x0800701c                DMA2_Channel4_IRQHandler
                0x0800701c                TIM3_IRQHandler
                0x0800701c                RCC_IRQHandler
                0x0800701c                TIM20_UP_IRQHandler
                0x0800701c                DMA1_Channel1_IRQHandler
                0x0800701c                Default_Handler
                0x0800701c                USBWakeUp_RMP_IRQHandler
                0x0800701c                EXTI15_10_IRQHandler
                0x0800701c                TIM7_IRQHandler
                0x0800701c                I2C3_EV_IRQHandler
                0x0800701c                EXTI9_5_IRQHandler
                0x0800701c                RTC_WKUP_IRQHandler
                0x0800701c                SPI2_IRQHandler
                0x0800701c                USB_LP_CAN_RX0_IRQHandler
                0x0800701c                DMA2_Channel5_IRQHandler
                0x0800701c                DMA1_Channel5_IRQHandler
                0x0800701c                USB_LP_IRQHandler
                0x0800701c                EXTI4_IRQHandler
                0x0800701c                TIM1_TRG_COM_TIM17_IRQHandler
                0x0800701c                DMA1_Channel3_IRQHandler
                0x0800701c                ADC4_IRQHandler
                0x0800701c                WWDG_IRQHandler
                0x0800701c                TIM2_IRQHandler
                0x0800701c                COMP7_IRQHandler
                0x0800701c                COMP1_2_3_IRQHandler
                0x0800701c                EXTI1_IRQHandler
                0x0800701c                COMP4_5_6_IRQHandler
                0x0800701c                TIM20_BRK_IRQHandler
                0x0800701c                I2C2_ER_IRQHandler
                0x0800701c                DMA1_Channel2_IRQHandler
                0x0800701c                TIM8_BRK_IRQHandler
                0x0800701c                FLASH_IRQHandler
                0x0800701c                TIM20_CC_IRQHandler
                0x0800701c                USART1_IRQHandler
                0x0800701c                SPI3_IRQHandler
                0x0800701c                I2C1_ER_IRQHandler
                0x0800701c                FMC_IRQHandler
                0x0800701c                USBWakeUp_IRQHandler
                0x0800701c                DMA2_Channel3_IRQHandler
                0x0800701c                EXTI2_TSC_IRQHandler
                0x0800701c                TIM1_BRK_TIM15_IRQHandler
 .text.strcpy   0x0800701e       0x10 D:/Programs/STMicroelectronics/STM32CubeCLT_1.16.0/GNU-tools-for-STM32/bin/../lib/gcc/arm-none-eabi/12.3.1/../../../../arm-none-eabi/lib/thumb/v7e-m+fp/hard\libg_nano.a(libc_a-strcpy.o)
                0x0800701e                strcpy
 .text.memcpy   0x0800702e       0x1c D:/Programs/STMicroelectronics/STM32CubeCLT_1.16.0/GNU-tools-for-STM32/bin/../lib/gcc/arm-none-eabi/12.3.1/../../../../arm-none-eabi/lib/thumb/v7e-m+fp/hard\libg_nano.a(libc_a-memcpy-stub.o)
                0x0800702e                memcpy
 *(.glue_7)
 .glue_7        0x0800704a        0x0 linker stubs
 *(.glue_7t)
 .glue_7t       0x0800704a        0x0 linker stubs
 *(.eh_frame)
 *fill*         0x0800704a        0x2 
 .eh_frame      0x0800704c        0x0 D:/Programs/STMicroelectronics/STM32CubeCLT_1.16.0/GNU-tools-for-STM32/bin/../lib/gcc/arm-none-eabi/12.3.1/thumb/v7e-m+fp/hard/crtbegin.o
 *(.init)
 .init          0x0800704c        0x4 D:/Programs/STMicroelectronics/STM32CubeCLT_1.16.0/GNU-tools-for-STM32/bin/../lib/gcc/arm-none-eabi/12.3.1/thumb/v7e-m+fp/hard/crti.o
                0x0800704c                _init
 .init          0x08007050        0x8 D:/Programs/STMicroelectronics/STM32CubeCLT_1.16.0/GNU-tools-for-STM32/bin/../lib/gcc/arm-none-eabi/12.3.1/thumb/v7e-m+fp/hard/crtn.o
 *(.fini)
 .fini          0x08007058        0x4 D:/Programs/STMicroelectronics/STM32CubeCLT_1.16.0/GNU-tools-for-STM32/bin/../lib/gcc/arm-none-eabi/12.3.1/thumb/v7e-m+fp/hard/crti.o
                0x08007058                _fini
 .fini          0x0800705c        0x8 D:/Programs/STMicroelectronics/STM32CubeCLT_1.16.0/GNU-tools-for-STM32/bin/../lib/gcc/arm-none-eabi/12.3.1/thumb/v7e-m+fp/hard/crtn.o
                0x08007064                        . = ALIGN (0x4)
                0x08007064                        _etext = .

.vfp11_veneer   0x08007064        0x0
 .vfp11_veneer  0x08007064        0x0 linker stubs

.v4_bx          0x08007064        0x0
 .v4_bx         0x08007064        0x0 linker stubs

.iplt           0x08007064        0x0
 .iplt          0x08007064        0x0 D:/Programs/STMicroelectronics/STM32CubeCLT_1.16.0/GNU-tools-for-STM32/bin/../lib/gcc/arm-none-eabi/12.3.1/thumb/v7e-m+fp/hard/crtbegin.o

.rodata         0x08007064       0xb0
                0x08007064                        . = ALIGN (0x4)
 *(.rodata)
 .rodata        0x08007064       0x17 CMakeFiles/SmartBarCOM.dir/Core/Src/main.c.obj
 *fill*         0x0800707b        0x1 
 .rodata        0x0800707c        0x5 CMakeFiles/SmartBarCOM.dir/Middlewares/Third_Party/FreeRTOS/Source/tasks.c.obj
 *fill*         0x08007081        0x3 
 .rodata        0x08007084        0xd CMakeFiles/SmartBarCOM.dir/Middlewares/Third_Party/FreeRTOS/Source/timers.c.obj
 *(.rodata*)
 *fill*         0x08007091        0x3 
 .rodata.LED1_attributes
                0x08007094       0x24 CMakeFiles/SmartBarCOM.dir/Core/Src/main.c.obj
                0x08007094                LED1_attributes
 .rodata.LED2_attributes
                0x080070b8       0x24 CMakeFiles/SmartBarCOM.dir/Core/Src/main.c.obj
                0x080070b8                LED2_attributes
 .rodata.aPLLMULFactorTable
                0x080070dc       0x10 CMakeFiles/SmartBarCOM.dir/Drivers/STM32F3xx_HAL_Driver/Src/stm32f3xx_hal_rcc.c.obj
 .rodata.aPredivFactorTable
                0x080070ec       0x10 CMakeFiles/SmartBarCOM.dir/Drivers/STM32F3xx_HAL_Driver/Src/stm32f3xx_hal_rcc.c.obj
 .rodata.AHBPrescTable
                0x080070fc       0x10 CMakeFiles/SmartBarCOM.dir/Core/Src/system_stm32f3xx.c.obj
                0x080070fc                AHBPrescTable
 .rodata.APBPrescTable
                0x0800710c        0x8 CMakeFiles/SmartBarCOM.dir/Core/Src/system_stm32f3xx.c.obj
                0x0800710c                APBPrescTable
                0x08007114                        . = ALIGN (0x4)

.ARM.extab
 *(.ARM.extab* .gnu.linkonce.armextab.*)

.ARM            0x08007114        0x8
                0x08007114                        __exidx_start = .
 *(.ARM.exidx*)
 .ARM.exidx     0x08007114        0x8 D:/Programs/STMicroelectronics/STM32CubeCLT_1.16.0/GNU-tools-for-STM32/bin/../lib/gcc/arm-none-eabi/12.3.1/../../../../arm-none-eabi/lib/thumb/v7e-m+fp/hard\libg_nano.a(libc_a-strcmp.o)
                0x0800711c                        __exidx_end = .

.rel.dyn        0x0800711c        0x0
 .rel.iplt      0x0800711c        0x0 D:/Programs/STMicroelectronics/STM32CubeCLT_1.16.0/GNU-tools-for-STM32/bin/../lib/gcc/arm-none-eabi/12.3.1/thumb/v7e-m+fp/hard/crtbegin.o

.preinit_array  0x0800711c        0x0
                0x0800711c                        PROVIDE (__preinit_array_start = .)
 *(.preinit_array*)
                0x0800711c                        PROVIDE (__preinit_array_end = .)

.init_array     0x0800711c        0x4
                0x0800711c                        PROVIDE (__init_array_start = .)
 *(SORT_BY_NAME(.init_array.*))
 *(.init_array*)
 .init_array    0x0800711c        0x4 D:/Programs/STMicroelectronics/STM32CubeCLT_1.16.0/GNU-tools-for-STM32/bin/../lib/gcc/arm-none-eabi/12.3.1/thumb/v7e-m+fp/hard/crtbegin.o
                0x08007120                        PROVIDE (__init_array_end = .)

.fini_array     0x08007120        0x4
                [!provide]                        PROVIDE (__fini_array_start = .)
 *(SORT_BY_NAME(.fini_array.*))
 *(.fini_array*)
 .fini_array    0x08007120        0x4 D:/Programs/STMicroelectronics/STM32CubeCLT_1.16.0/GNU-tools-for-STM32/bin/../lib/gcc/arm-none-eabi/12.3.1/thumb/v7e-m+fp/hard/crtbegin.o
                [!provide]                        PROVIDE (__fini_array_end = .)
                0x08007124                        _sidata = LOADADDR (.data)

.data           0x20000000       0x10 load address 0x08007124
                0x20000000                        . = ALIGN (0x4)
                0x20000000                        _sdata = .
 *(.data)
 *(.data*)
 .data.uwTickPrio
                0x20000000        0x4 CMakeFiles/SmartBarCOM.dir/Drivers/STM32F3xx_HAL_Driver/Src/stm32f3xx_hal.c.obj
                0x20000000                uwTickPrio
 .data.uwTickFreq
                0x20000004        0x1 CMakeFiles/SmartBarCOM.dir/Drivers/STM32F3xx_HAL_Driver/Src/stm32f3xx_hal.c.obj
                0x20000004                uwTickFreq
 *fill*         0x20000005        0x3 
 .data.SystemCoreClock
                0x20000008        0x4 CMakeFiles/SmartBarCOM.dir/Core/Src/system_stm32f3xx.c.obj
                0x20000008                SystemCoreClock
 .data.uxCriticalNesting
                0x2000000c        0x4 CMakeFiles/SmartBarCOM.dir/Middlewares/Third_Party/FreeRTOS/Source/portable/GCC/ARM_CM4F/port.c.obj
                0x20000010                        . = ALIGN (0x4)
                0x20000010                        _edata = .
                0x08007134                        _siccmram = LOADADDR (.ccmram)

.igot.plt       0x20000010        0x0 load address 0x08007134
 .igot.plt      0x20000010        0x0 D:/Programs/STMicroelectronics/STM32CubeCLT_1.16.0/GNU-tools-for-STM32/bin/../lib/gcc/arm-none-eabi/12.3.1/thumb/v7e-m+fp/hard/crtbegin.o

.ccmram         0x10000000        0x0 load address 0x08007134
                0x10000000                        . = ALIGN (0x4)
                0x10000000                        _sccmram = .
 *(.ccmram)
 *(.ccmram*)
                0x10000000                        . = ALIGN (0x4)
                0x10000000                        _eccmram = .
                0x10000000                        . = ALIGN (0x4)

.bss            0x20000010     0x1bcc
                0x20000010                        _sbss = .
                0x20000010                        __bss_start__ = _sbss
 *(.bss)
 .bss           0x20000010       0x1c D:/Programs/STMicroelectronics/STM32CubeCLT_1.16.0/GNU-tools-for-STM32/bin/../lib/gcc/arm-none-eabi/12.3.1/thumb/v7e-m+fp/hard/crtbegin.o
 *(.bss*)
 .bss.huart2    0x2000002c       0x88 CMakeFiles/SmartBarCOM.dir/Core/Src/main.c.obj
                0x2000002c                huart2
 .bss.LED1Handle
                0x200000b4        0x4 CMakeFiles/SmartBarCOM.dir/Core/Src/main.c.obj
                0x200000b4                LED1Handle
 .bss.LED2Handle
                0x200000b8        0x4 CMakeFiles/SmartBarCOM.dir/Core/Src/main.c.obj
                0x200000b8                LED2Handle
 .bss.rxBuffer  0x200000bc       0x40 CMakeFiles/SmartBarCOM.dir/Core/Src/main.c.obj
                0x200000bc                rxBuffer
 .bss.commandBuffer
                0x200000fc      0x140 CMakeFiles/SmartBarCOM.dir/Core/Src/main.c.obj
                0x200000fc                commandBuffer
 .bss.cmdWriteIdx
                0x2000023c        0x1 CMakeFiles/SmartBarCOM.dir/Core/Src/main.c.obj
                0x2000023c                cmdWriteIdx
 .bss.cmdReadIdx
                0x2000023d        0x1 CMakeFiles/SmartBarCOM.dir/Core/Src/main.c.obj
                0x2000023d                cmdReadIdx
 .bss.cmdCount  0x2000023e        0x1 CMakeFiles/SmartBarCOM.dir/Core/Src/main.c.obj
                0x2000023e                cmdCount
 *fill*         0x2000023f        0x1 
 .bss.textChar  0x20000240        0x2 CMakeFiles/SmartBarCOM.dir/Core/Src/main.c.obj
                0x20000240                textChar
 .bss.rxIdx     0x20000242        0x1 CMakeFiles/SmartBarCOM.dir/Core/Src/main.c.obj
                0x20000242                rxIdx
 *fill*         0x20000243        0x1 
 .bss.htim6     0x20000244       0x4c CMakeFiles/SmartBarCOM.dir/Core/Src/stm32f3xx_hal_timebase_tim.c.obj
                0x20000244                htim6
 .bss.uwTick    0x20000290        0x4 CMakeFiles/SmartBarCOM.dir/Drivers/STM32F3xx_HAL_Driver/Src/stm32f3xx_hal.c.obj
                0x20000290                uwTick
 .bss.xQueueRegistry
                0x20000294       0x40 CMakeFiles/SmartBarCOM.dir/Middlewares/Third_Party/FreeRTOS/Source/queue.c.obj
                0x20000294                xQueueRegistry
 .bss.pxCurrentTCB
                0x200002d4        0x4 CMakeFiles/SmartBarCOM.dir/Middlewares/Third_Party/FreeRTOS/Source/tasks.c.obj
                0x200002d4                pxCurrentTCB
 .bss.pxReadyTasksLists
                0x200002d8      0x460 CMakeFiles/SmartBarCOM.dir/Middlewares/Third_Party/FreeRTOS/Source/tasks.c.obj
 .bss.xDelayedTaskList1
                0x20000738       0x14 CMakeFiles/SmartBarCOM.dir/Middlewares/Third_Party/FreeRTOS/Source/tasks.c.obj
 .bss.xDelayedTaskList2
                0x2000074c       0x14 CMakeFiles/SmartBarCOM.dir/Middlewares/Third_Party/FreeRTOS/Source/tasks.c.obj
 .bss.pxDelayedTaskList
                0x20000760        0x4 CMakeFiles/SmartBarCOM.dir/Middlewares/Third_Party/FreeRTOS/Source/tasks.c.obj
 .bss.pxOverflowDelayedTaskList
                0x20000764        0x4 CMakeFiles/SmartBarCOM.dir/Middlewares/Third_Party/FreeRTOS/Source/tasks.c.obj
 .bss.xPendingReadyList
                0x20000768       0x14 CMakeFiles/SmartBarCOM.dir/Middlewares/Third_Party/FreeRTOS/Source/tasks.c.obj
 .bss.xTasksWaitingTermination
                0x2000077c       0x14 CMakeFiles/SmartBarCOM.dir/Middlewares/Third_Party/FreeRTOS/Source/tasks.c.obj
 .bss.uxDeletedTasksWaitingCleanUp
                0x20000790        0x4 CMakeFiles/SmartBarCOM.dir/Middlewares/Third_Party/FreeRTOS/Source/tasks.c.obj
 .bss.xSuspendedTaskList
                0x20000794       0x14 CMakeFiles/SmartBarCOM.dir/Middlewares/Third_Party/FreeRTOS/Source/tasks.c.obj
 .bss.uxCurrentNumberOfTasks
                0x200007a8        0x4 CMakeFiles/SmartBarCOM.dir/Middlewares/Third_Party/FreeRTOS/Source/tasks.c.obj
 .bss.xTickCount
                0x200007ac        0x4 CMakeFiles/SmartBarCOM.dir/Middlewares/Third_Party/FreeRTOS/Source/tasks.c.obj
 .bss.uxTopReadyPriority
                0x200007b0        0x4 CMakeFiles/SmartBarCOM.dir/Middlewares/Third_Party/FreeRTOS/Source/tasks.c.obj
 .bss.xSchedulerRunning
                0x200007b4        0x4 CMakeFiles/SmartBarCOM.dir/Middlewares/Third_Party/FreeRTOS/Source/tasks.c.obj
 .bss.uxPendedTicks
                0x200007b8        0x4 CMakeFiles/SmartBarCOM.dir/Middlewares/Third_Party/FreeRTOS/Source/tasks.c.obj
 .bss.xYieldPending
                0x200007bc        0x4 CMakeFiles/SmartBarCOM.dir/Middlewares/Third_Party/FreeRTOS/Source/tasks.c.obj
 .bss.xNumOfOverflows
                0x200007c0        0x4 CMakeFiles/SmartBarCOM.dir/Middlewares/Third_Party/FreeRTOS/Source/tasks.c.obj
 .bss.uxTaskNumber
                0x200007c4        0x4 CMakeFiles/SmartBarCOM.dir/Middlewares/Third_Party/FreeRTOS/Source/tasks.c.obj
 .bss.xNextTaskUnblockTime
                0x200007c8        0x4 CMakeFiles/SmartBarCOM.dir/Middlewares/Third_Party/FreeRTOS/Source/tasks.c.obj
 .bss.xIdleTaskHandle
                0x200007cc        0x4 CMakeFiles/SmartBarCOM.dir/Middlewares/Third_Party/FreeRTOS/Source/tasks.c.obj
 .bss.uxSchedulerSuspended
                0x200007d0        0x4 CMakeFiles/SmartBarCOM.dir/Middlewares/Third_Party/FreeRTOS/Source/tasks.c.obj
 .bss.xActiveTimerList1
                0x200007d4       0x14 CMakeFiles/SmartBarCOM.dir/Middlewares/Third_Party/FreeRTOS/Source/timers.c.obj
 .bss.xActiveTimerList2
                0x200007e8       0x14 CMakeFiles/SmartBarCOM.dir/Middlewares/Third_Party/FreeRTOS/Source/timers.c.obj
 .bss.pxCurrentTimerList
                0x200007fc        0x4 CMakeFiles/SmartBarCOM.dir/Middlewares/Third_Party/FreeRTOS/Source/timers.c.obj
 .bss.pxOverflowTimerList
                0x20000800        0x4 CMakeFiles/SmartBarCOM.dir/Middlewares/Third_Party/FreeRTOS/Source/timers.c.obj
 .bss.xTimerQueue
                0x20000804        0x4 CMakeFiles/SmartBarCOM.dir/Middlewares/Third_Party/FreeRTOS/Source/timers.c.obj
 .bss.xTimerTaskHandle
                0x20000808        0x4 CMakeFiles/SmartBarCOM.dir/Middlewares/Third_Party/FreeRTOS/Source/timers.c.obj
 .bss.xLastTime.2
                0x2000080c        0x4 CMakeFiles/SmartBarCOM.dir/Middlewares/Third_Party/FreeRTOS/Source/timers.c.obj
 .bss.ucStaticTimerQueueStorage.1
                0x20000810       0xa0 CMakeFiles/SmartBarCOM.dir/Middlewares/Third_Party/FreeRTOS/Source/timers.c.obj
 .bss.xStaticTimerQueue.0
                0x200008b0       0x50 CMakeFiles/SmartBarCOM.dir/Middlewares/Third_Party/FreeRTOS/Source/timers.c.obj
 .bss.KernelState
                0x20000900        0x4 CMakeFiles/SmartBarCOM.dir/Middlewares/Third_Party/FreeRTOS/Source/CMSIS_RTOS_V2/cmsis_os2.c.obj
 .bss.Idle_TCB  0x20000904       0x5c CMakeFiles/SmartBarCOM.dir/Middlewares/Third_Party/FreeRTOS/Source/CMSIS_RTOS_V2/cmsis_os2.c.obj
 .bss.Idle_Stack
                0x20000960      0x200 CMakeFiles/SmartBarCOM.dir/Middlewares/Third_Party/FreeRTOS/Source/CMSIS_RTOS_V2/cmsis_os2.c.obj
 .bss.Timer_TCB
                0x20000b60       0x5c CMakeFiles/SmartBarCOM.dir/Middlewares/Third_Party/FreeRTOS/Source/CMSIS_RTOS_V2/cmsis_os2.c.obj
 .bss.Timer_Stack
                0x20000bbc      0x400 CMakeFiles/SmartBarCOM.dir/Middlewares/Third_Party/FreeRTOS/Source/CMSIS_RTOS_V2/cmsis_os2.c.obj
 .bss.ucHeap    0x20000fbc      0xc00 CMakeFiles/SmartBarCOM.dir/Middlewares/Third_Party/FreeRTOS/Source/portable/MemMang/heap_4.c.obj
 .bss.xStart    0x20001bbc        0x8 CMakeFiles/SmartBarCOM.dir/Middlewares/Third_Party/FreeRTOS/Source/portable/MemMang/heap_4.c.obj
 .bss.pxEnd     0x20001bc4        0x4 CMakeFiles/SmartBarCOM.dir/Middlewares/Third_Party/FreeRTOS/Source/portable/MemMang/heap_4.c.obj
 .bss.xFreeBytesRemaining
                0x20001bc8        0x4 CMakeFiles/SmartBarCOM.dir/Middlewares/Third_Party/FreeRTOS/Source/portable/MemMang/heap_4.c.obj
 .bss.xMinimumEverFreeBytesRemaining
                0x20001bcc        0x4 CMakeFiles/SmartBarCOM.dir/Middlewares/Third_Party/FreeRTOS/Source/portable/MemMang/heap_4.c.obj
 .bss.xBlockAllocatedBit
                0x20001bd0        0x4 CMakeFiles/SmartBarCOM.dir/Middlewares/Third_Party/FreeRTOS/Source/portable/MemMang/heap_4.c.obj
 .bss.ucMaxSysCallPriority
                0x20001bd4        0x1 CMakeFiles/SmartBarCOM.dir/Middlewares/Third_Party/FreeRTOS/Source/portable/GCC/ARM_CM4F/port.c.obj
 *fill*         0x20001bd5        0x3 
 .bss.ulMaxPRIGROUPValue
                0x20001bd8        0x4 CMakeFiles/SmartBarCOM.dir/Middlewares/Third_Party/FreeRTOS/Source/portable/GCC/ARM_CM4F/port.c.obj
 *(COMMON)
                0x20001bdc                        . = ALIGN (0x4)
                0x20001bdc                        _ebss = .
                0x20001bdc                        __bss_end__ = _ebss

._user_heap_stack
                0x20001bdc      0x604
                0x20001be0                        . = ALIGN (0x8)
 *fill*         0x20001bdc        0x4 
                [!provide]                        PROVIDE (end = .)
                0x20001be0                        PROVIDE (_end = .)
                0x20001de0                        . = (. + _Min_Heap_Size)
 *fill*         0x20001be0      0x200 
                0x200021e0                        . = (. + _Min_Stack_Size)
 *fill*         0x20001de0      0x400 
                0x200021e0                        . = ALIGN (0x8)

/DISCARD/
 libc.a(*)
 libm.a(*)
 libgcc.a(*)

.ARM.attributes
                0x00000000       0x30
 *(.ARM.attributes)
 .ARM.attributes
                0x00000000       0x22 D:/Programs/STMicroelectronics/STM32CubeCLT_1.16.0/GNU-tools-for-STM32/bin/../lib/gcc/arm-none-eabi/12.3.1/thumb/v7e-m+fp/hard/crti.o
 .ARM.attributes
                0x00000022       0x34 D:/Programs/STMicroelectronics/STM32CubeCLT_1.16.0/GNU-tools-for-STM32/bin/../lib/gcc/arm-none-eabi/12.3.1/thumb/v7e-m+fp/hard/crtbegin.o
 .ARM.attributes
                0x00000056       0x34 D:/Programs/STMicroelectronics/STM32CubeCLT_1.16.0/GNU-tools-for-STM32/bin/../lib/gcc/arm-none-eabi/12.3.1/../../../../arm-none-eabi/lib/thumb/v7e-m+fp/hard\libc_nano.a(libc_a-memset.o)
 .ARM.attributes
                0x0000008a       0x34 D:/Programs/STMicroelectronics/STM32CubeCLT_1.16.0/GNU-tools-for-STM32/bin/../lib/gcc/arm-none-eabi/12.3.1/../../../../arm-none-eabi/lib/thumb/v7e-m+fp/hard\libc_nano.a(libc_a-init.o)
 .ARM.attributes
                0x000000be       0x34 CMakeFiles/SmartBarCOM.dir/Core/Src/main.c.obj
 .ARM.attributes
                0x000000f2       0x34 CMakeFiles/SmartBarCOM.dir/Core/Src/stm32f3xx_it.c.obj
 .ARM.attributes
                0x00000126       0x34 CMakeFiles/SmartBarCOM.dir/Core/Src/stm32f3xx_hal_msp.c.obj
 .ARM.attributes
                0x0000015a       0x34 CMakeFiles/SmartBarCOM.dir/Core/Src/stm32f3xx_hal_timebase_tim.c.obj
 .ARM.attributes
                0x0000018e       0x34 CMakeFiles/SmartBarCOM.dir/Drivers/STM32F3xx_HAL_Driver/Src/stm32f3xx_hal.c.obj
 .ARM.attributes
                0x000001c2       0x34 CMakeFiles/SmartBarCOM.dir/Drivers/STM32F3xx_HAL_Driver/Src/stm32f3xx_hal_rcc.c.obj
 .ARM.attributes
                0x000001f6       0x34 CMakeFiles/SmartBarCOM.dir/Drivers/STM32F3xx_HAL_Driver/Src/stm32f3xx_hal_rcc_ex.c.obj
 .ARM.attributes
                0x0000022a       0x34 CMakeFiles/SmartBarCOM.dir/Drivers/STM32F3xx_HAL_Driver/Src/stm32f3xx_hal_gpio.c.obj
 .ARM.attributes
                0x0000025e       0x34 CMakeFiles/SmartBarCOM.dir/Drivers/STM32F3xx_HAL_Driver/Src/stm32f3xx_hal_dma.c.obj
 .ARM.attributes
                0x00000292       0x34 CMakeFiles/SmartBarCOM.dir/Drivers/STM32F3xx_HAL_Driver/Src/stm32f3xx_hal_cortex.c.obj
 .ARM.attributes
                0x000002c6       0x34 CMakeFiles/SmartBarCOM.dir/Drivers/STM32F3xx_HAL_Driver/Src/stm32f3xx_hal_tim.c.obj
 .ARM.attributes
                0x000002fa       0x34 CMakeFiles/SmartBarCOM.dir/Drivers/STM32F3xx_HAL_Driver/Src/stm32f3xx_hal_tim_ex.c.obj
 .ARM.attributes
                0x0000032e       0x34 CMakeFiles/SmartBarCOM.dir/Drivers/STM32F3xx_HAL_Driver/Src/stm32f3xx_hal_uart.c.obj
 .ARM.attributes
                0x00000362       0x34 CMakeFiles/SmartBarCOM.dir/Drivers/STM32F3xx_HAL_Driver/Src/stm32f3xx_hal_uart_ex.c.obj
 .ARM.attributes
                0x00000396       0x34 CMakeFiles/SmartBarCOM.dir/Core/Src/system_stm32f3xx.c.obj
 .ARM.attributes
                0x000003ca       0x34 CMakeFiles/SmartBarCOM.dir/Middlewares/Third_Party/FreeRTOS/Source/list.c.obj
 .ARM.attributes
                0x000003fe       0x34 CMakeFiles/SmartBarCOM.dir/Middlewares/Third_Party/FreeRTOS/Source/queue.c.obj
 .ARM.attributes
                0x00000432       0x34 CMakeFiles/SmartBarCOM.dir/Middlewares/Third_Party/FreeRTOS/Source/tasks.c.obj
 .ARM.attributes
                0x00000466       0x34 CMakeFiles/SmartBarCOM.dir/Middlewares/Third_Party/FreeRTOS/Source/timers.c.obj
 .ARM.attributes
                0x0000049a       0x34 CMakeFiles/SmartBarCOM.dir/Middlewares/Third_Party/FreeRTOS/Source/CMSIS_RTOS_V2/cmsis_os2.c.obj
 .ARM.attributes
                0x000004ce       0x34 CMakeFiles/SmartBarCOM.dir/Middlewares/Third_Party/FreeRTOS/Source/portable/MemMang/heap_4.c.obj
 .ARM.attributes
                0x00000502       0x34 CMakeFiles/SmartBarCOM.dir/Middlewares/Third_Party/FreeRTOS/Source/portable/GCC/ARM_CM4F/port.c.obj
 .ARM.attributes
                0x00000536       0x21 CMakeFiles/SmartBarCOM.dir/startup_stm32f303xe.s.obj
 .ARM.attributes
                0x00000557       0x20 D:/Programs/STMicroelectronics/STM32CubeCLT_1.16.0/GNU-tools-for-STM32/bin/../lib/gcc/arm-none-eabi/12.3.1/../../../../arm-none-eabi/lib/thumb/v7e-m+fp/hard\libg_nano.a(libc_a-strcmp.o)
 .ARM.attributes
                0x00000577       0x34 D:/Programs/STMicroelectronics/STM32CubeCLT_1.16.0/GNU-tools-for-STM32/bin/../lib/gcc/arm-none-eabi/12.3.1/../../../../arm-none-eabi/lib/thumb/v7e-m+fp/hard\libg_nano.a(libc_a-strcpy.o)
 .ARM.attributes
                0x000005ab       0x34 D:/Programs/STMicroelectronics/STM32CubeCLT_1.16.0/GNU-tools-for-STM32/bin/../lib/gcc/arm-none-eabi/12.3.1/../../../../arm-none-eabi/lib/thumb/v7e-m+fp/hard\libg_nano.a(libc_a-memcpy-stub.o)
 .ARM.attributes
                0x000005df       0x22 D:/Programs/STMicroelectronics/STM32CubeCLT_1.16.0/GNU-tools-for-STM32/bin/../lib/gcc/arm-none-eabi/12.3.1/thumb/v7e-m+fp/hard/crtn.o
OUTPUT(SmartBarCOM.elf elf32-littlearm)
LOAD linker stubs
LOAD D:/Programs/STMicroelectronics/STM32CubeCLT_1.16.0/GNU-tools-for-STM32/bin/../lib/gcc/arm-none-eabi/12.3.1/../../../../arm-none-eabi/lib/thumb/v7e-m+fp/hard\libc.a
LOAD D:/Programs/STMicroelectronics/STM32CubeCLT_1.16.0/GNU-tools-for-STM32/bin/../lib/gcc/arm-none-eabi/12.3.1/../../../../arm-none-eabi/lib/thumb/v7e-m+fp/hard\libm.a
LOAD D:/Programs/STMicroelectronics/STM32CubeCLT_1.16.0/GNU-tools-for-STM32/bin/../lib/gcc/arm-none-eabi/12.3.1/thumb/v7e-m+fp/hard\libgcc.a

.debug_frame    0x00000000     0x55ec
 .debug_frame   0x00000000       0x20 D:/Programs/STMicroelectronics/STM32CubeCLT_1.16.0/GNU-tools-for-STM32/bin/../lib/gcc/arm-none-eabi/12.3.1/../../../../arm-none-eabi/lib/thumb/v7e-m+fp/hard\libc_nano.a(libc_a-memset.o)
 .debug_frame   0x00000020       0x2c D:/Programs/STMicroelectronics/STM32CubeCLT_1.16.0/GNU-tools-for-STM32/bin/../lib/gcc/arm-none-eabi/12.3.1/../../../../arm-none-eabi/lib/thumb/v7e-m+fp/hard\libc_nano.a(libc_a-init.o)
 .debug_frame   0x0000004c      0x134 CMakeFiles/SmartBarCOM.dir/Core/Src/main.c.obj
 .debug_frame   0x00000180       0xe0 CMakeFiles/SmartBarCOM.dir/Core/Src/stm32f3xx_it.c.obj
 .debug_frame   0x00000260       0x7c CMakeFiles/SmartBarCOM.dir/Core/Src/stm32f3xx_hal_msp.c.obj
 .debug_frame   0x000002dc       0x74 CMakeFiles/SmartBarCOM.dir/Core/Src/stm32f3xx_hal_timebase_tim.c.obj
 .debug_frame   0x00000350      0x334 CMakeFiles/SmartBarCOM.dir/Drivers/STM32F3xx_HAL_Driver/Src/stm32f3xx_hal.c.obj
 .debug_frame   0x00000684      0x214 CMakeFiles/SmartBarCOM.dir/Drivers/STM32F3xx_HAL_Driver/Src/stm32f3xx_hal_rcc.c.obj
 .debug_frame   0x00000898       0xb0 CMakeFiles/SmartBarCOM.dir/Drivers/STM32F3xx_HAL_Driver/Src/stm32f3xx_hal_rcc_ex.c.obj
 .debug_frame   0x00000948      0x14c CMakeFiles/SmartBarCOM.dir/Drivers/STM32F3xx_HAL_Driver/Src/stm32f3xx_hal_gpio.c.obj
 .debug_frame   0x00000a94      0x224 CMakeFiles/SmartBarCOM.dir/Drivers/STM32F3xx_HAL_Driver/Src/stm32f3xx_hal_dma.c.obj
 .debug_frame   0x00000cb8      0x4e8 CMakeFiles/SmartBarCOM.dir/Drivers/STM32F3xx_HAL_Driver/Src/stm32f3xx_hal_cortex.c.obj
 .debug_frame   0x000011a0     0x1218 CMakeFiles/SmartBarCOM.dir/Drivers/STM32F3xx_HAL_Driver/Src/stm32f3xx_hal_tim.c.obj
 .debug_frame   0x000023b8      0x688 CMakeFiles/SmartBarCOM.dir/Drivers/STM32F3xx_HAL_Driver/Src/stm32f3xx_hal_tim_ex.c.obj
 .debug_frame   0x00002a40      0x9e8 CMakeFiles/SmartBarCOM.dir/Drivers/STM32F3xx_HAL_Driver/Src/stm32f3xx_hal_uart.c.obj
 .debug_frame   0x00003428      0x1b4 CMakeFiles/SmartBarCOM.dir/Drivers/STM32F3xx_HAL_Driver/Src/stm32f3xx_hal_uart_ex.c.obj
 .debug_frame   0x000035dc       0x58 CMakeFiles/SmartBarCOM.dir/Core/Src/system_stm32f3xx.c.obj
 .debug_frame   0x00003634       0xd8 CMakeFiles/SmartBarCOM.dir/Middlewares/Third_Party/FreeRTOS/Source/list.c.obj
 .debug_frame   0x0000370c      0x5ec CMakeFiles/SmartBarCOM.dir/Middlewares/Third_Party/FreeRTOS/Source/queue.c.obj
 .debug_frame   0x00003cf8      0x8a8 CMakeFiles/SmartBarCOM.dir/Middlewares/Third_Party/FreeRTOS/Source/tasks.c.obj
 .debug_frame   0x000045a0      0x3b4 CMakeFiles/SmartBarCOM.dir/Middlewares/Third_Party/FreeRTOS/Source/timers.c.obj
 .debug_frame   0x00004954      0x980 CMakeFiles/SmartBarCOM.dir/Middlewares/Third_Party/FreeRTOS/Source/CMSIS_RTOS_V2/cmsis_os2.c.obj
 .debug_frame   0x000052d4      0x108 CMakeFiles/SmartBarCOM.dir/Middlewares/Third_Party/FreeRTOS/Source/portable/MemMang/heap_4.c.obj
 .debug_frame   0x000053dc      0x1a8 CMakeFiles/SmartBarCOM.dir/Middlewares/Third_Party/FreeRTOS/Source/portable/GCC/ARM_CM4F/port.c.obj
 .debug_frame   0x00005584       0x20 D:/Programs/STMicroelectronics/STM32CubeCLT_1.16.0/GNU-tools-for-STM32/bin/../lib/gcc/arm-none-eabi/12.3.1/../../../../arm-none-eabi/lib/thumb/v7e-m+fp/hard\libg_nano.a(libc_a-strcmp.o)
 .debug_frame   0x000055a4       0x20 D:/Programs/STMicroelectronics/STM32CubeCLT_1.16.0/GNU-tools-for-STM32/bin/../lib/gcc/arm-none-eabi/12.3.1/../../../../arm-none-eabi/lib/thumb/v7e-m+fp/hard\libg_nano.a(libc_a-strcpy.o)
 .debug_frame   0x000055c4       0x28 D:/Programs/STMicroelectronics/STM32CubeCLT_1.16.0/GNU-tools-for-STM32/bin/../lib/gcc/arm-none-eabi/12.3.1/../../../../arm-none-eabi/lib/thumb/v7e-m+fp/hard\libg_nano.a(libc_a-memcpy-stub.o)

.debug_info     0x00000000    0x19421
 .debug_info    0x00000000     0x159f CMakeFiles/SmartBarCOM.dir/Core/Src/main.c.obj
 .debug_info    0x0000159f      0xa51 CMakeFiles/SmartBarCOM.dir/Core/Src/stm32f3xx_it.c.obj
 .debug_info    0x00001ff0      0xb3d CMakeFiles/SmartBarCOM.dir/Core/Src/stm32f3xx_hal_msp.c.obj
 .debug_info    0x00002b2d      0xad0 CMakeFiles/SmartBarCOM.dir/Core/Src/stm32f3xx_hal_timebase_tim.c.obj
 .debug_info    0x000035fd      0x804 CMakeFiles/SmartBarCOM.dir/Drivers/STM32F3xx_HAL_Driver/Src/stm32f3xx_hal.c.obj
 .debug_info    0x00003e01     0x149a CMakeFiles/SmartBarCOM.dir/Drivers/STM32F3xx_HAL_Driver/Src/stm32f3xx_hal_rcc.c.obj
 .debug_info    0x0000529b      0x61b CMakeFiles/SmartBarCOM.dir/Drivers/STM32F3xx_HAL_Driver/Src/stm32f3xx_hal_rcc_ex.c.obj
 .debug_info    0x000058b6      0x6a6 CMakeFiles/SmartBarCOM.dir/Drivers/STM32F3xx_HAL_Driver/Src/stm32f3xx_hal_gpio.c.obj
 .debug_info    0x00005f5c      0x6e1 CMakeFiles/SmartBarCOM.dir/Drivers/STM32F3xx_HAL_Driver/Src/stm32f3xx_hal_dma.c.obj
 .debug_info    0x0000663d      0xd14 CMakeFiles/SmartBarCOM.dir/Drivers/STM32F3xx_HAL_Driver/Src/stm32f3xx_hal_cortex.c.obj
 .debug_info    0x00007351     0x2a70 CMakeFiles/SmartBarCOM.dir/Drivers/STM32F3xx_HAL_Driver/Src/stm32f3xx_hal_tim.c.obj
 .debug_info    0x00009dc1     0x156d CMakeFiles/SmartBarCOM.dir/Drivers/STM32F3xx_HAL_Driver/Src/stm32f3xx_hal_tim_ex.c.obj
 .debug_info    0x0000b32e     0x39a8 CMakeFiles/SmartBarCOM.dir/Drivers/STM32F3xx_HAL_Driver/Src/stm32f3xx_hal_uart.c.obj
 .debug_info    0x0000ecd6      0xc9c CMakeFiles/SmartBarCOM.dir/Drivers/STM32F3xx_HAL_Driver/Src/stm32f3xx_hal_uart_ex.c.obj
 .debug_info    0x0000f972      0x407 CMakeFiles/SmartBarCOM.dir/Core/Src/system_stm32f3xx.c.obj
 .debug_info    0x0000fd79      0x2aa CMakeFiles/SmartBarCOM.dir/Middlewares/Third_Party/FreeRTOS/Source/list.c.obj
 .debug_info    0x00010023     0x1abf CMakeFiles/SmartBarCOM.dir/Middlewares/Third_Party/FreeRTOS/Source/queue.c.obj
 .debug_info    0x00011ae2     0x20e5 CMakeFiles/SmartBarCOM.dir/Middlewares/Third_Party/FreeRTOS/Source/tasks.c.obj
 .debug_info    0x00013bc7     0x13b5 CMakeFiles/SmartBarCOM.dir/Middlewares/Third_Party/FreeRTOS/Source/timers.c.obj
 .debug_info    0x00014f7c     0x39bf CMakeFiles/SmartBarCOM.dir/Middlewares/Third_Party/FreeRTOS/Source/CMSIS_RTOS_V2/cmsis_os2.c.obj
 .debug_info    0x0001893b      0x3c3 CMakeFiles/SmartBarCOM.dir/Middlewares/Third_Party/FreeRTOS/Source/portable/MemMang/heap_4.c.obj
 .debug_info    0x00018cfe      0x4de CMakeFiles/SmartBarCOM.dir/Middlewares/Third_Party/FreeRTOS/Source/portable/GCC/ARM_CM4F/port.c.obj
 .debug_info    0x000191dc       0x30 CMakeFiles/SmartBarCOM.dir/startup_stm32f303xe.s.obj
 .debug_info    0x0001920c       0x31 D:/Programs/STMicroelectronics/STM32CubeCLT_1.16.0/GNU-tools-for-STM32/bin/../lib/gcc/arm-none-eabi/12.3.1/../../../../arm-none-eabi/lib/thumb/v7e-m+fp/hard\libg_nano.a(libc_a-strcmp.o)
 .debug_info    0x0001923d       0xc3 D:/Programs/STMicroelectronics/STM32CubeCLT_1.16.0/GNU-tools-for-STM32/bin/../lib/gcc/arm-none-eabi/12.3.1/../../../../arm-none-eabi/lib/thumb/v7e-m+fp/hard\libg_nano.a(libc_a-strcpy.o)
 .debug_info    0x00019300      0x121 D:/Programs/STMicroelectronics/STM32CubeCLT_1.16.0/GNU-tools-for-STM32/bin/../lib/gcc/arm-none-eabi/12.3.1/../../../../arm-none-eabi/lib/thumb/v7e-m+fp/hard\libg_nano.a(libc_a-memcpy-stub.o)

.debug_abbrev   0x00000000     0x37a7
 .debug_abbrev  0x00000000      0x2ff CMakeFiles/SmartBarCOM.dir/Core/Src/main.c.obj
 .debug_abbrev  0x000002ff      0x189 CMakeFiles/SmartBarCOM.dir/Core/Src/stm32f3xx_it.c.obj
 .debug_abbrev  0x00000488      0x1af CMakeFiles/SmartBarCOM.dir/Core/Src/stm32f3xx_hal_msp.c.obj
 .debug_abbrev  0x00000637      0x1f4 CMakeFiles/SmartBarCOM.dir/Core/Src/stm32f3xx_hal_timebase_tim.c.obj
 .debug_abbrev  0x0000082b      0x215 CMakeFiles/SmartBarCOM.dir/Drivers/STM32F3xx_HAL_Driver/Src/stm32f3xx_hal.c.obj
 .debug_abbrev  0x00000a40      0x300 CMakeFiles/SmartBarCOM.dir/Drivers/STM32F3xx_HAL_Driver/Src/stm32f3xx_hal_rcc.c.obj
 .debug_abbrev  0x00000d40      0x221 CMakeFiles/SmartBarCOM.dir/Drivers/STM32F3xx_HAL_Driver/Src/stm32f3xx_hal_rcc_ex.c.obj
 .debug_abbrev  0x00000f61      0x1ca CMakeFiles/SmartBarCOM.dir/Drivers/STM32F3xx_HAL_Driver/Src/stm32f3xx_hal_gpio.c.obj
 .debug_abbrev  0x0000112b      0x20d CMakeFiles/SmartBarCOM.dir/Drivers/STM32F3xx_HAL_Driver/Src/stm32f3xx_hal_dma.c.obj
 .debug_abbrev  0x00001338      0x31e CMakeFiles/SmartBarCOM.dir/Drivers/STM32F3xx_HAL_Driver/Src/stm32f3xx_hal_cortex.c.obj
 .debug_abbrev  0x00001656      0x278 CMakeFiles/SmartBarCOM.dir/Drivers/STM32F3xx_HAL_Driver/Src/stm32f3xx_hal_tim.c.obj
 .debug_abbrev  0x000018ce      0x283 CMakeFiles/SmartBarCOM.dir/Drivers/STM32F3xx_HAL_Driver/Src/stm32f3xx_hal_tim_ex.c.obj
 .debug_abbrev  0x00001b51      0x2d1 CMakeFiles/SmartBarCOM.dir/Drivers/STM32F3xx_HAL_Driver/Src/stm32f3xx_hal_uart.c.obj
 .debug_abbrev  0x00001e22      0x2bf CMakeFiles/SmartBarCOM.dir/Drivers/STM32F3xx_HAL_Driver/Src/stm32f3xx_hal_uart_ex.c.obj
 .debug_abbrev  0x000020e1      0x11a CMakeFiles/SmartBarCOM.dir/Core/Src/system_stm32f3xx.c.obj
 .debug_abbrev  0x000021fb       0xf5 CMakeFiles/SmartBarCOM.dir/Middlewares/Third_Party/FreeRTOS/Source/list.c.obj
 .debug_abbrev  0x000022f0      0x3ce CMakeFiles/SmartBarCOM.dir/Middlewares/Third_Party/FreeRTOS/Source/queue.c.obj
 .debug_abbrev  0x000026be      0x385 CMakeFiles/SmartBarCOM.dir/Middlewares/Third_Party/FreeRTOS/Source/tasks.c.obj
 .debug_abbrev  0x00002a43      0x348 CMakeFiles/SmartBarCOM.dir/Middlewares/Third_Party/FreeRTOS/Source/timers.c.obj
 .debug_abbrev  0x00002d8b      0x433 CMakeFiles/SmartBarCOM.dir/Middlewares/Third_Party/FreeRTOS/Source/CMSIS_RTOS_V2/cmsis_os2.c.obj
 .debug_abbrev  0x000031be      0x205 CMakeFiles/SmartBarCOM.dir/Middlewares/Third_Party/FreeRTOS/Source/portable/MemMang/heap_4.c.obj
 .debug_abbrev  0x000033c3      0x25c CMakeFiles/SmartBarCOM.dir/Middlewares/Third_Party/FreeRTOS/Source/portable/GCC/ARM_CM4F/port.c.obj
 .debug_abbrev  0x0000361f       0x24 CMakeFiles/SmartBarCOM.dir/startup_stm32f303xe.s.obj
 .debug_abbrev  0x00003643       0x28 D:/Programs/STMicroelectronics/STM32CubeCLT_1.16.0/GNU-tools-for-STM32/bin/../lib/gcc/arm-none-eabi/12.3.1/../../../../arm-none-eabi/lib/thumb/v7e-m+fp/hard\libg_nano.a(libc_a-strcmp.o)
 .debug_abbrev  0x0000366b       0x7b D:/Programs/STMicroelectronics/STM32CubeCLT_1.16.0/GNU-tools-for-STM32/bin/../lib/gcc/arm-none-eabi/12.3.1/../../../../arm-none-eabi/lib/thumb/v7e-m+fp/hard\libg_nano.a(libc_a-strcpy.o)
 .debug_abbrev  0x000036e6       0xc1 D:/Programs/STMicroelectronics/STM32CubeCLT_1.16.0/GNU-tools-for-STM32/bin/../lib/gcc/arm-none-eabi/12.3.1/../../../../arm-none-eabi/lib/thumb/v7e-m+fp/hard\libg_nano.a(libc_a-memcpy-stub.o)

.debug_aranges  0x00000000     0x14c8
 .debug_aranges
                0x00000000       0x60 CMakeFiles/SmartBarCOM.dir/Core/Src/main.c.obj
 .debug_aranges
                0x00000060       0x58 CMakeFiles/SmartBarCOM.dir/Core/Src/stm32f3xx_it.c.obj
 .debug_aranges
                0x000000b8       0x30 CMakeFiles/SmartBarCOM.dir/Core/Src/stm32f3xx_hal_msp.c.obj
 .debug_aranges
                0x000000e8       0x30 CMakeFiles/SmartBarCOM.dir/Core/Src/stm32f3xx_hal_timebase_tim.c.obj
 .debug_aranges
                0x00000118       0xe0 CMakeFiles/SmartBarCOM.dir/Drivers/STM32F3xx_HAL_Driver/Src/stm32f3xx_hal.c.obj
 .debug_aranges
                0x000001f8       0x88 CMakeFiles/SmartBarCOM.dir/Drivers/STM32F3xx_HAL_Driver/Src/stm32f3xx_hal_rcc.c.obj
 .debug_aranges
                0x00000280       0x38 CMakeFiles/SmartBarCOM.dir/Drivers/STM32F3xx_HAL_Driver/Src/stm32f3xx_hal_rcc_ex.c.obj
 .debug_aranges
                0x000002b8       0x58 CMakeFiles/SmartBarCOM.dir/Drivers/STM32F3xx_HAL_Driver/Src/stm32f3xx_hal_gpio.c.obj
 .debug_aranges
                0x00000310       0x88 CMakeFiles/SmartBarCOM.dir/Drivers/STM32F3xx_HAL_Driver/Src/stm32f3xx_hal_dma.c.obj
 .debug_aranges
                0x00000398      0x128 CMakeFiles/SmartBarCOM.dir/Drivers/STM32F3xx_HAL_Driver/Src/stm32f3xx_hal_cortex.c.obj
 .debug_aranges
                0x000004c0      0x3e0 CMakeFiles/SmartBarCOM.dir/Drivers/STM32F3xx_HAL_Driver/Src/stm32f3xx_hal_tim.c.obj
 .debug_aranges
                0x000008a0      0x178 CMakeFiles/SmartBarCOM.dir/Drivers/STM32F3xx_HAL_Driver/Src/stm32f3xx_hal_tim_ex.c.obj
 .debug_aranges
                0x00000a18      0x228 CMakeFiles/SmartBarCOM.dir/Drivers/STM32F3xx_HAL_Driver/Src/stm32f3xx_hal_uart.c.obj
 .debug_aranges
                0x00000c40       0x70 CMakeFiles/SmartBarCOM.dir/Drivers/STM32F3xx_HAL_Driver/Src/stm32f3xx_hal_uart_ex.c.obj
 .debug_aranges
                0x00000cb0       0x28 CMakeFiles/SmartBarCOM.dir/Core/Src/system_stm32f3xx.c.obj
 .debug_aranges
                0x00000cd8       0x40 CMakeFiles/SmartBarCOM.dir/Middlewares/Third_Party/FreeRTOS/Source/list.c.obj
 .debug_aranges
                0x00000d18      0x158 CMakeFiles/SmartBarCOM.dir/Middlewares/Third_Party/FreeRTOS/Source/queue.c.obj
 .debug_aranges
                0x00000e70      0x1f8 CMakeFiles/SmartBarCOM.dir/Middlewares/Third_Party/FreeRTOS/Source/tasks.c.obj
 .debug_aranges
                0x00001068       0xe0 CMakeFiles/SmartBarCOM.dir/Middlewares/Third_Party/FreeRTOS/Source/timers.c.obj
 .debug_aranges
                0x00001148      0x228 CMakeFiles/SmartBarCOM.dir/Middlewares/Third_Party/FreeRTOS/Source/CMSIS_RTOS_V2/cmsis_os2.c.obj
 .debug_aranges
                0x00001370       0x50 CMakeFiles/SmartBarCOM.dir/Middlewares/Third_Party/FreeRTOS/Source/portable/MemMang/heap_4.c.obj
 .debug_aranges
                0x000013c0       0x80 CMakeFiles/SmartBarCOM.dir/Middlewares/Third_Party/FreeRTOS/Source/portable/GCC/ARM_CM4F/port.c.obj
 .debug_aranges
                0x00001440       0x28 CMakeFiles/SmartBarCOM.dir/startup_stm32f303xe.s.obj
 .debug_aranges
                0x00001468       0x20 D:/Programs/STMicroelectronics/STM32CubeCLT_1.16.0/GNU-tools-for-STM32/bin/../lib/gcc/arm-none-eabi/12.3.1/../../../../arm-none-eabi/lib/thumb/v7e-m+fp/hard\libg_nano.a(libc_a-strcmp.o)
 .debug_aranges
                0x00001488       0x20 D:/Programs/STMicroelectronics/STM32CubeCLT_1.16.0/GNU-tools-for-STM32/bin/../lib/gcc/arm-none-eabi/12.3.1/../../../../arm-none-eabi/lib/thumb/v7e-m+fp/hard\libg_nano.a(libc_a-strcpy.o)
 .debug_aranges
                0x000014a8       0x20 D:/Programs/STMicroelectronics/STM32CubeCLT_1.16.0/GNU-tools-for-STM32/bin/../lib/gcc/arm-none-eabi/12.3.1/../../../../arm-none-eabi/lib/thumb/v7e-m+fp/hard\libg_nano.a(libc_a-memcpy-stub.o)

.debug_rnglists
                0x00000000     0x1018
 .debug_rnglists
                0x00000000       0x48 CMakeFiles/SmartBarCOM.dir/Core/Src/main.c.obj
 .debug_rnglists
                0x00000048       0x3d CMakeFiles/SmartBarCOM.dir/Core/Src/stm32f3xx_it.c.obj
 .debug_rnglists
                0x00000085       0x20 CMakeFiles/SmartBarCOM.dir/Core/Src/stm32f3xx_hal_msp.c.obj
 .debug_rnglists
                0x000000a5       0x20 CMakeFiles/SmartBarCOM.dir/Core/Src/stm32f3xx_hal_timebase_tim.c.obj
 .debug_rnglists
                0x000000c5       0xa3 CMakeFiles/SmartBarCOM.dir/Drivers/STM32F3xx_HAL_Driver/Src/stm32f3xx_hal.c.obj
 .debug_rnglists
                0x00000168       0x66 CMakeFiles/SmartBarCOM.dir/Drivers/STM32F3xx_HAL_Driver/Src/stm32f3xx_hal_rcc.c.obj
 .debug_rnglists
                0x000001ce       0x29 CMakeFiles/SmartBarCOM.dir/Drivers/STM32F3xx_HAL_Driver/Src/stm32f3xx_hal_rcc_ex.c.obj
 .debug_rnglists
                0x000001f7       0x3f CMakeFiles/SmartBarCOM.dir/Drivers/STM32F3xx_HAL_Driver/Src/stm32f3xx_hal_gpio.c.obj
 .debug_rnglists
                0x00000236       0x69 CMakeFiles/SmartBarCOM.dir/Drivers/STM32F3xx_HAL_Driver/Src/stm32f3xx_hal_dma.c.obj
 .debug_rnglists
                0x0000029f       0xda CMakeFiles/SmartBarCOM.dir/Drivers/STM32F3xx_HAL_Driver/Src/stm32f3xx_hal_cortex.c.obj
 .debug_rnglists
                0x00000379      0x328 CMakeFiles/SmartBarCOM.dir/Drivers/STM32F3xx_HAL_Driver/Src/stm32f3xx_hal_tim.c.obj
 .debug_rnglists
                0x000006a1      0x131 CMakeFiles/SmartBarCOM.dir/Drivers/STM32F3xx_HAL_Driver/Src/stm32f3xx_hal_tim_ex.c.obj
 .debug_rnglists
                0x000007d2      0x1da CMakeFiles/SmartBarCOM.dir/Drivers/STM32F3xx_HAL_Driver/Src/stm32f3xx_hal_uart.c.obj
 .debug_rnglists
                0x000009ac       0x54 CMakeFiles/SmartBarCOM.dir/Drivers/STM32F3xx_HAL_Driver/Src/stm32f3xx_hal_uart_ex.c.obj
 .debug_rnglists
                0x00000a00       0x1a CMakeFiles/SmartBarCOM.dir/Core/Src/system_stm32f3xx.c.obj
 .debug_rnglists
                0x00000a1a       0x2b CMakeFiles/SmartBarCOM.dir/Middlewares/Third_Party/FreeRTOS/Source/list.c.obj
 .debug_rnglists
                0x00000a45      0x109 CMakeFiles/SmartBarCOM.dir/Middlewares/Third_Party/FreeRTOS/Source/queue.c.obj
 .debug_rnglists
                0x00000b4e      0x194 CMakeFiles/SmartBarCOM.dir/Middlewares/Third_Party/FreeRTOS/Source/tasks.c.obj
 .debug_rnglists
                0x00000ce2       0xab CMakeFiles/SmartBarCOM.dir/Middlewares/Third_Party/FreeRTOS/Source/timers.c.obj
 .debug_rnglists
                0x00000d8d      0x1b4 CMakeFiles/SmartBarCOM.dir/Middlewares/Third_Party/FreeRTOS/Source/CMSIS_RTOS_V2/cmsis_os2.c.obj
 .debug_rnglists
                0x00000f41       0x3b CMakeFiles/SmartBarCOM.dir/Middlewares/Third_Party/FreeRTOS/Source/portable/MemMang/heap_4.c.obj
 .debug_rnglists
                0x00000f7c       0x5d CMakeFiles/SmartBarCOM.dir/Middlewares/Third_Party/FreeRTOS/Source/portable/GCC/ARM_CM4F/port.c.obj
 .debug_rnglists
                0x00000fd9       0x19 CMakeFiles/SmartBarCOM.dir/startup_stm32f303xe.s.obj
 .debug_rnglists
                0x00000ff2       0x13 D:/Programs/STMicroelectronics/STM32CubeCLT_1.16.0/GNU-tools-for-STM32/bin/../lib/gcc/arm-none-eabi/12.3.1/../../../../arm-none-eabi/lib/thumb/v7e-m+fp/hard\libg_nano.a(libc_a-strcpy.o)
 .debug_rnglists
                0x00001005       0x13 D:/Programs/STMicroelectronics/STM32CubeCLT_1.16.0/GNU-tools-for-STM32/bin/../lib/gcc/arm-none-eabi/12.3.1/../../../../arm-none-eabi/lib/thumb/v7e-m+fp/hard\libg_nano.a(libc_a-memcpy-stub.o)

.debug_macro    0x00000000    0x21c0a
 .debug_macro   0x00000000      0x265 CMakeFiles/SmartBarCOM.dir/Core/Src/main.c.obj
 .debug_macro   0x00000265      0xab4 CMakeFiles/SmartBarCOM.dir/Core/Src/main.c.obj
 .debug_macro   0x00000d19      0x157 CMakeFiles/SmartBarCOM.dir/Core/Src/main.c.obj
 .debug_macro   0x00000e70       0x2e CMakeFiles/SmartBarCOM.dir/Core/Src/main.c.obj
 .debug_macro   0x00000e9e       0x28 CMakeFiles/SmartBarCOM.dir/Core/Src/main.c.obj
 .debug_macro   0x00000ec6       0x22 CMakeFiles/SmartBarCOM.dir/Core/Src/main.c.obj
 .debug_macro   0x00000ee8       0x8e CMakeFiles/SmartBarCOM.dir/Core/Src/main.c.obj
 .debug_macro   0x00000f76       0x51 CMakeFiles/SmartBarCOM.dir/Core/Src/main.c.obj
 .debug_macro   0x00000fc7      0x103 CMakeFiles/SmartBarCOM.dir/Core/Src/main.c.obj
 .debug_macro   0x000010ca       0x6a CMakeFiles/SmartBarCOM.dir/Core/Src/main.c.obj
 .debug_macro   0x00001134      0x1df CMakeFiles/SmartBarCOM.dir/Core/Src/main.c.obj
 .debug_macro   0x00001313       0x1c CMakeFiles/SmartBarCOM.dir/Core/Src/main.c.obj
 .debug_macro   0x0000132f       0x22 CMakeFiles/SmartBarCOM.dir/Core/Src/main.c.obj
 .debug_macro   0x00001351       0xd9 CMakeFiles/SmartBarCOM.dir/Core/Src/main.c.obj
 .debug_macro   0x0000142a     0x102d CMakeFiles/SmartBarCOM.dir/Core/Src/main.c.obj
 .debug_macro   0x00002457      0x11f CMakeFiles/SmartBarCOM.dir/Core/Src/main.c.obj
 .debug_macro   0x00002576    0x1535a CMakeFiles/SmartBarCOM.dir/Core/Src/main.c.obj
 .debug_macro   0x000178d0       0x6d CMakeFiles/SmartBarCOM.dir/Core/Src/main.c.obj
 .debug_macro   0x0001793d     0x3574 CMakeFiles/SmartBarCOM.dir/Core/Src/main.c.obj
 .debug_macro   0x0001aeb1      0x189 CMakeFiles/SmartBarCOM.dir/Core/Src/main.c.obj
 .debug_macro   0x0001b03a       0x55 CMakeFiles/SmartBarCOM.dir/Core/Src/main.c.obj
 .debug_macro   0x0001b08f      0x953 CMakeFiles/SmartBarCOM.dir/Core/Src/main.c.obj
 .debug_macro   0x0001b9e2      0x84a CMakeFiles/SmartBarCOM.dir/Core/Src/main.c.obj
 .debug_macro   0x0001c22c      0x1b5 CMakeFiles/SmartBarCOM.dir/Core/Src/main.c.obj
 .debug_macro   0x0001c3e1      0x23a CMakeFiles/SmartBarCOM.dir/Core/Src/main.c.obj
 .debug_macro   0x0001c61b      0x1ea CMakeFiles/SmartBarCOM.dir/Core/Src/main.c.obj
 .debug_macro   0x0001c805      0x1bc CMakeFiles/SmartBarCOM.dir/Core/Src/main.c.obj
 .debug_macro   0x0001c9c1       0x30 CMakeFiles/SmartBarCOM.dir/Core/Src/main.c.obj
 .debug_macro   0x0001c9f1       0x3c CMakeFiles/SmartBarCOM.dir/Core/Src/main.c.obj
 .debug_macro   0x0001ca2d      0x235 CMakeFiles/SmartBarCOM.dir/Core/Src/main.c.obj
 .debug_macro   0x0001cc62       0xc5 CMakeFiles/SmartBarCOM.dir/Core/Src/main.c.obj
 .debug_macro   0x0001cd27      0x21d CMakeFiles/SmartBarCOM.dir/Core/Src/main.c.obj
 .debug_macro   0x0001cf44      0x22c CMakeFiles/SmartBarCOM.dir/Core/Src/main.c.obj
 .debug_macro   0x0001d170       0x5b CMakeFiles/SmartBarCOM.dir/Core/Src/main.c.obj
 .debug_macro   0x0001d1cb       0xa5 CMakeFiles/SmartBarCOM.dir/Core/Src/main.c.obj
 .debug_macro   0x0001d270       0x81 CMakeFiles/SmartBarCOM.dir/Core/Src/main.c.obj
 .debug_macro   0x0001d2f1       0xd3 CMakeFiles/SmartBarCOM.dir/Core/Src/main.c.obj
 .debug_macro   0x0001d3c4      0xa60 CMakeFiles/SmartBarCOM.dir/Core/Src/main.c.obj
 .debug_macro   0x0001de24       0xba CMakeFiles/SmartBarCOM.dir/Core/Src/main.c.obj
 .debug_macro   0x0001dede      0x5ba CMakeFiles/SmartBarCOM.dir/Core/Src/main.c.obj
 .debug_macro   0x0001e498       0x44 CMakeFiles/SmartBarCOM.dir/Core/Src/main.c.obj
 .debug_macro   0x0001e4dc      0x347 CMakeFiles/SmartBarCOM.dir/Core/Src/main.c.obj
 .debug_macro   0x0001e823       0x58 CMakeFiles/SmartBarCOM.dir/Core/Src/main.c.obj
 .debug_macro   0x0001e87b       0x5b CMakeFiles/SmartBarCOM.dir/Core/Src/main.c.obj
 .debug_macro   0x0001e8d6       0x74 CMakeFiles/SmartBarCOM.dir/Core/Src/main.c.obj
 .debug_macro   0x0001e94a      0x122 CMakeFiles/SmartBarCOM.dir/Core/Src/main.c.obj
 .debug_macro   0x0001ea6c      0x15a CMakeFiles/SmartBarCOM.dir/Core/Src/main.c.obj
 .debug_macro   0x0001ebc6       0xc2 CMakeFiles/SmartBarCOM.dir/Core/Src/main.c.obj
 .debug_macro   0x0001ec88       0x10 CMakeFiles/SmartBarCOM.dir/Core/Src/main.c.obj
 .debug_macro   0x0001ec98       0x1f CMakeFiles/SmartBarCOM.dir/Core/Src/main.c.obj
 .debug_macro   0x0001ecb7      0x47f CMakeFiles/SmartBarCOM.dir/Core/Src/main.c.obj
 .debug_macro   0x0001f136       0xdd CMakeFiles/SmartBarCOM.dir/Core/Src/main.c.obj
 .debug_macro   0x0001f213      0x1f0 CMakeFiles/SmartBarCOM.dir/Core/Src/stm32f3xx_it.c.obj
 .debug_macro   0x0001f403      0x1e6 CMakeFiles/SmartBarCOM.dir/Core/Src/stm32f3xx_hal_msp.c.obj
 .debug_macro   0x0001f5e9      0x1d7 CMakeFiles/SmartBarCOM.dir/Core/Src/stm32f3xx_hal_timebase_tim.c.obj
 .debug_macro   0x0001f7c0      0x1fb CMakeFiles/SmartBarCOM.dir/Drivers/STM32F3xx_HAL_Driver/Src/stm32f3xx_hal.c.obj
 .debug_macro   0x0001f9bb      0x1fb CMakeFiles/SmartBarCOM.dir/Drivers/STM32F3xx_HAL_Driver/Src/stm32f3xx_hal_rcc.c.obj
 .debug_macro   0x0001fbb6      0x1d7 CMakeFiles/SmartBarCOM.dir/Drivers/STM32F3xx_HAL_Driver/Src/stm32f3xx_hal_rcc_ex.c.obj
 .debug_macro   0x0001fd8d      0x1de CMakeFiles/SmartBarCOM.dir/Drivers/STM32F3xx_HAL_Driver/Src/stm32f3xx_hal_gpio.c.obj
 .debug_macro   0x0001ff6b      0x1d7 CMakeFiles/SmartBarCOM.dir/Drivers/STM32F3xx_HAL_Driver/Src/stm32f3xx_hal_dma.c.obj
 .debug_macro   0x00020142      0x1d7 CMakeFiles/SmartBarCOM.dir/Drivers/STM32F3xx_HAL_Driver/Src/stm32f3xx_hal_cortex.c.obj
 .debug_macro   0x00020319      0x1d8 CMakeFiles/SmartBarCOM.dir/Drivers/STM32F3xx_HAL_Driver/Src/stm32f3xx_hal_tim.c.obj
 .debug_macro   0x000204f1      0x1d7 CMakeFiles/SmartBarCOM.dir/Drivers/STM32F3xx_HAL_Driver/Src/stm32f3xx_hal_tim_ex.c.obj
 .debug_macro   0x000206c8      0x1f4 CMakeFiles/SmartBarCOM.dir/Drivers/STM32F3xx_HAL_Driver/Src/stm32f3xx_hal_uart.c.obj
 .debug_macro   0x000208bc      0x1d7 CMakeFiles/SmartBarCOM.dir/Drivers/STM32F3xx_HAL_Driver/Src/stm32f3xx_hal_uart_ex.c.obj
 .debug_macro   0x00020a93      0x1d7 CMakeFiles/SmartBarCOM.dir/Core/Src/system_stm32f3xx.c.obj
 .debug_macro   0x00020c6a      0x178 CMakeFiles/SmartBarCOM.dir/Middlewares/Third_Party/FreeRTOS/Source/list.c.obj
 .debug_macro   0x00020de2      0x203 CMakeFiles/SmartBarCOM.dir/Middlewares/Third_Party/FreeRTOS/Source/queue.c.obj
 .debug_macro   0x00020fe5       0x16 CMakeFiles/SmartBarCOM.dir/Middlewares/Third_Party/FreeRTOS/Source/queue.c.obj
 .debug_macro   0x00020ffb       0x35 CMakeFiles/SmartBarCOM.dir/Middlewares/Third_Party/FreeRTOS/Source/queue.c.obj
 .debug_macro   0x00021030       0x20 CMakeFiles/SmartBarCOM.dir/Middlewares/Third_Party/FreeRTOS/Source/queue.c.obj
 .debug_macro   0x00021050       0x8d CMakeFiles/SmartBarCOM.dir/Middlewares/Third_Party/FreeRTOS/Source/queue.c.obj
 .debug_macro   0x000210dd      0x278 CMakeFiles/SmartBarCOM.dir/Middlewares/Third_Party/FreeRTOS/Source/tasks.c.obj
 .debug_macro   0x00021355       0x10 CMakeFiles/SmartBarCOM.dir/Middlewares/Third_Party/FreeRTOS/Source/tasks.c.obj
 .debug_macro   0x00021365      0x1bb CMakeFiles/SmartBarCOM.dir/Middlewares/Third_Party/FreeRTOS/Source/timers.c.obj
 .debug_macro   0x00021520      0x238 CMakeFiles/SmartBarCOM.dir/Middlewares/Third_Party/FreeRTOS/Source/CMSIS_RTOS_V2/cmsis_os2.c.obj
 .debug_macro   0x00021758       0x10 CMakeFiles/SmartBarCOM.dir/Middlewares/Third_Party/FreeRTOS/Source/CMSIS_RTOS_V2/cmsis_os2.c.obj
 .debug_macro   0x00021768       0xd3 CMakeFiles/SmartBarCOM.dir/Middlewares/Third_Party/FreeRTOS/Source/CMSIS_RTOS_V2/cmsis_os2.c.obj
 .debug_macro   0x0002183b       0x9a CMakeFiles/SmartBarCOM.dir/Middlewares/Third_Party/FreeRTOS/Source/CMSIS_RTOS_V2/cmsis_os2.c.obj
 .debug_macro   0x000218d5      0x19f CMakeFiles/SmartBarCOM.dir/Middlewares/Third_Party/FreeRTOS/Source/portable/MemMang/heap_4.c.obj
 .debug_macro   0x00021a74      0x196 CMakeFiles/SmartBarCOM.dir/Middlewares/Third_Party/FreeRTOS/Source/portable/GCC/ARM_CM4F/port.c.obj

.debug_line     0x00000000    0x190ac
 .debug_line    0x00000000      0xb76 CMakeFiles/SmartBarCOM.dir/Core/Src/main.c.obj
 .debug_line    0x00000b76      0x810 CMakeFiles/SmartBarCOM.dir/Core/Src/stm32f3xx_it.c.obj
 .debug_line    0x00001386      0x7ad CMakeFiles/SmartBarCOM.dir/Core/Src/stm32f3xx_hal_msp.c.obj
 .debug_line    0x00001b33      0x7d7 CMakeFiles/SmartBarCOM.dir/Core/Src/stm32f3xx_hal_timebase_tim.c.obj
 .debug_line    0x0000230a      0xa0d CMakeFiles/SmartBarCOM.dir/Drivers/STM32F3xx_HAL_Driver/Src/stm32f3xx_hal.c.obj
 .debug_line    0x00002d17     0x13b9 CMakeFiles/SmartBarCOM.dir/Drivers/STM32F3xx_HAL_Driver/Src/stm32f3xx_hal_rcc.c.obj
 .debug_line    0x000040d0      0xf22 CMakeFiles/SmartBarCOM.dir/Drivers/STM32F3xx_HAL_Driver/Src/stm32f3xx_hal_rcc_ex.c.obj
 .debug_line    0x00004ff2      0xbac CMakeFiles/SmartBarCOM.dir/Drivers/STM32F3xx_HAL_Driver/Src/stm32f3xx_hal_gpio.c.obj
 .debug_line    0x00005b9e      0xd1b CMakeFiles/SmartBarCOM.dir/Drivers/STM32F3xx_HAL_Driver/Src/stm32f3xx_hal_dma.c.obj
 .debug_line    0x000068b9      0xcfa CMakeFiles/SmartBarCOM.dir/Drivers/STM32F3xx_HAL_Driver/Src/stm32f3xx_hal_cortex.c.obj
 .debug_line    0x000075b3     0x3ed7 CMakeFiles/SmartBarCOM.dir/Drivers/STM32F3xx_HAL_Driver/Src/stm32f3xx_hal_tim.c.obj
 .debug_line    0x0000b48a     0x1b2b CMakeFiles/SmartBarCOM.dir/Drivers/STM32F3xx_HAL_Driver/Src/stm32f3xx_hal_tim_ex.c.obj
 .debug_line    0x0000cfb5     0x3169 CMakeFiles/SmartBarCOM.dir/Drivers/STM32F3xx_HAL_Driver/Src/stm32f3xx_hal_uart.c.obj
 .debug_line    0x0001011e      0xb81 CMakeFiles/SmartBarCOM.dir/Drivers/STM32F3xx_HAL_Driver/Src/stm32f3xx_hal_uart_ex.c.obj
 .debug_line    0x00010c9f      0x7da CMakeFiles/SmartBarCOM.dir/Core/Src/system_stm32f3xx.c.obj
 .debug_line    0x00011479      0x648 CMakeFiles/SmartBarCOM.dir/Middlewares/Third_Party/FreeRTOS/Source/list.c.obj
 .debug_line    0x00011ac1     0x160b CMakeFiles/SmartBarCOM.dir/Middlewares/Third_Party/FreeRTOS/Source/queue.c.obj
 .debug_line    0x000130cc     0x1c80 CMakeFiles/SmartBarCOM.dir/Middlewares/Third_Party/FreeRTOS/Source/tasks.c.obj
 .debug_line    0x00014d4c      0xbe5 CMakeFiles/SmartBarCOM.dir/Middlewares/Third_Party/FreeRTOS/Source/timers.c.obj
 .debug_line    0x00015931     0x23b6 CMakeFiles/SmartBarCOM.dir/Middlewares/Third_Party/FreeRTOS/Source/CMSIS_RTOS_V2/cmsis_os2.c.obj
 .debug_line    0x00017ce7      0x80d CMakeFiles/SmartBarCOM.dir/Middlewares/Third_Party/FreeRTOS/Source/portable/MemMang/heap_4.c.obj
 .debug_line    0x000184f4      0x7f6 CMakeFiles/SmartBarCOM.dir/Middlewares/Third_Party/FreeRTOS/Source/portable/GCC/ARM_CM4F/port.c.obj
 .debug_line    0x00018cea       0x7a CMakeFiles/SmartBarCOM.dir/startup_stm32f303xe.s.obj
 .debug_line    0x00018d64       0x50 D:/Programs/STMicroelectronics/STM32CubeCLT_1.16.0/GNU-tools-for-STM32/bin/../lib/gcc/arm-none-eabi/12.3.1/../../../../arm-none-eabi/lib/thumb/v7e-m+fp/hard\libg_nano.a(libc_a-strcmp.o)
 .debug_line    0x00018db4       0xf6 D:/Programs/STMicroelectronics/STM32CubeCLT_1.16.0/GNU-tools-for-STM32/bin/../lib/gcc/arm-none-eabi/12.3.1/../../../../arm-none-eabi/lib/thumb/v7e-m+fp/hard\libg_nano.a(libc_a-strcpy.o)
 .debug_line    0x00018eaa      0x202 D:/Programs/STMicroelectronics/STM32CubeCLT_1.16.0/GNU-tools-for-STM32/bin/../lib/gcc/arm-none-eabi/12.3.1/../../../../arm-none-eabi/lib/thumb/v7e-m+fp/hard\libg_nano.a(libc_a-memcpy-stub.o)

.debug_str      0x00000000    0xd38b2
 .debug_str     0x00000000    0xc724f CMakeFiles/SmartBarCOM.dir/Core/Src/main.c.obj
                              0xc7a14 (size before relaxing)
 .debug_str     0x000c724f       0xec CMakeFiles/SmartBarCOM.dir/Core/Src/stm32f3xx_it.c.obj
                              0xc38c9 (size before relaxing)
 .debug_str     0x000c733b      0x428 CMakeFiles/SmartBarCOM.dir/Core/Src/stm32f3xx_hal_msp.c.obj
                              0xc3ad7 (size before relaxing)
 .debug_str     0x000c7763      0x11c CMakeFiles/SmartBarCOM.dir/Core/Src/stm32f3xx_hal_timebase_tim.c.obj
                              0xc3b0f (size before relaxing)
 .debug_str     0x000c787f      0x388 CMakeFiles/SmartBarCOM.dir/Drivers/STM32F3xx_HAL_Driver/Src/stm32f3xx_hal.c.obj
                              0xc394b (size before relaxing)
 .debug_str     0x000c7c07      0x2de CMakeFiles/SmartBarCOM.dir/Drivers/STM32F3xx_HAL_Driver/Src/stm32f3xx_hal_rcc.c.obj
                              0xc3546 (size before relaxing)
 .debug_str     0x000c7ee5       0xe3 CMakeFiles/SmartBarCOM.dir/Drivers/STM32F3xx_HAL_Driver/Src/stm32f3xx_hal_rcc_ex.c.obj
                              0xc3390 (size before relaxing)
 .debug_str     0x000c7fc8      0x1be CMakeFiles/SmartBarCOM.dir/Drivers/STM32F3xx_HAL_Driver/Src/stm32f3xx_hal_gpio.c.obj
                              0xc3287 (size before relaxing)
 .debug_str     0x000c8186      0x263 CMakeFiles/SmartBarCOM.dir/Drivers/STM32F3xx_HAL_Driver/Src/stm32f3xx_hal_dma.c.obj
                              0xc33ea (size before relaxing)
 .debug_str     0x000c83e9      0x3c8 CMakeFiles/SmartBarCOM.dir/Drivers/STM32F3xx_HAL_Driver/Src/stm32f3xx_hal_cortex.c.obj
                              0xc39cf (size before relaxing)
 .debug_str     0x000c87b1      0xe9c CMakeFiles/SmartBarCOM.dir/Drivers/STM32F3xx_HAL_Driver/Src/stm32f3xx_hal_tim.c.obj
                              0xc44d9 (size before relaxing)
 .debug_str     0x000c964d      0x57c CMakeFiles/SmartBarCOM.dir/Drivers/STM32F3xx_HAL_Driver/Src/stm32f3xx_hal_tim_ex.c.obj
                              0xc3d1f (size before relaxing)
 .debug_str     0x000c9bc9      0x838 CMakeFiles/SmartBarCOM.dir/Drivers/STM32F3xx_HAL_Driver/Src/stm32f3xx_hal_uart.c.obj
                              0xc3dc5 (size before relaxing)
 .debug_str     0x000ca401      0x1d3 CMakeFiles/SmartBarCOM.dir/Drivers/STM32F3xx_HAL_Driver/Src/stm32f3xx_hal_uart_ex.c.obj
                              0xc36ca (size before relaxing)